Archive member included to satisfy reference by file (symbol)

/usr/lib/gcc/arm-none-eabi/12.2.1/thumb/v6-m/nofp/libgcc.a(_dvmd_tls.o)
                              CMakeFiles/PicoDrone.dir/home/adrian/pico/pico-sdk/src/rp2_common/pico_divider/divider.S.obj (__aeabi_idiv0)
/usr/lib/gcc/arm-none-eabi/12.2.1/thumb/v6-m/nofp/libgcc.a(unwind-arm.o)
                              CMakeFiles/PicoDrone.dir/PicoDrone.cpp.obj (__aeabi_unwind_cpp_pr0)
/usr/lib/gcc/arm-none-eabi/12.2.1/thumb/v6-m/nofp/libgcc.a(libunwind.o)
                              /usr/lib/gcc/arm-none-eabi/12.2.1/thumb/v6-m/nofp/libgcc.a(unwind-arm.o) (restore_core_regs)
/usr/lib/gcc/arm-none-eabi/12.2.1/thumb/v6-m/nofp/libgcc.a(pr-support.o)
                              /usr/lib/gcc/arm-none-eabi/12.2.1/thumb/v6-m/nofp/libgcc.a(unwind-arm.o) (__gnu_unwind_execute)
/usr/lib/gcc/arm-none-eabi/12.2.1/../../../arm-none-eabi/lib/thumb/v6-m/nofp/libg.a(lib_a-abort.o)
                              /usr/lib/gcc/arm-none-eabi/12.2.1/thumb/v6-m/nofp/libgcc.a(pr-support.o) (abort)
/usr/lib/gcc/arm-none-eabi/12.2.1/../../../arm-none-eabi/lib/thumb/v6-m/nofp/libg.a(lib_a-atexit.o)
                              /usr/lib/gcc/arm-none-eabi/12.2.1/../../../arm-none-eabi/lib/thumb/v6-m/nofp/crt0.o (atexit)
/usr/lib/gcc/arm-none-eabi/12.2.1/../../../arm-none-eabi/lib/thumb/v6-m/nofp/libg.a(lib_a-calloc.o)
                              CMakeFiles/PicoDrone.dir/home/adrian/pico/pico-sdk/src/rp2_common/pico_malloc/pico_malloc.c.obj (calloc)
/usr/lib/gcc/arm-none-eabi/12.2.1/../../../arm-none-eabi/lib/thumb/v6-m/nofp/libg.a(lib_a-callocr.o)
                              /usr/lib/gcc/arm-none-eabi/12.2.1/../../../arm-none-eabi/lib/thumb/v6-m/nofp/libg.a(lib_a-calloc.o) (_calloc_r)
/usr/lib/gcc/arm-none-eabi/12.2.1/../../../arm-none-eabi/lib/thumb/v6-m/nofp/libg.a(lib_a-fini.o)
                              /usr/lib/gcc/arm-none-eabi/12.2.1/../../../arm-none-eabi/lib/thumb/v6-m/nofp/crt0.o (__libc_fini_array)
/usr/lib/gcc/arm-none-eabi/12.2.1/../../../arm-none-eabi/lib/thumb/v6-m/nofp/libg.a(lib_a-impure.o)
                              /usr/lib/gcc/arm-none-eabi/12.2.1/../../../arm-none-eabi/lib/thumb/v6-m/nofp/libg.a(lib_a-calloc.o) (_impure_ptr)
/usr/lib/gcc/arm-none-eabi/12.2.1/../../../arm-none-eabi/lib/thumb/v6-m/nofp/libg.a(lib_a-init.o)
                              /usr/lib/gcc/arm-none-eabi/12.2.1/../../../arm-none-eabi/lib/thumb/v6-m/nofp/crt0.o (__libc_init_array)
/usr/lib/gcc/arm-none-eabi/12.2.1/../../../arm-none-eabi/lib/thumb/v6-m/nofp/libg.a(lib_a-malloc.o)
                              CMakeFiles/PicoDrone.dir/home/adrian/pico/pico-sdk/src/rp2_common/pico_malloc/pico_malloc.c.obj (malloc)
/usr/lib/gcc/arm-none-eabi/12.2.1/../../../arm-none-eabi/lib/thumb/v6-m/nofp/libg.a(lib_a-mallocr.o)
                              /usr/lib/gcc/arm-none-eabi/12.2.1/../../../arm-none-eabi/lib/thumb/v6-m/nofp/libg.a(lib_a-callocr.o) (_malloc_r)
/usr/lib/gcc/arm-none-eabi/12.2.1/../../../arm-none-eabi/lib/thumb/v6-m/nofp/libg.a(lib_a-memcmp.o)
                              CMakeFiles/PicoDrone.dir/home/adrian/pico/pico-sdk/lib/cyw43-driver/src/cyw43_ll.c.obj (memcmp)
/usr/lib/gcc/arm-none-eabi/12.2.1/../../../arm-none-eabi/lib/thumb/v6-m/nofp/libg.a(lib_a-memmove.o)
                              CMakeFiles/PicoDrone.dir/home/adrian/pico/pico-sdk/lib/cyw43-driver/src/cyw43_ll.c.obj (memmove)
/usr/lib/gcc/arm-none-eabi/12.2.1/../../../arm-none-eabi/lib/thumb/v6-m/nofp/libg.a(lib_a-mlock.o)
                              /usr/lib/gcc/arm-none-eabi/12.2.1/../../../arm-none-eabi/lib/thumb/v6-m/nofp/libg.a(lib_a-mallocr.o) (__malloc_lock)
/usr/lib/gcc/arm-none-eabi/12.2.1/../../../arm-none-eabi/lib/thumb/v6-m/nofp/libg.a(lib_a-realloc.o)
                              CMakeFiles/PicoDrone.dir/home/adrian/pico/pico-sdk/src/rp2_common/pico_malloc/pico_malloc.c.obj (realloc)
/usr/lib/gcc/arm-none-eabi/12.2.1/../../../arm-none-eabi/lib/thumb/v6-m/nofp/libg.a(lib_a-reallocr.o)
                              /usr/lib/gcc/arm-none-eabi/12.2.1/../../../arm-none-eabi/lib/thumb/v6-m/nofp/libg.a(lib_a-realloc.o) (_realloc_r)
/usr/lib/gcc/arm-none-eabi/12.2.1/../../../arm-none-eabi/lib/thumb/v6-m/nofp/libg.a(lib_a-sbrkr.o)
                              /usr/lib/gcc/arm-none-eabi/12.2.1/../../../arm-none-eabi/lib/thumb/v6-m/nofp/libg.a(lib_a-mallocr.o) (_sbrk_r)
/usr/lib/gcc/arm-none-eabi/12.2.1/../../../arm-none-eabi/lib/thumb/v6-m/nofp/libg.a(lib_a-signal.o)
                              /usr/lib/gcc/arm-none-eabi/12.2.1/../../../arm-none-eabi/lib/thumb/v6-m/nofp/libg.a(lib_a-abort.o) (raise)
/usr/lib/gcc/arm-none-eabi/12.2.1/../../../arm-none-eabi/lib/thumb/v6-m/nofp/libg.a(lib_a-signalr.o)
                              /usr/lib/gcc/arm-none-eabi/12.2.1/../../../arm-none-eabi/lib/thumb/v6-m/nofp/libg.a(lib_a-signal.o) (_kill_r)
/usr/lib/gcc/arm-none-eabi/12.2.1/../../../arm-none-eabi/lib/thumb/v6-m/nofp/libg.a(lib_a-strlen-stub.o)
[...]
Memory Configuration

Name             Origin             Length             Attributes
FLASH            0x10000000         0x00200000         xr
RAM              0x20000000         0x00040000         xrw
SCRATCH_X        0x20040000         0x00001000         xrw
SCRATCH_Y        0x20041000         0x00001000         xrw
*default*        0x00000000         0xffffffff

Linker script and memory map

LOAD /usr/lib/gcc/arm-none-eabi/12.2.1/thumb/v6-m/nofp/crti.o
LOAD /usr/lib/gcc/arm-none-eabi/12.2.1/thumb/v6-m/nofp/crtbegin.o
LOAD /usr/lib/gcc/arm-none-eabi/12.2.1/../../../arm-none-eabi/lib/thumb/v6-m/nofp/crt0.o

.flash_begin    0x10000000        0x0
                0x10000000                        __flash_binary_start = .

.boot2          0x10000000      0x100
                0x10000000                        __boot2_start__ = .
 *(.boot2)
 .boot2         0x10000000      0x100 /tmp/cc2nTJdo.o
                0x10000100                        __boot2_end__ = .
                0x00000001                        ASSERT (((__boot2_end__ - __boot2_start__) == 0x100), ERROR: Pico second stage bootloader must be 256 bytes in size)

.text           0x10000100     0x6648
                0x10000100                        __logical_binary_start = .
 *(.vectors)
 .vectors       0x10000100       0xd4 CMakeFiles/PicoDrone.dir/home/adrian/pico/pico-sdk/src/rp2_common/pico_standard_link/crt0.S.obj
                0x10000100                __vectors
                0x10000100                __VECTOR_TABLE
                0x100001c0                isr_invalid
                0x100001c0                __default_isrs_start
                0x100001c2                isr_nmi
                0x100001c4                isr_hardfault
                0x100001c6                isr_svcall
                0x100001c8                isr_pendsv
                0x100001ca                isr_systick
                0x100001cc                isr_irq30
                0x100001cc                __unhandled_user_irq
                0x100001cc                isr_irq13
                0x100001cc                isr_irq27
                0x100001cc                isr_irq31
                0x100001cc                isr_irq5
                0x100001cc                isr_irq11
                0x100001cc                isr_irq23
                0x100001cc                isr_irq18
                0x100001cc                isr_irq28
                0x100001cc                isr_irq19
                0x100001cc                isr_irq0
                0x100001cc                isr_irq6
                0x100001cc                isr_irq22
                0x100001cc                isr_irq17
                0x100001cc                isr_irq14
                0x100001cc                isr_irq2
                0x100001cc                isr_irq10
                0x100001cc                isr_irq8
                0x100001cc                isr_irq24
                0x100001cc                isr_irq1
                0x100001cc                isr_irq7
                0x100001cc                isr_irq21
                0x100001cc                isr_irq20
                0x100001cc                isr_irq15
                0x100001cc                isr_irq25
                0x100001cc                isr_irq4
                0x100001cc                isr_irq16
                0x100001cc                isr_irq29
                0x100001cc                isr_irq26
                0x100001cc                __default_isrs_end
                0x100001cc                isr_irq3
                0x100001cc                isr_irq12
                0x100001cc                isr_irq9
                0x100001d2                unhandled_user_irq_num_in_r0
 *(.binary_info_header)
 .binary_info_header
                0x100001d4       0x14 CMakeFiles/PicoDrone.dir/home/adrian/pico/pico-sdk/src/rp2_common/pico_standard_link/crt0.S.obj
                0x100001e8                        __binary_info_header_end = .
 *(.reset)
 .reset         0x100001e8       0xa0 CMakeFiles/PicoDrone.dir/home/adrian/pico/pico-sdk/src/rp2_common/pico_standard_link/crt0.S.obj
                0x100001e8                _entry_point
 .reset         0x10000288       0x30 CMakeFiles/PicoDrone.dir/home/adrian/pico/pico-sdk/src/rp2_common/pico_standard_link/binary_info.c.obj
 *(.init)
 .init          0x100002b8        0x4 /usr/lib/gcc/arm-none-eabi/12.2.1/thumb/v6-m/nofp/crti.o
                0x100002b8                _init
 *(EXCLUDE_FILE(*libm.a: *libc.a:*lib_a-mem*.o *libgcc.a:) .text*)
 .text          0x100002bc       0x98 /usr/lib/gcc/arm-none-eabi/12.2.1/thumb/v6-m/nofp/crtbegin.o
 .text.pwm_set_chan_level
                0x10000354       0x40 CMakeFiles/PicoDrone.dir/PicoDrone.cpp.obj
 .text.main     0x10000394       0xa4 CMakeFiles/PicoDrone.dir/PicoDrone.cpp.obj
                0x10000394                main
 .text.gpio_set_function
                0x10000438       0x30 CMakeFiles/PicoDrone.dir/home/adrian/pico/pico-sdk/src/rp2_common/hardware_gpio/gpio.c.obj
                0x10000438                gpio_set_function
 .text.gpio_init
                0x10000468       0x16 CMakeFiles/PicoDrone.dir/home/adrian/pico/pico-sdk/src/rp2_common/hardware_gpio/gpio.c.obj
                0x10000468                gpio_init
 *fill*         0x1000047e        0x2 
 .text.running_on_fpga
                0x10000480       0x14 CMakeFiles/PicoDrone.dir/home/adrian/pico/pico-sdk/src/rp2_common/pico_platform/platform.c.obj
                0x10000480                running_on_fpga
 .text.hw_claim_lock
                0x10000494       0x18 CMakeFiles/PicoDrone.dir/home/adrian/pico/pico-sdk/src/rp2_common/hardware_claim/claim.c.obj
                0x10000494                hw_claim_lock
 .text.hw_claim_unlock
                0x100004ac       0x14 CMakeFiles/PicoDrone.dir/home/adrian/pico/pico-sdk/src/rp2_common/hardware_claim/claim.c.obj
                0x100004ac                hw_claim_unlock
 .text.hw_claim_or_assert
                0x100004c0       0x32 CMakeFiles/PicoDrone.dir/home/adrian/pico/pico-sdk/src/rp2_common/hardware_claim/claim.c.obj
                0x100004c0                hw_claim_or_assert
 .text.hw_claim_unused_from_range
                0x100004f2       0x50 CMakeFiles/PicoDrone.dir/home/adrian/pico/pico-sdk/src/rp2_common/hardware_claim/claim.c.obj
                0x100004f2                hw_claim_unused_from_range
 *fill*         0x10000542        0x2 
 .text.spin_locks_reset
                0x10000544       0x20 CMakeFiles/PicoDrone.dir/home/adrian/pico/pico-sdk/src/rp2_common/hardware_sync/sync.c.obj
                0x10000544                spin_locks_reset
 .text.next_striped_spin_lock_num
                0x10000564       0x1c CMakeFiles/PicoDrone.dir/home/adrian/pico/pico-sdk/src/rp2_common/hardware_sync/sync.c.obj
                0x10000564                next_striped_spin_lock_num
 .text.spin_lock_claim_unused
                0x10000580       0x24 CMakeFiles/PicoDrone.dir/home/adrian/pico/pico-sdk/src/rp2_common/hardware_sync/sync.c.obj
                0x10000580                spin_lock_claim_unused
 .text.set_raw_irq_handler_and_unlock
                0x100005a4       0x28 CMakeFiles/PicoDrone.dir/home/adrian/pico/pico-sdk/src/rp2_common/hardware_irq/irq.c.obj
 .text.resolve_branch
                0x100005cc       0x30 CMakeFiles/PicoDrone.dir/home/adrian/pico/pico-sdk/src/rp2_common/hardware_irq/irq.c.obj
 .text.make_branch
                0x100005fc       0x48 CMakeFiles/PicoDrone.dir/home/adrian/pico/pico-sdk/src/rp2_common/hardware_irq/irq.c.obj
 .text.insert_branch_and_link
                0x10000644       0x40 CMakeFiles/PicoDrone.dir/home/adrian/pico/pico-sdk/src/rp2_common/hardware_irq/irq.c.obj
 .text.irq_is_enabled
                0x10000684       0x18 CMakeFiles/PicoDrone.dir/home/adrian/pico/pico-sdk/src/rp2_common/hardware_irq/irq.c.obj
                0x10000684                irq_is_enabled
 .text.irq_set_mask_enabled
                0x1000069c       0x20 CMakeFiles/PicoDrone.dir/home/adrian/pico/pico-sdk/src/rp2_common/hardware_irq/irq.c.obj
                0x1000069c                irq_set_mask_enabled
 .text.irq_set_enabled
                0x100006bc        0xe CMakeFiles/PicoDrone.dir/home/adrian/pico/pico-sdk/src/rp2_common/hardware_irq/irq.c.obj
                0x100006bc                irq_set_enabled
 *fill*         0x100006ca        0x2 
 .text.irq_set_pending
                0x100006cc       0x10 CMakeFiles/PicoDrone.dir/home/adrian/pico/pico-sdk/src/rp2_common/hardware_irq/irq.c.obj
                0x100006cc                irq_set_pending
 .text.irq_get_vtable_handler
                0x100006dc       0x10 CMakeFiles/PicoDrone.dir/home/adrian/pico/pico-sdk/src/rp2_common/hardware_irq/irq.c.obj
                0x100006dc                irq_get_vtable_handler
 .text.irq_has_shared_handler
                0x100006ec       0x24 CMakeFiles/PicoDrone.dir/home/adrian/pico/pico-sdk/src/rp2_common/hardware_irq/irq.c.obj
                0x100006ec                irq_has_shared_handler
 .text.irq_set_exclusive_handler
                0x10000710       0x54 CMakeFiles/PicoDrone.dir/home/adrian/pico/pico-sdk/src/rp2_common/hardware_irq/irq.c.obj
                0x10000710                irq_set_exclusive_handler
 .text.irq_add_shared_handler
                0x10000764      0x210 CMakeFiles/PicoDrone.dir/home/adrian/pico/pico-sdk/src/rp2_common/hardware_irq/irq.c.obj
                0x10000764                irq_add_shared_handler
 .text.irq_remove_handler
                0x10000974      0x188 CMakeFiles/PicoDrone.dir/home/adrian/pico/pico-sdk/src/rp2_common/hardware_irq/irq.c.obj
                0x10000974                irq_remove_handler
 .text.irq_add_tail_to_free_list
                0x10000afc       0xf0 CMakeFiles/PicoDrone.dir/home/adrian/pico/pico-sdk/src/rp2_common/hardware_irq/irq.c.obj
                0x10000afc                irq_add_tail_to_free_list
 .text.irq_init_priorities
                0x10000bec       0x1c CMakeFiles/PicoDrone.dir/home/adrian/pico/pico-sdk/src/rp2_common/hardware_irq/irq.c.obj
                0x10000bec                irq_init_priorities
 .text.user_irq_claim_unused
                0x10000c08       0x2c CMakeFiles/PicoDrone.dir/home/adrian/pico/pico-sdk/src/rp2_common/hardware_irq/irq.c.obj
                0x10000c08                user_irq_claim_unused
 .text.lock_init
                0x10000c34       0x10 CMakeFiles/PicoDrone.dir/home/adrian/pico/pico-sdk/src/common/pico_sync/lock_core.c.obj
                0x10000c34                lock_init
 .text.update_us_since_boot
                0x10000c44       0x24 CMakeFiles/PicoDrone.dir/home/adrian/pico/pico-sdk/src/common/pico_sync/mutex.c.obj
 .text.delayed_by_ms
                0x10000c68       0x44 CMakeFiles/PicoDrone.dir/home/adrian/pico/pico-sdk/src/common/pico_sync/mutex.c.obj
 .text.get_absolute_time
                0x10000cac       0x22 CMakeFiles/PicoDrone.dir/home/adrian/pico/pico-sdk/src/common/pico_sync/mutex.c.obj
 .text.make_timeout_time_ms
                0x10000cce       0x20 CMakeFiles/PicoDrone.dir/home/adrian/pico/pico-sdk/src/common/pico_sync/mutex.c.obj
 .text.mutex_init
                0x10000cee       0x1a CMakeFiles/PicoDrone.dir/home/adrian/pico/pico-sdk/src/common/pico_sync/mutex.c.obj
                0x10000cee                mutex_init
 .text.recursive_mutex_init
                0x10000d08       0x1e CMakeFiles/PicoDrone.dir/home/adrian/pico/pico-sdk/src/common/pico_sync/mutex.c.obj
                0x10000d08                recursive_mutex_init
 *fill*         0x10000d26        0x2 
 .text.critical_section_init_with_lock_num
                0x10000d28       0x14 CMakeFiles/PicoDrone.dir/home/adrian/pico/pico-sdk/src/common/pico_sync/critical_section.c.obj
                0x10000d28                critical_section_init_with_lock_num
 .text.critical_section_init
                0x10000d3c       0x14 CMakeFiles/PicoDrone.dir/home/adrian/pico/pico-sdk/src/common/pico_sync/critical_section.c.obj
                0x10000d3c                critical_section_init
 .text.time_reached
                0x10000d50       0x28 CMakeFiles/PicoDrone.dir/home/adrian/pico/pico-sdk/src/common/pico_time/time.c.obj
 .text.get_entry
                0x10000d78       0x38 CMakeFiles/PicoDrone.dir/home/adrian/pico/pico-sdk/src/common/pico_time/time.c.obj
 .text.timer_pool_entry_comparator
                0x10000db0       0x2e CMakeFiles/PicoDrone.dir/home/adrian/pico/pico-sdk/src/common/pico_time/time.c.obj
                0x10000db0                timer_pool_entry_comparator
 *fill*         0x10000dde        0x2 
 .text.update_us_since_boot
                0x10000de0       0x24 CMakeFiles/PicoDrone.dir/home/adrian/pico/pico-sdk/src/common/pico_time/time.c.obj
 .text.delayed_by_us
                0x10000e04       0x34 CMakeFiles/PicoDrone.dir/home/adrian/pico/pico-sdk/src/common/pico_time/time.c.obj
 .text.ph_get_node
                0x10000e38       0x30 CMakeFiles/PicoDrone.dir/home/adrian/pico/pico-sdk/src/common/pico_time/time.c.obj
 .text.ph_contains_node
                0x10000e68       0x1e CMakeFiles/PicoDrone.dir/home/adrian/pico/pico-sdk/src/common/pico_time/time.c.obj
 .text.ph_new_node
                0x10000e86       0x28 CMakeFiles/PicoDrone.dir/home/adrian/pico/pico-sdk/src/common/pico_time/time.c.obj
 *fill*         0x10000eae        0x2 
 .text.ph_add_child_node
                0x10000eb0       0x6c CMakeFiles/PicoDrone.dir/home/adrian/pico/pico-sdk/src/common/pico_time/time.c.obj
 .text.ph_merge_nodes
                0x10000f1c       0x3e CMakeFiles/PicoDrone.dir/home/adrian/pico/pico-sdk/src/common/pico_time/time.c.obj
 *fill*         0x10000f5a        0x2 
 .text.ph_insert_node
                0x10000f5c       0x3c CMakeFiles/PicoDrone.dir/home/adrian/pico/pico-sdk/src/common/pico_time/time.c.obj
 .text.ph_free_node
                0x10000f98       0x5c CMakeFiles/PicoDrone.dir/home/adrian/pico/pico-sdk/src/common/pico_time/time.c.obj
 .text.get_entry_id_high
                0x10000ff4       0x30 CMakeFiles/PicoDrone.dir/home/adrian/pico/pico-sdk/src/common/pico_time/time.c.obj
 .text.alarm_pool_post_alloc_init
                0x10001024       0x40 CMakeFiles/PicoDrone.dir/home/adrian/pico/pico-sdk/src/common/pico_time/time.c.obj
 .text.sleep_until_callback
                0x10001064       0x30 CMakeFiles/PicoDrone.dir/home/adrian/pico/pico-sdk/src/common/pico_time/time.c.obj
 .text.get_absolute_time
                0x10001094       0x22 CMakeFiles/PicoDrone.dir/home/adrian/pico/pico-sdk/src/common/pico_time/time.c.obj
 .text.make_timeout_time_us
                0x100010b6       0x24 CMakeFiles/PicoDrone.dir/home/adrian/pico/pico-sdk/src/common/pico_time/time.c.obj
 *fill*         0x100010da        0x2 
 .text.add_alarm_under_lock
                0x100010dc       0x94 CMakeFiles/PicoDrone.dir/home/adrian/pico/pico-sdk/src/common/pico_time/time.c.obj
 .text.alarm_pool_alarm_callback
                0x10001170      0x210 CMakeFiles/PicoDrone.dir/home/adrian/pico/pico-sdk/src/common/pico_time/time.c.obj
 .text.alarm_pool_init_default
                0x10001380       0x40 CMakeFiles/PicoDrone.dir/home/adrian/pico/pico-sdk/src/common/pico_time/time.c.obj
                0x10001380                alarm_pool_init_default
 .text.alarm_pool_get_default
                0x100013c0       0x2c CMakeFiles/PicoDrone.dir/home/adrian/pico/pico-sdk/src/common/pico_time/time.c.obj
                0x100013c0                alarm_pool_get_default
 .text.alarm_pool_add_alarm_at
                0x100013ec      0x10e CMakeFiles/PicoDrone.dir/home/adrian/pico/pico-sdk/src/common/pico_time/time.c.obj
                0x100013ec                alarm_pool_add_alarm_at
 .text.add_alarm_at
                0x100014fa       0x2e CMakeFiles/PicoDrone.dir/home/adrian/pico/pico-sdk/src/common/pico_time/time.c.obj
 .text.alarm_pool_cancel_alarm
                0x10001528       0xa8 CMakeFiles/PicoDrone.dir/home/adrian/pico/pico-sdk/src/common/pico_time/time.c.obj
                0x10001528                alarm_pool_cancel_alarm
 .text.cancel_alarm
                0x100015d0       0x10 CMakeFiles/PicoDrone.dir/home/adrian/pico/pico-sdk/src/common/pico_time/time.c.obj
 .text.alarm_pool_core_num
                0x100015e0        0x4 CMakeFiles/PicoDrone.dir/home/adrian/pico/pico-sdk/src/common/pico_time/time.c.obj
                0x100015e0                alarm_pool_core_num
 .text.sleep_until
                0x100015e4       0xb0 CMakeFiles/PicoDrone.dir/home/adrian/pico/pico-sdk/src/common/pico_time/time.c.obj
                0x100015e4                sleep_until
 .text.sleep_us
                0x10001694       0x1a CMakeFiles/PicoDrone.dir/home/adrian/pico/pico-sdk/src/common/pico_time/time.c.obj
                0x10001694                sleep_us
 .text.sleep_ms
                0x100016ae       0x14 CMakeFiles/PicoDrone.dir/home/adrian/pico/pico-sdk/src/common/pico_time/time.c.obj
                0x100016ae                sleep_ms
 *fill*         0x100016c2        0x2 
 .text.best_effort_wfe_or_timeout
                0x100016c4       0x44 CMakeFiles/PicoDrone.dir/home/adrian/pico/pico-sdk/src/common/pico_time/time.c.obj
                0x100016c4                best_effort_wfe_or_timeout
 .text.hardware_alarm_irq_handler
                0x10001708       0x8c CMakeFiles/PicoDrone.dir/home/adrian/pico/pico-sdk/src/rp2_common/hardware_timer/timer.c.obj
 .text.hardware_alarm_claim
                0x10001794       0x18 CMakeFiles/PicoDrone.dir/home/adrian/pico/pico-sdk/src/rp2_common/hardware_timer/timer.c.obj
                0x10001794                hardware_alarm_claim
 .text.time_us_64
                0x100017ac       0x18 CMakeFiles/PicoDrone.dir/home/adrian/pico/pico-sdk/src/rp2_common/hardware_timer/timer.c.obj
                0x100017ac                time_us_64
 .text.busy_wait_until
                0x100017c4       0x28 CMakeFiles/PicoDrone.dir/home/adrian/pico/pico-sdk/src/rp2_common/hardware_timer/timer.c.obj
                0x100017c4                busy_wait_until
 .text.hardware_alarm_set_callback
                0x100017ec       0x90 CMakeFiles/PicoDrone.dir/home/adrian/pico/pico-sdk/src/rp2_common/hardware_timer/timer.c.obj
                0x100017ec                hardware_alarm_set_callback
 .text.hardware_alarm_set_target
                0x1000187c       0xe8 CMakeFiles/PicoDrone.dir/home/adrian/pico/pico-sdk/src/rp2_common/hardware_timer/timer.c.obj
                0x1000187c                hardware_alarm_set_target
 .text.hardware_alarm_cancel
                0x10001964       0x40 CMakeFiles/PicoDrone.dir/home/adrian/pico/pico-sdk/src/rp2_common/hardware_timer/timer.c.obj
                0x10001964                hardware_alarm_cancel
 .text.ph_get_node
                0x100019a4       0x30 CMakeFiles/PicoDrone.dir/home/adrian/pico/pico-sdk/src/common/pico_util/pheap.c.obj
 .text.ph_add_child_node
                0x100019d4       0x6c CMakeFiles/PicoDrone.dir/home/adrian/pico/pico-sdk/src/common/pico_util/pheap.c.obj
 .text.ph_merge_nodes
                0x10001a40       0x3e CMakeFiles/PicoDrone.dir/home/adrian/pico/pico-sdk/src/common/pico_util/pheap.c.obj
 .text.ph_clear
                0x10001a7e       0x34 CMakeFiles/PicoDrone.dir/home/adrian/pico/pico-sdk/src/common/pico_util/pheap.c.obj
                0x10001a7e                ph_clear
 .text.ph_post_alloc_init
                0x10001ab2        0xe CMakeFiles/PicoDrone.dir/home/adrian/pico/pico-sdk/src/common/pico_util/pheap.c.obj
                0x10001ab2                ph_post_alloc_init
 .text.ph_merge_two_pass
                0x10001ac0       0x5c CMakeFiles/PicoDrone.dir/home/adrian/pico/pico-sdk/src/common/pico_util/pheap.c.obj
                0x10001ac0                ph_merge_two_pass
 .text.ph_remove_any_head
                0x10001b1c       0xc0 CMakeFiles/PicoDrone.dir/home/adrian/pico/pico-sdk/src/common/pico_util/pheap.c.obj
 .text.ph_remove_head
                0x10001bdc       0x14 CMakeFiles/PicoDrone.dir/home/adrian/pico/pico-sdk/src/common/pico_util/pheap.c.obj
                0x10001bdc                ph_remove_head
 .text.ph_remove_and_free_node
                0x10001bf0       0xa0 CMakeFiles/PicoDrone.dir/home/adrian/pico/pico-sdk/src/common/pico_util/pheap.c.obj
                0x10001bf0                ph_remove_and_free_node
 .text.clock_configure
                0x10001c90      0x108 CMakeFiles/PicoDrone.dir/home/adrian/pico/pico-sdk/src/rp2_common/hardware_clocks/clocks.c.obj
                0x10001c90                clock_configure
 .text.clocks_init
                0x10001d98      0x100 CMakeFiles/PicoDrone.dir/home/adrian/pico/pico-sdk/src/rp2_common/hardware_clocks/clocks.c.obj
                0x10001d98                clocks_init
 .text.pll_init
                0x10001e98      0x120 CMakeFiles/PicoDrone.dir/home/adrian/pico/pico-sdk/src/rp2_common/hardware_pll/pll.c.obj
                0x10001e98                pll_init
 .text.watchdog_start_tick
                0x10001fb8       0x10 CMakeFiles/PicoDrone.dir/home/adrian/pico/pico-sdk/src/rp2_common/hardware_watchdog/watchdog.c.obj
                0x10001fb8                watchdog_start_tick
 .text.watchdog_update
                0x10001fc8       0x14 CMakeFiles/PicoDrone.dir/home/adrian/pico/pico-sdk/src/rp2_common/hardware_watchdog/watchdog.c.obj
                0x10001fc8                watchdog_update
 .text._watchdog_enable
                0x10001fdc       0x78 CMakeFiles/PicoDrone.dir/home/adrian/pico/pico-sdk/src/rp2_common/hardware_watchdog/watchdog.c.obj
                0x10001fdc                _watchdog_enable
 .text.watchdog_reboot
                0x10002054       0x48 CMakeFiles/PicoDrone.dir/home/adrian/pico/pico-sdk/src/rp2_common/hardware_watchdog/watchdog.c.obj
                0x10002054                watchdog_reboot
 .text.xosc_init
                0x1000209c       0x28 CMakeFiles/PicoDrone.dir/home/adrian/pico/pico-sdk/src/rp2_common/hardware_xosc/xosc.c.obj
                0x1000209c                xosc_init
 .text._exit    0x100020c4        0x4 CMakeFiles/PicoDrone.dir/home/adrian/pico/pico-sdk/src/rp2_common/pico_runtime/runtime.c.obj
                0x100020c4                _exit
 .text.exit     0x100020c8        0x6 CMakeFiles/PicoDrone.dir/home/adrian/pico/pico-sdk/src/rp2_common/pico_runtime/runtime.c.obj
                0x100020c8                exit
 *fill*         0x100020ce        0x2 
 .text.__assert_func
                0x100020d0       0x38 CMakeFiles/PicoDrone.dir/home/adrian/pico/pico-sdk/src/rp2_common/pico_runtime/runtime.c.obj
                0x100020d0                __assert_func
 .text.runtime_init
                0x10002108       0xf8 CMakeFiles/PicoDrone.dir/home/adrian/pico/pico-sdk/src/rp2_common/pico_runtime/runtime.c.obj
                0x10002108                runtime_init
 .text.panic    0x10002200       0x30 CMakeFiles/PicoDrone.dir/home/adrian/pico/pico-sdk/src/rp2_common/pico_runtime/runtime.c.obj
                0x10002200                panic
 .text._out_null
                0x10002230        0x2 CMakeFiles/PicoDrone.dir/home/adrian/pico/pico-sdk/src/rp2_common/pico_printf/printf.c.obj
 .text._out_fct
                0x10002232        0xe CMakeFiles/PicoDrone.dir/home/adrian/pico/pico-sdk/src/rp2_common/pico_printf/printf.c.obj
 .text._atoi    0x10002240       0x24 CMakeFiles/PicoDrone.dir/home/adrian/pico/pico-sdk/src/rp2_common/pico_printf/printf.c.obj
 .text._out_rev
                0x10002264       0xae CMakeFiles/PicoDrone.dir/home/adrian/pico/pico-sdk/src/rp2_common/pico_printf/printf.c.obj
 .text._ntoa_format
                0x10002312      0x110 CMakeFiles/PicoDrone.dir/home/adrian/pico/pico-sdk/src/rp2_common/pico_printf/printf.c.obj
 .text._ntoa_long
                0x10002422       0xbc CMakeFiles/PicoDrone.dir/home/adrian/pico/pico-sdk/src/rp2_common/pico_printf/printf.c.obj
 .text._ntoa_long_long
                0x100024de      0x10e CMakeFiles/PicoDrone.dir/home/adrian/pico/pico-sdk/src/rp2_common/pico_printf/printf.c.obj
 .text._etoa    0x100025ec      0x420 CMakeFiles/PicoDrone.dir/home/adrian/pico/pico-sdk/src/rp2_common/pico_printf/printf.c.obj
 .text._ftoa    0x10002a0c      0x354 CMakeFiles/PicoDrone.dir/home/adrian/pico/pico-sdk/src/rp2_common/pico_printf/printf.c.obj
 .text._vsnprintf
                0x10002d60      0x65c CMakeFiles/PicoDrone.dir/home/adrian/pico/pico-sdk/src/rp2_common/pico_printf/printf.c.obj
 .text.vfctprintf
                0x100033bc       0x20 CMakeFiles/PicoDrone.dir/home/adrian/pico/pico-sdk/src/rp2_common/pico_printf/printf.c.obj
                0x100033bc                vfctprintf
 .text          0x100033dc       0x10 CMakeFiles/PicoDrone.dir/home/adrian/pico/pico-sdk/src/rp2_common/pico_bit_ops/bit_ops_aeabi.S.obj
 .text.rom_func_lookup
                0x100033ec       0x10 CMakeFiles/PicoDrone.dir/home/adrian/pico/pico-sdk/src/rp2_common/pico_bootrom/bootrom.c.obj
                0x100033ec                rom_func_lookup
 .text.rom_data_lookup
                0x100033fc       0x10 CMakeFiles/PicoDrone.dir/home/adrian/pico/pico-sdk/src/rp2_common/pico_bootrom/bootrom.c.obj
                0x100033fc                rom_data_lookup
 .text.rom_funcs_lookup
                0x1000340c       0x36 CMakeFiles/PicoDrone.dir/home/adrian/pico/pico-sdk/src/rp2_common/pico_bootrom/bootrom.c.obj
                0x1000340c                rom_funcs_lookup
 *fill*         0x10003442        0x2 
 .text.__wrap___aeabi_idiv
                0x10003444       0x50 CMakeFiles/PicoDrone.dir/home/adrian/pico/pico-sdk/src/rp2_common/pico_divider/divider.S.obj
                0x10003444                __wrap___aeabi_idivmod
                0x10003444                divmod_s32s32
                0x10003444                div_s32s32
                0x10003444                __wrap___aeabi_idiv
                0x1000344c                divmod_s32s32_unsafe
                0x10003478                divmod_s32s32_savestate
 .text.__wrap___aeabi_uidiv
                0x10003494       0x4c CMakeFiles/PicoDrone.dir/home/adrian/pico/pico-sdk/src/rp2_common/pico_divider/divider.S.obj
                0x10003494                __wrap___aeabi_uidiv
                0x10003494                __wrap___aeabi_uidivmod
                0x10003494                div_u32u32
                0x10003494                divmod_u32u32
                0x1000349c                divmod_u32u32_unsafe
                0x100034c4                divmod_u32u32_savestate
 .text.__wrap___aeabi_ldiv
                0x100034e0      0x424 CMakeFiles/PicoDrone.dir/home/adrian/pico/pico-sdk/src/rp2_common/pico_divider/divider.S.obj
                0x100034e0                div_s64s64
                0x100034e0                divmod_s64s64
                0x100034e0                __wrap___aeabi_ldivmod
                0x10003510                div_u64u64
                0x10003510                divmod_u64u64
                0x10003510                __wrap___aeabi_uldivmod
                0x10003520                divmod_u64u64_savestate
                0x10003540                divmod_s64s64_unsafe
                0x100035c8                divmod_u64u64_unsafe
 .text.__wrap___aeabi_darithmetic
                0x10003904       0x60 CMakeFiles/PicoDrone.dir/home/adrian/pico/pico-sdk/src/rp2_common/pico_double/double_aeabi.S.obj
                0x10003904                __wrap___aeabi_drsub
                0x1000390a                __wrap___aeabi_dsub
                0x10003914                __wrap___aeabi_dadd
                0x1000391e                __wrap___aeabi_ddiv
                0x10003952                __wrap___aeabi_dmul
 .text.__wrap___aeabi_cdcmple
                0x10003964       0x6c CMakeFiles/PicoDrone.dir/home/adrian/pico/pico-sdk/src/rp2_common/pico_double/double_aeabi.S.obj
                0x10003964                __wrap___aeabi_cdrcmple
                0x10003974                __wrap___aeabi_cdcmple
                0x10003974                __wrap___aeabi_cdcmpeq
 .text.__wrap___aeabi_dcmplt
                0x100039d0        0xc CMakeFiles/PicoDrone.dir/home/adrian/pico/pico-sdk/src/rp2_common/pico_double/double_aeabi.S.obj
                0x100039d0                __wrap___aeabi_dcmplt
 .text.__wrap___aeabi_dcmple
                0x100039dc       0x10 CMakeFiles/PicoDrone.dir/home/adrian/pico/pico-sdk/src/rp2_common/pico_double/double_aeabi.S.obj
                0x100039dc                __wrap___aeabi_dcmple
 .text.__wrap___aeabi_dcmpge
                0x100039ec       0x10 CMakeFiles/PicoDrone.dir/home/adrian/pico/pico-sdk/src/rp2_common/pico_double/double_aeabi.S.obj
                0x100039ec                __wrap___aeabi_dcmpge
 .text.__wrap___aeabi_dcmpgt
                0x100039fc        0xa CMakeFiles/PicoDrone.dir/home/adrian/pico/pico-sdk/src/rp2_common/pico_double/double_aeabi.S.obj
                0x100039fc                __wrap___aeabi_dcmpgt
 .text.__wrap___aeabi_dcmpun
                0x10003a06       0x1c CMakeFiles/PicoDrone.dir/home/adrian/pico/pico-sdk/src/rp2_common/pico_double/double_aeabi.S.obj
                0x10003a06                __wrap___aeabi_dcmpun
 *fill*         0x10003a22        0x2 
 .text.__wrap___aeabi_i2d
                0x10003a24       0x38 CMakeFiles/PicoDrone.dir/home/adrian/pico/pico-sdk/src/rp2_common/pico_double/double_aeabi.S.obj
                0x10003a24                __wrap___aeabi_ui2d
                0x10003a2c                __wrap___aeabi_i2d
 .text.__wrap___aeabi_d2iz
                0x10003a5c       0x48 CMakeFiles/PicoDrone.dir/home/adrian/pico/pico-sdk/src/rp2_common/pico_double/double_aeabi.S.obj
                0x10003a5c                __wrap___aeabi_d2iz
                0x10003a5c                double2int_z
 .text.__wrap___aeabi_d2uiz
                0x10003aa4       0x10 CMakeFiles/PicoDrone.dir/home/adrian/pico/pico-sdk/src/rp2_common/pico_double/double_aeabi.S.obj
                0x10003aa4                double2uint
                0x10003aa4                __wrap___aeabi_d2uiz
 .text.missing_double_func_shim
                0x10003ab4        0xc CMakeFiles/PicoDrone.dir/home/adrian/pico/pico-sdk/src/rp2_common/pico_double/double_init_rom.c.obj
 .text.__aeabi_double_init
                0x10003ac0       0xd0 CMakeFiles/PicoDrone.dir/home/adrian/pico/pico-sdk/src/rp2_common/pico_double/double_init_rom.c.obj
                0x10003ac0                __aeabi_double_init
 .text.double_table_shim_on_use_helper
                0x10003b90       0x34 CMakeFiles/PicoDrone.dir/home/adrian/pico/pico-sdk/src/rp2_common/pico_double/double_v1_rom_shim.S.obj
                0x10003b90                double_table_shim_on_use_helper
 .text.__aeabi_lmul
                0x10003bc4       0x32 CMakeFiles/PicoDrone.dir/home/adrian/pico/pico-sdk/src/rp2_common/pico_int64_ops/pico_int64_ops_aeabi.S.obj
                0x10003bc4                __wrap___aeabi_lmul
 *fill*         0x10003bf6        0x2 
 .text.missing_float_func_shim
                0x10003bf8        0xc CMakeFiles/PicoDrone.dir/home/adrian/pico/pico-sdk/src/rp2_common/pico_float/float_init_rom.c.obj
 .text.__aeabi_float_init
                0x10003c04       0x88 CMakeFiles/PicoDrone.dir/home/adrian/pico/pico-sdk/src/rp2_common/pico_float/float_init_rom.c.obj
                0x10003c04                __aeabi_float_init
 .text          0x10003c8c       0x10 CMakeFiles/PicoDrone.dir/home/adrian/pico/pico-sdk/src/rp2_common/pico_mem_ops/mem_ops_aeabi.S.obj
                0x10003c8c                __aeabi_mem_init
 .text.memset   0x10003c9c        0xc CMakeFiles/PicoDrone.dir/home/adrian/pico/pico-sdk/src/rp2_common/pico_mem_ops/mem_ops_aeabi.S.obj
                0x10003c9c                __wrap_memset
 .text.memcpy   0x10003ca8        0xc CMakeFiles/PicoDrone.dir/home/adrian/pico/pico-sdk/src/rp2_common/pico_mem_ops/mem_ops_aeabi.S.obj
                0x10003ca8                __wrap___aeabi_memcpy
                0x10003ca8                __wrap_memcpy
 .text.stdio_out_chars_no_crlf
                0x10003cb4        0xe CMakeFiles/PicoDrone.dir/home/adrian/pico/pico-sdk/src/rp2_common/pico_stdio/stdio.c.obj
 *fill*         0x10003cc2        0x2 
 .text.stdio_out_chars_crlf
                0x10003cc4       0x80 CMakeFiles/PicoDrone.dir/home/adrian/pico/pico-sdk/src/rp2_common/pico_stdio/stdio.c.obj
 .text.stdio_stack_buffer_flush
                0x10003d44       0x44 CMakeFiles/PicoDrone.dir/home/adrian/pico/pico-sdk/src/rp2_common/pico_stdio/stdio.c.obj
 .text.stdio_buffered_printer
                0x10003d88       0x20 CMakeFiles/PicoDrone.dir/home/adrian/pico/pico-sdk/src/rp2_common/pico_stdio/stdio.c.obj
 .text.update_us_since_boot
                0x10003da8       0x24 CMakeFiles/PicoDrone.dir/home/adrian/pico/pico-sdk/src/rp2_common/pico_stdio/stdio.c.obj
 .text.get_absolute_time
                0x10003dcc       0x22 CMakeFiles/PicoDrone.dir/home/adrian/pico/pico-sdk/src/rp2_common/pico_stdio/stdio.c.obj
 *fill*         0x10003dee        0x2 
 .text.delayed_by_ms
                0x10003df0       0x44 CMakeFiles/PicoDrone.dir/home/adrian/pico/pico-sdk/src/rp2_common/pico_stdio/stdio.c.obj
 .text.make_timeout_time_ms
                0x10003e34       0x20 CMakeFiles/PicoDrone.dir/home/adrian/pico/pico-sdk/src/rp2_common/pico_stdio/stdio.c.obj
 .text.stdout_serialize_begin
                0x10003e54       0x20 CMakeFiles/PicoDrone.dir/home/adrian/pico/pico-sdk/src/rp2_common/pico_stdio/stdio.c.obj
                0x10003e54                stdout_serialize_begin
 .text.stdout_serialize_end
                0x10003e74       0x10 CMakeFiles/PicoDrone.dir/home/adrian/pico/pico-sdk/src/rp2_common/pico_stdio/stdio.c.obj
                0x10003e74                stdout_serialize_end
 .text.stdio_put_string
                0x10003e84       0x98 CMakeFiles/PicoDrone.dir/home/adrian/pico/pico-sdk/src/rp2_common/pico_stdio/stdio.c.obj
 .text.stdio_set_driver_enabled
                0x10003f1c       0x2c CMakeFiles/PicoDrone.dir/home/adrian/pico/pico-sdk/src/rp2_common/pico_stdio/stdio.c.obj
                0x10003f1c                stdio_set_driver_enabled
 .text.stdio_flush
                0x10003f48       0x20 CMakeFiles/PicoDrone.dir/home/adrian/pico/pico-sdk/src/rp2_common/pico_stdio/stdio.c.obj
                0x10003f48                stdio_flush
 .text.__wrap_puts
                0x10003f68       0x1e CMakeFiles/PicoDrone.dir/home/adrian/pico/pico-sdk/src/rp2_common/pico_stdio/stdio.c.obj
                0x10003f68                __wrap_puts
 *fill*         0x10003f86        0x2 
 .text.__wrap_vprintf
                0x10003f88       0x40 CMakeFiles/PicoDrone.dir/home/adrian/pico/pico-sdk/src/rp2_common/pico_stdio/stdio.c.obj
                0x10003f88                __wrap_vprintf
 .text.__wrap_printf
                0x10003fc8       0x18 CMakeFiles/PicoDrone.dir/home/adrian/pico/pico-sdk/src/rp2_common/pico_stdio/stdio.c.obj
                0x10003fc8                __wrap_printf
 .text.stdio_init_all
                0x10003fe0        0x8 CMakeFiles/PicoDrone.dir/home/adrian/pico/pico-sdk/src/rp2_common/pico_stdio/stdio.c.obj
                0x10003fe0                stdio_init_all
 .text.resetd_init
                0x10003fe8        0x2 CMakeFiles/PicoDrone.dir/home/adrian/pico/pico-sdk/src/rp2_common/pico_stdio_usb/reset_interface.c.obj
 *fill*         0x10003fea        0x2 
 .text.resetd_reset
                0x10003fec        0xc CMakeFiles/PicoDrone.dir/home/adrian/pico/pico-sdk/src/rp2_common/pico_stdio_usb/reset_interface.c.obj
 .text.resetd_open
                0x10003ff8       0x34 CMakeFiles/PicoDrone.dir/home/adrian/pico/pico-sdk/src/rp2_common/pico_stdio_usb/reset_interface.c.obj
 .text.resetd_xfer_cb
                0x1000402c        0x4 CMakeFiles/PicoDrone.dir/home/adrian/pico/pico-sdk/src/rp2_common/pico_stdio_usb/reset_interface.c.obj
 .text.reset_usb_boot
                0x10004030       0x18 CMakeFiles/PicoDrone.dir/home/adrian/pico/pico-sdk/src/rp2_common/pico_stdio_usb/reset_interface.c.obj
 .text.resetd_control_xfer_cb
                0x10004048       0x5c CMakeFiles/PicoDrone.dir/home/adrian/pico/pico-sdk/src/rp2_common/pico_stdio_usb/reset_interface.c.obj
 .text.usbd_app_driver_get_cb
                0x100040a4        0xc CMakeFiles/PicoDrone.dir/home/adrian/pico/pico-sdk/src/rp2_common/pico_stdio_usb/reset_interface.c.obj
                0x100040a4                usbd_app_driver_get_cb
 .text.tud_cdc_line_coding_cb
                0x100040b0       0x28 CMakeFiles/PicoDrone.dir/home/adrian/pico/pico-sdk/src/rp2_common/pico_stdio_usb/reset_interface.c.obj
                0x100040b0                tud_cdc_line_coding_cb
 .text.stdio_usb_set_chars_available_callback
                0x100040d8       0x14 CMakeFiles/PicoDrone.dir/home/adrian/pico/pico-sdk/src/rp2_common/pico_stdio_usb/stdio_usb.c.obj
                0x100040d8                stdio_usb_set_chars_available_callback
 .text.update_us_since_boot
                0x100040ec       0x24 CMakeFiles/PicoDrone.dir/home/adrian/pico/pico-sdk/src/rp2_common/pico_stdio_usb/stdio_usb.c.obj
 .text.get_absolute_time
                0x10004110       0x22 CMakeFiles/PicoDrone.dir/home/adrian/pico/pico-sdk/src/rp2_common/pico_stdio_usb/stdio_usb.c.obj
 *fill*         0x10004132        0x2 
 .text.delayed_by_ms
                0x10004134       0x44 CMakeFiles/PicoDrone.dir/home/adrian/pico/pico-sdk/src/rp2_common/pico_stdio_usb/stdio_usb.c.obj
 .text.make_timeout_time_ms
                0x10004178       0x20 CMakeFiles/PicoDrone.dir/home/adrian/pico/pico-sdk/src/rp2_common/pico_stdio_usb/stdio_usb.c.obj
 .text.delayed_by_us
                0x10004198       0x34 CMakeFiles/PicoDrone.dir/home/adrian/pico/pico-sdk/src/rp2_common/pico_stdio_usb/stdio_usb.c.obj
 .text.usb_irq  0x100041cc       0x10 CMakeFiles/PicoDrone.dir/home/adrian/pico/pico-sdk/src/rp2_common/pico_stdio_usb/stdio_usb.c.obj
 .text.critical_section_enter_blocking
                0x100041dc       0x16 CMakeFiles/PicoDrone.dir/home/adrian/pico/pico-sdk/src/rp2_common/pico_stdio_usb/stdio_usb.c.obj
 *fill*         0x100041f2        0x2 
 .text.timer_task
                0x100041f4       0x4c CMakeFiles/PicoDrone.dir/home/adrian/pico/pico-sdk/src/rp2_common/pico_stdio_usb/stdio_usb.c.obj
 .text.alarm_pool_add_alarm_in_us
                0x10004240       0x3a CMakeFiles/PicoDrone.dir/home/adrian/pico/pico-sdk/src/rp2_common/pico_stdio_usb/stdio_usb.c.obj
 .text.add_alarm_in_us
                0x1000427a       0x2e CMakeFiles/PicoDrone.dir/home/adrian/pico/pico-sdk/src/rp2_common/pico_stdio_usb/stdio_usb.c.obj
 .text.low_priority_worker_irq
                0x100042a8       0x7c CMakeFiles/PicoDrone.dir/home/adrian/pico/pico-sdk/src/rp2_common/pico_stdio_usb/stdio_usb.c.obj
 .text.tud_cdc_rx_cb
                0x10004324       0x20 CMakeFiles/PicoDrone.dir/home/adrian/pico/pico-sdk/src/rp2_common/pico_stdio_usb/stdio_usb.c.obj
                0x10004324                tud_cdc_rx_cb
 .text.stdio_usb_init
                0x10004344       0xd0 CMakeFiles/PicoDrone.dir/home/adrian/pico/pico-sdk/src/rp2_common/pico_stdio_usb/stdio_usb.c.obj
                0x10004344                stdio_usb_init
 .text.stdio_usb_connected
                0x10004414        0xa CMakeFiles/PicoDrone.dir/home/adrian/pico/pico-sdk/src/rp2_common/pico_stdio_usb/stdio_usb.c.obj
                0x10004414                stdio_usb_connected
 *fill*         0x1000441e        0x2 
 .text.stdio_usb_in_chars
                0x10004420       0x88 CMakeFiles/PicoDrone.dir/home/adrian/pico/pico-sdk/src/rp2_common/pico_stdio_usb/stdio_usb.c.obj
                0x10004420                stdio_usb_in_chars
 .text.stdio_usb_out_chars
                0x100044a8       0xd8 CMakeFiles/PicoDrone.dir/home/adrian/pico/pico-sdk/src/rp2_common/pico_stdio_usb/stdio_usb.c.obj
 .text.tud_descriptor_device_cb
                0x10004580        0x8 CMakeFiles/PicoDrone.dir/home/adrian/pico/pico-sdk/src/rp2_common/pico_stdio_usb/stdio_usb_descriptors.c.obj
                0x10004580                tud_descriptor_device_cb
 .text.tud_descriptor_configuration_cb
                0x10004588        0x8 CMakeFiles/PicoDrone.dir/home/adrian/pico/pico-sdk/src/rp2_common/pico_stdio_usb/stdio_usb_descriptors.c.obj
                0x10004588                tud_descriptor_configuration_cb
 .text.tud_descriptor_string_cb
                0x10004590       0x6c CMakeFiles/PicoDrone.dir/home/adrian/pico/pico-sdk/src/rp2_common/pico_stdio_usb/stdio_usb_descriptors.c.obj
                0x10004590                tud_descriptor_string_cb
 .text._retrieve_unique_id_on_boot
                0x100045fc       0x10 CMakeFiles/PicoDrone.dir/home/adrian/pico/pico-sdk/src/rp2_common/pico_unique_id/unique_id.c.obj
 .text.pico_get_unique_board_id_string
                0x1000460c       0x5c CMakeFiles/PicoDrone.dir/home/adrian/pico/pico-sdk/src/rp2_common/pico_unique_id/unique_id.c.obj
                0x1000460c                pico_get_unique_board_id_string
 .text.flash_get_unique_id
                0x10004668       0x46 CMakeFiles/PicoDrone.dir/home/adrian/pico/pico-sdk/src/rp2_common/hardware_flash/flash.c.obj
                0x10004668                flash_get_unique_id
 *fill*         0x100046ae        0x2 
 .text.hw_endpoint_get_by_addr
                0x100046b0       0x18 CMakeFiles/PicoDrone.dir/home/adrian/pico/pico-sdk/lib/tinyusb/src/portable/raspberrypi/rp2040/dcd_rp2040.c.obj
 .text._hw_endpoint_alloc
                0x100046c8       0x70 CMakeFiles/PicoDrone.dir/home/adrian/pico/pico-sdk/lib/tinyusb/src/portable/raspberrypi/rp2040/dcd_rp2040.c.obj
 .text.hw_endpoint_init
                0x10004738       0x88 CMakeFiles/PicoDrone.dir/home/adrian/pico/pico-sdk/lib/tinyusb/src/portable/raspberrypi/rp2040/dcd_rp2040.c.obj
 .text.dcd_event_sof
                0x100047c0       0x2c CMakeFiles/PicoDrone.dir/home/adrian/pico/pico-sdk/lib/tinyusb/src/portable/raspberrypi/rp2040/dcd_rp2040.c.obj
 .text.hw_endpoint_xfer
                0x100047ec       0x14 CMakeFiles/PicoDrone.dir/home/adrian/pico/pico-sdk/lib/tinyusb/src/portable/raspberrypi/rp2040/dcd_rp2040.c.obj
 .text.dcd_int_enable
                0x10004800       0x2c CMakeFiles/PicoDrone.dir/home/adrian/pico/pico-sdk/lib/tinyusb/src/portable/raspberrypi/rp2040/dcd_rp2040.c.obj
                0x10004800                dcd_int_enable
 .text.dcd_set_address
                0x1000482c       0x2c CMakeFiles/PicoDrone.dir/home/adrian/pico/pico-sdk/lib/tinyusb/src/portable/raspberrypi/rp2040/dcd_rp2040.c.obj
                0x1000482c                dcd_set_address
 .text.dcd_connect
                0x10004858       0x10 CMakeFiles/PicoDrone.dir/home/adrian/pico/pico-sdk/lib/tinyusb/src/portable/raspberrypi/rp2040/dcd_rp2040.c.obj
                0x10004858                dcd_connect
 .text.dcd_init
                0x10004868       0x80 CMakeFiles/PicoDrone.dir/home/adrian/pico/pico-sdk/lib/tinyusb/src/portable/raspberrypi/rp2040/dcd_rp2040.c.obj
                0x10004868                dcd_init
 .text.dcd_edpt0_status_complete
                0x100048e8       0x1c CMakeFiles/PicoDrone.dir/home/adrian/pico/pico-sdk/lib/tinyusb/src/portable/raspberrypi/rp2040/dcd_rp2040.c.obj
                0x100048e8                dcd_edpt0_status_complete
 .text.dcd_edpt_open
                0x10004904       0x40 CMakeFiles/PicoDrone.dir/home/adrian/pico/pico-sdk/lib/tinyusb/src/portable/raspberrypi/rp2040/dcd_rp2040.c.obj
                0x10004904                dcd_edpt_open
 .text.dcd_edpt_close_all
                0x10004944        0x8 CMakeFiles/PicoDrone.dir/home/adrian/pico/pico-sdk/lib/tinyusb/src/portable/raspberrypi/rp2040/dcd_rp2040.c.obj
                0x10004944                dcd_edpt_close_all
 .text.dcd_edpt_xfer
                0x1000494c       0x34 CMakeFiles/PicoDrone.dir/home/adrian/pico/pico-sdk/lib/tinyusb/src/portable/raspberrypi/rp2040/dcd_rp2040.c.obj
                0x1000494c                dcd_edpt_xfer
 .text.dcd_edpt_stall
                0x10004980       0x2c CMakeFiles/PicoDrone.dir/home/adrian/pico/pico-sdk/lib/tinyusb/src/portable/raspberrypi/rp2040/dcd_rp2040.c.obj
                0x10004980                dcd_edpt_stall
 .text.dcd_edpt_clear_stall
                0x100049ac       0x20 CMakeFiles/PicoDrone.dir/home/adrian/pico/pico-sdk/lib/tinyusb/src/portable/raspberrypi/rp2040/dcd_rp2040.c.obj
                0x100049ac                dcd_edpt_clear_stall
 .text.rp2040_usb_init
                0x100049cc       0x4c CMakeFiles/PicoDrone.dir/home/adrian/pico/pico-sdk/lib/tinyusb/src/portable/raspberrypi/rp2040/rp2040_usb.c.obj
                0x100049cc                rp2040_usb_init
 .text.hw_endpoint_xfer_start
                0x10004a18       0x50 CMakeFiles/PicoDrone.dir/home/adrian/pico/pico-sdk/lib/tinyusb/src/portable/raspberrypi/rp2040/rp2040_usb.c.obj
                0x10004a18                hw_endpoint_xfer_start
 .text.configuration_reset
                0x10004a68       0x84 CMakeFiles/PicoDrone.dir/home/adrian/pico/pico-sdk/lib/tinyusb/src/device/usbd.c.obj
 .text.critical_section_enter_blocking
                0x10004aec       0x16 CMakeFiles/PicoDrone.dir/home/adrian/pico/pico-sdk/lib/tinyusb/src/device/usbd.c.obj
 .text.usbd_reset
                0x10004b02        0xc CMakeFiles/PicoDrone.dir/home/adrian/pico/pico-sdk/lib/tinyusb/src/device/usbd.c.obj
 .text.invoke_class_control
                0x10004b0e       0x1a CMakeFiles/PicoDrone.dir/home/adrian/pico/pico-sdk/lib/tinyusb/src/device/usbd.c.obj
 .text.process_set_config
                0x10004b28      0x178 CMakeFiles/PicoDrone.dir/home/adrian/pico/pico-sdk/lib/tinyusb/src/device/usbd.c.obj
 .text.process_get_descriptor
                0x10004ca0       0xdc CMakeFiles/PicoDrone.dir/home/adrian/pico/pico-sdk/lib/tinyusb/src/device/usbd.c.obj
 .text.tud_mounted
                0x10004d7c       0x10 CMakeFiles/PicoDrone.dir/home/adrian/pico/pico-sdk/lib/tinyusb/src/device/usbd.c.obj
                0x10004d7c                tud_mounted
 .text.tud_suspended
                0x10004d8c       0x10 CMakeFiles/PicoDrone.dir/home/adrian/pico/pico-sdk/lib/tinyusb/src/device/usbd.c.obj
                0x10004d8c                tud_suspended
 .text.tud_inited
                0x10004d9c       0x14 CMakeFiles/PicoDrone.dir/home/adrian/pico/pico-sdk/lib/tinyusb/src/device/usbd.c.obj
                0x10004d9c                tud_inited
 .text.tud_init
                0x10004db0       0xcc CMakeFiles/PicoDrone.dir/home/adrian/pico/pico-sdk/lib/tinyusb/src/device/usbd.c.obj
                0x10004db0                tud_init
 .text.usbd_defer_func
                0x10004e7c       0x2a CMakeFiles/PicoDrone.dir/home/adrian/pico/pico-sdk/lib/tinyusb/src/device/usbd.c.obj
                0x10004e7c                usbd_defer_func
 *fill*         0x10004ea6        0x2 
 .text.usbd_edpt_open
                0x10004ea8       0x34 CMakeFiles/PicoDrone.dir/home/adrian/pico/pico-sdk/lib/tinyusb/src/device/usbd.c.obj
                0x10004ea8                usbd_edpt_open
 .text.usbd_open_edpt_pair
                0x10004edc       0x62 CMakeFiles/PicoDrone.dir/home/adrian/pico/pico-sdk/lib/tinyusb/src/device/usbd.c.obj
                0x10004edc                usbd_open_edpt_pair
 *fill*         0x10004f3e        0x2 
 .text.usbd_edpt_claim
                0x10004f40       0x28 CMakeFiles/PicoDrone.dir/home/adrian/pico/pico-sdk/lib/tinyusb/src/device/usbd.c.obj
                0x10004f40                usbd_edpt_claim
 .text.usbd_edpt_release
                0x10004f68       0x28 CMakeFiles/PicoDrone.dir/home/adrian/pico/pico-sdk/lib/tinyusb/src/device/usbd.c.obj
                0x10004f68                usbd_edpt_release
 .text.usbd_edpt_xfer
                0x10004f90       0x78 CMakeFiles/PicoDrone.dir/home/adrian/pico/pico-sdk/lib/tinyusb/src/device/usbd.c.obj
                0x10004f90                usbd_edpt_xfer
 .text.usbd_edpt_stall
                0x10005008       0x48 CMakeFiles/PicoDrone.dir/home/adrian/pico/pico-sdk/lib/tinyusb/src/device/usbd.c.obj
                0x10005008                usbd_edpt_stall
 .text.usbd_edpt_clear_stall
                0x10005050       0x48 CMakeFiles/PicoDrone.dir/home/adrian/pico/pico-sdk/lib/tinyusb/src/device/usbd.c.obj
                0x10005050                usbd_edpt_clear_stall
 .text.usbd_edpt_stalled
                0x10005098       0x1c CMakeFiles/PicoDrone.dir/home/adrian/pico/pico-sdk/lib/tinyusb/src/device/usbd.c.obj
                0x10005098                usbd_edpt_stalled
 .text.process_control_request
                0x100050b4      0x374 CMakeFiles/PicoDrone.dir/home/adrian/pico/pico-sdk/lib/tinyusb/src/device/usbd.c.obj
 .text.tud_task_ext
                0x10005428      0x1a8 CMakeFiles/PicoDrone.dir/home/adrian/pico/pico-sdk/lib/tinyusb/src/device/usbd.c.obj
                0x10005428                tud_task_ext
 .text._status_stage_xact
                0x100055d0       0x1a CMakeFiles/PicoDrone.dir/home/adrian/pico/pico-sdk/lib/tinyusb/src/device/usbd_control.c.obj
 *fill*         0x100055ea        0x2 
 .text._data_stage_xact
                0x100055ec       0x58 CMakeFiles/PicoDrone.dir/home/adrian/pico/pico-sdk/lib/tinyusb/src/device/usbd_control.c.obj
 .text.tud_control_status
                0x10005644       0x28 CMakeFiles/PicoDrone.dir/home/adrian/pico/pico-sdk/lib/tinyusb/src/device/usbd_control.c.obj
                0x10005644                tud_control_status
 .text.tud_control_xfer
                0x1000566c       0x68 CMakeFiles/PicoDrone.dir/home/adrian/pico/pico-sdk/lib/tinyusb/src/device/usbd_control.c.obj
                0x1000566c                tud_control_xfer
 .text.usbd_control_reset
                0x100056d4       0x14 CMakeFiles/PicoDrone.dir/home/adrian/pico/pico-sdk/lib/tinyusb/src/device/usbd_control.c.obj
                0x100056d4                usbd_control_reset
 .text.usbd_control_set_complete_callback
                0x100056e8        0xc CMakeFiles/PicoDrone.dir/home/adrian/pico/pico-sdk/lib/tinyusb/src/device/usbd_control.c.obj
                0x100056e8                usbd_control_set_complete_callback
 .text.usbd_control_set_request
                0x100056f4       0x1c CMakeFiles/PicoDrone.dir/home/adrian/pico/pico-sdk/lib/tinyusb/src/device/usbd_control.c.obj
                0x100056f4                usbd_control_set_request
 .text.usbd_control_xfer_cb
                0x10005710       0xbc CMakeFiles/PicoDrone.dir/home/adrian/pico/pico-sdk/lib/tinyusb/src/device/usbd_control.c.obj
                0x10005710                usbd_control_xfer_cb
 .text._prep_out_transaction
                0x100057cc       0x4a CMakeFiles/PicoDrone.dir/home/adrian/pico/pico-sdk/lib/tinyusb/src/class/cdc/cdc_device.c.obj
 *fill*         0x10005816        0x2 
 .text.tud_cdc_n_connected
                0x10005818       0x38 CMakeFiles/PicoDrone.dir/home/adrian/pico/pico-sdk/lib/tinyusb/src/class/cdc/cdc_device.c.obj
                0x10005818                tud_cdc_n_connected
 .text.tud_cdc_n_available
                0x10005850       0x18 CMakeFiles/PicoDrone.dir/home/adrian/pico/pico-sdk/lib/tinyusb/src/class/cdc/cdc_device.c.obj
                0x10005850                tud_cdc_n_available
 .text.tud_cdc_n_read
                0x10005868       0x28 CMakeFiles/PicoDrone.dir/home/adrian/pico/pico-sdk/lib/tinyusb/src/class/cdc/cdc_device.c.obj
                0x10005868                tud_cdc_n_read
 .text.tud_cdc_n_write_flush
                0x10005890       0xb8 CMakeFiles/PicoDrone.dir/home/adrian/pico/pico-sdk/lib/tinyusb/src/class/cdc/cdc_device.c.obj
                0x10005890                tud_cdc_n_write_flush
 .text.tud_cdc_n_write
                0x10005948       0x38 CMakeFiles/PicoDrone.dir/home/adrian/pico/pico-sdk/lib/tinyusb/src/class/cdc/cdc_device.c.obj
                0x10005948                tud_cdc_n_write
 .text.tud_cdc_n_write_available
                0x10005980       0x1c CMakeFiles/PicoDrone.dir/home/adrian/pico/pico-sdk/lib/tinyusb/src/class/cdc/cdc_device.c.obj
                0x10005980                tud_cdc_n_write_available
 .text.cdcd_init
                0x1000599c       0xbc CMakeFiles/PicoDrone.dir/home/adrian/pico/pico-sdk/lib/tinyusb/src/class/cdc/cdc_device.c.obj
                0x1000599c                cdcd_init
 .text.cdcd_reset
                0x10005a58       0x44 CMakeFiles/PicoDrone.dir/home/adrian/pico/pico-sdk/lib/tinyusb/src/class/cdc/cdc_device.c.obj
                0x10005a58                cdcd_reset
 .text.cdcd_open
                0x10005a9c       0xc4 CMakeFiles/PicoDrone.dir/home/adrian/pico/pico-sdk/lib/tinyusb/src/class/cdc/cdc_device.c.obj
                0x10005a9c                cdcd_open
 .text.cdcd_control_xfer_cb
                0x10005b60      0x134 CMakeFiles/PicoDrone.dir/home/adrian/pico/pico-sdk/lib/tinyusb/src/class/cdc/cdc_device.c.obj
                0x10005b60                cdcd_control_xfer_cb
 .text.cdcd_xfer_cb
                0x10005c94      0x130 CMakeFiles/PicoDrone.dir/home/adrian/pico/pico-sdk/lib/tinyusb/src/class/cdc/cdc_device.c.obj
                0x10005c94                cdcd_xfer_cb
 .text.tusb_init
                0x10005dc4        0xa CMakeFiles/PicoDrone.dir/home/adrian/pico/pico-sdk/lib/tinyusb/src/tusb.c.obj
                0x10005dc4                tusb_init
 .text.tusb_inited
                0x10005dce        0xe CMakeFiles/PicoDrone.dir/home/adrian/pico/pico-sdk/lib/tinyusb/src/tusb.c.obj
                0x10005dce                tusb_inited
 .text.tu_edpt_claim
                0x10005ddc       0x50 CMakeFiles/PicoDrone.dir/home/adrian/pico/pico-sdk/lib/tinyusb/src/tusb.c.obj
                0x10005ddc                tu_edpt_claim
 .text.tu_edpt_release
                0x10005e2c       0x38 CMakeFiles/PicoDrone.dir/home/adrian/pico/pico-sdk/lib/tinyusb/src/tusb.c.obj
                0x10005e2c                tu_edpt_release
 .text.tu_edpt_validate
                0x10005e64       0x78 CMakeFiles/PicoDrone.dir/home/adrian/pico/pico-sdk/lib/tinyusb/src/tusb.c.obj
                0x10005e64                tu_edpt_validate
 .text.tu_edpt_bind_driver
                0x10005edc       0x26 CMakeFiles/PicoDrone.dir/home/adrian/pico/pico-sdk/lib/tinyusb/src/tusb.c.obj
                0x10005edc                tu_edpt_bind_driver
 .text.advance_index
                0x10005f02       0x1a CMakeFiles/PicoDrone.dir/home/adrian/pico/pico-sdk/lib/tinyusb/src/common/tusb_fifo.c.obj
 .text._tu_fifo_peek
                0x10005f1c       0x56 CMakeFiles/PicoDrone.dir/home/adrian/pico/pico-sdk/lib/tinyusb/src/common/tusb_fifo.c.obj
 .text._ff_pull_const_addr
                0x10005f72       0x4c CMakeFiles/PicoDrone.dir/home/adrian/pico/pico-sdk/lib/tinyusb/src/common/tusb_fifo.c.obj
 .text._ff_pull_n
                0x10005fbe      0x110 CMakeFiles/PicoDrone.dir/home/adrian/pico/pico-sdk/lib/tinyusb/src/common/tusb_fifo.c.obj
 .text._tu_fifo_peek_n
                0x100060ce       0x6a CMakeFiles/PicoDrone.dir/home/adrian/pico/pico-sdk/lib/tinyusb/src/common/tusb_fifo.c.obj
 .text._tu_fifo_read_n
                0x10006138       0x4e CMakeFiles/PicoDrone.dir/home/adrian/pico/pico-sdk/lib/tinyusb/src/common/tusb_fifo.c.obj
 .text._ff_push_const_addr
                0x10006186       0x40 CMakeFiles/PicoDrone.dir/home/adrian/pico/pico-sdk/lib/tinyusb/src/common/tusb_fifo.c.obj
 .text._ff_push_n
                0x100061c6      0x10c CMakeFiles/PicoDrone.dir/home/adrian/pico/pico-sdk/lib/tinyusb/src/common/tusb_fifo.c.obj
 .text._tu_fifo_write_n
                0x100062d2       0xf0 CMakeFiles/PicoDrone.dir/home/adrian/pico/pico-sdk/lib/tinyusb/src/common/tusb_fifo.c.obj
 .text.tu_fifo_config
                0x100063c2       0x7c CMakeFiles/PicoDrone.dir/home/adrian/pico/pico-sdk/lib/tinyusb/src/common/tusb_fifo.c.obj
                0x100063c2                tu_fifo_config
 .text.tu_fifo_count
                0x1000643e       0x2a CMakeFiles/PicoDrone.dir/home/adrian/pico/pico-sdk/lib/tinyusb/src/common/tusb_fifo.c.obj
                0x1000643e                tu_fifo_count
 .text.tu_fifo_empty
                0x10006468        0xe CMakeFiles/PicoDrone.dir/home/adrian/pico/pico-sdk/lib/tinyusb/src/common/tusb_fifo.c.obj
                0x10006468                tu_fifo_empty
 .text.tu_fifo_full
                0x10006476       0x28 CMakeFiles/PicoDrone.dir/home/adrian/pico/pico-sdk/lib/tinyusb/src/common/tusb_fifo.c.obj
                0x10006476                tu_fifo_full
 .text.tu_fifo_remaining
                0x1000649e       0x2c CMakeFiles/PicoDrone.dir/home/adrian/pico/pico-sdk/lib/tinyusb/src/common/tusb_fifo.c.obj
                0x1000649e                tu_fifo_remaining
 .text.tu_fifo_read
                0x100064ca       0x42 CMakeFiles/PicoDrone.dir/home/adrian/pico/pico-sdk/lib/tinyusb/src/common/tusb_fifo.c.obj
                0x100064ca                tu_fifo_read
 .text.tu_fifo_read_n
                0x1000650c        0xa CMakeFiles/PicoDrone.dir/home/adrian/pico/pico-sdk/lib/tinyusb/src/common/tusb_fifo.c.obj
                0x1000650c                tu_fifo_read_n
 .text.tu_fifo_write
                0x10006516       0x64 CMakeFiles/PicoDrone.dir/home/adrian/pico/pico-sdk/lib/tinyusb/src/common/tusb_fifo.c.obj
                0x10006516                tu_fifo_write
 .text.tu_fifo_write_n
                0x1000657a        0xa CMakeFiles/PicoDrone.dir/home/adrian/pico/pico-sdk/lib/tinyusb/src/common/tusb_fifo.c.obj
                0x1000657a                tu_fifo_write_n
 .text.tu_fifo_clear
                0x10006584       0x3e CMakeFiles/PicoDrone.dir/home/adrian/pico/pico-sdk/lib/tinyusb/src/common/tusb_fifo.c.obj
                0x10006584                tu_fifo_clear
 .text.tu_fifo_set_overwritable
                0x100065c2       0x46 CMakeFiles/PicoDrone.dir/home/adrian/pico/pico-sdk/lib/tinyusb/src/common/tusb_fifo.c.obj
                0x100065c2                tu_fifo_set_overwritable
 .text          0x10006608       0x5c /usr/lib/gcc/arm-none-eabi/12.2.1/../../../arm-none-eabi/lib/thumb/v6-m/nofp/libg.a(lib_a-strlen-stub.o)
                0x10006608                strlen
 *(.fini)
 .fini          0x10006664        0x4 /usr/lib/gcc/arm-none-eabi/12.2.1/thumb/v6-m/nofp/crti.o
                0x10006664                _fini
 .fini.__stub   0x10006668       0xe0 linker stubs
 *crtbegin.o(.ctors)
 *crtbegin?.o(.ctors)
 *(EXCLUDE_FILE(*crtend.o *crtend?.o) .ctors)
 *(SORT_BY_NAME(.ctors.*))
 *(.ctors)
 *crtbegin.o(.dtors)
 *crtbegin?.o(.dtors)
 *(EXCLUDE_FILE(*crtend.o *crtend?.o) .dtors)
 *(SORT_BY_NAME(.dtors.*))
 *(.dtors)
 *(.eh_frame*)
 .eh_frame      0x10006748        0x0 /usr/lib/gcc/arm-none-eabi/12.2.1/thumb/v6-m/nofp/crtbegin.o
                0x10006748                        . = ALIGN (0x4)

.glue_7         0x10006748        0x0
 .glue_7        0x10006748        0x0 linker stubs

.glue_7t        0x10006748        0x0
 .glue_7t       0x10006748        0x0 linker stubs

.vfp11_veneer   0x10006748        0x0
 .vfp11_veneer  0x10006748        0x0 linker stubs

.v4_bx          0x10006748        0x0
 .v4_bx         0x10006748        0x0 linker stubs

.iplt           0x10006748        0x0
 .iplt          0x10006748        0x0 /usr/lib/gcc/arm-none-eabi/12.2.1/thumb/v6-m/nofp/crtbegin.o

.rodata         0x10006748     0x152c
 *(EXCLUDE_FILE(*libm.a: *libc.a:*lib_a-mem*.o *libgcc.a:) .rodata*)
 .rodata.spin_lock_claim_unused.str1.4
                0x10006748      0xe73 CMakeFiles/PicoDrone.dir/home/adrian/pico/pico-sdk/src/rp2_common/hardware_sync/sync.c.obj
                                 0x1b (size before relaxing)
 .rodata.resolve_branch.str1.4
                0x100075bb       0x55 CMakeFiles/PicoDrone.dir/home/adrian/pico/pico-sdk/src/rp2_common/hardware_irq/irq.c.obj
 .rodata.make_branch.str1.4
                0x100075bb       0x30 CMakeFiles/PicoDrone.dir/home/adrian/pico/pico-sdk/src/rp2_common/hardware_irq/irq.c.obj
 .rodata.insert_branch_and_link.str1.4
                0x100075bb       0x10 CMakeFiles/PicoDrone.dir/home/adrian/pico/pico-sdk/src/rp2_common/hardware_irq/irq.c.obj
 .rodata.irq_set_exclusive_handler.str1.4
                0x100075bb       0x36 CMakeFiles/PicoDrone.dir/home/adrian/pico/pico-sdk/src/rp2_common/hardware_irq/irq.c.obj
 .rodata.irq_add_shared_handler.str1.4
                0x100075bb       0xc2 CMakeFiles/PicoDrone.dir/home/adrian/pico/pico-sdk/src/rp2_common/hardware_irq/irq.c.obj
 .rodata.irq_remove_handler.str1.4
                0x100075bb       0x3a CMakeFiles/PicoDrone.dir/home/adrian/pico/pico-sdk/src/rp2_common/hardware_irq/irq.c.obj
 .rodata.irq_add_tail_to_free_list.str1.4
                0x100075bb       0x3a CMakeFiles/PicoDrone.dir/home/adrian/pico/pico-sdk/src/rp2_common/hardware_irq/irq.c.obj
 .rodata.user_irq_claim_unused.str1.4
                0x100075bb       0x1b CMakeFiles/PicoDrone.dir/home/adrian/pico/pico-sdk/src/rp2_common/hardware_irq/irq.c.obj
 *fill*         0x100075bb        0x1 
 .rodata.__func__.0
                0x100075bc       0x1a CMakeFiles/PicoDrone.dir/home/adrian/pico/pico-sdk/src/rp2_common/hardware_irq/irq.c.obj
 *fill*         0x100075d6        0x2 
 .rodata.__func__.1
                0x100075d8       0x17 CMakeFiles/PicoDrone.dir/home/adrian/pico/pico-sdk/src/rp2_common/hardware_irq/irq.c.obj
 *fill*         0x100075ef        0x1 
 .rodata.__func__.2
                0x100075f0       0x13 CMakeFiles/PicoDrone.dir/home/adrian/pico/pico-sdk/src/rp2_common/hardware_irq/irq.c.obj
 *fill*         0x10007603        0x1 
 .rodata.__func__.3
                0x10007604        0xc CMakeFiles/PicoDrone.dir/home/adrian/pico/pico-sdk/src/rp2_common/hardware_irq/irq.c.obj
 .rodata.__func__.4
                0x10007610        0xf CMakeFiles/PicoDrone.dir/home/adrian/pico/pico-sdk/src/rp2_common/hardware_irq/irq.c.obj
 *fill*         0x1000761f        0x1 
 .rodata.__func__.5
                0x10007620       0x17 CMakeFiles/PicoDrone.dir/home/adrian/pico/pico-sdk/src/rp2_common/hardware_irq/irq.c.obj
 *fill*         0x10007637        0x1 
 .rodata.__func__.6
                0x10007638       0x1a CMakeFiles/PicoDrone.dir/home/adrian/pico/pico-sdk/src/rp2_common/hardware_irq/irq.c.obj
 .rodata.update_us_since_boot.str1.4
                0x10007652       0x61 CMakeFiles/PicoDrone.dir/home/adrian/pico/pico-sdk/src/common/pico_sync/mutex.c.obj
 .rodata.str1.4
                0x10007652       0x89 CMakeFiles/PicoDrone.dir/home/adrian/pico/pico-sdk/src/common/pico_sync/mutex.c.obj
 *fill*         0x10007652        0x2 
 .rodata.__func__.1
                0x10007654        0xb CMakeFiles/PicoDrone.dir/home/adrian/pico/pico-sdk/src/common/pico_sync/mutex.c.obj
 *fill*         0x1000765f        0x1 
 .rodata.__func__.3
                0x10007660       0x18 CMakeFiles/PicoDrone.dir/home/adrian/pico/pico-sdk/src/common/pico_sync/mutex.c.obj
 .rodata.__func__.4
                0x10007678       0x15 CMakeFiles/PicoDrone.dir/home/adrian/pico/pico-sdk/src/common/pico_sync/mutex.c.obj
 .rodata.get_entry.str1.4
                0x1000768d       0x5b CMakeFiles/PicoDrone.dir/home/adrian/pico/pico-sdk/src/common/pico_time/time.c.obj
 .rodata.update_us_since_boot.str1.4
                0x1000768d       0x61 CMakeFiles/PicoDrone.dir/home/adrian/pico/pico-sdk/src/common/pico_time/time.c.obj
 .rodata.ph_get_node.str1.4
                0x1000768d       0x66 CMakeFiles/PicoDrone.dir/home/adrian/pico/pico-sdk/src/common/pico_time/time.c.obj
 .rodata.ph_add_child_node.str1.4
                0x1000768d       0x2e CMakeFiles/PicoDrone.dir/home/adrian/pico/pico-sdk/src/common/pico_time/time.c.obj
 .rodata.ph_insert_node.str1.4
                0x1000768d        0x3 CMakeFiles/PicoDrone.dir/home/adrian/pico/pico-sdk/src/common/pico_time/time.c.obj
 .rodata.ph_free_node.str1.4
                0x1000768d       0x38 CMakeFiles/PicoDrone.dir/home/adrian/pico/pico-sdk/src/common/pico_time/time.c.obj
 .rodata.add_alarm_under_lock.str1.4
                0x1000768d       0x28 CMakeFiles/PicoDrone.dir/home/adrian/pico/pico-sdk/src/common/pico_time/time.c.obj
 .rodata.alarm_pool_alarm_callback.str1.4
                0x1000768d       0x60 CMakeFiles/PicoDrone.dir/home/adrian/pico/pico-sdk/src/common/pico_time/time.c.obj
 .rodata.alarm_pool_get_default.str1.4
                0x1000768d       0x21 CMakeFiles/PicoDrone.dir/home/adrian/pico/pico-sdk/src/common/pico_time/time.c.obj
 .rodata.alarm_pool_cancel_alarm.str1.4
                0x1000768d       0x27 CMakeFiles/PicoDrone.dir/home/adrian/pico/pico-sdk/src/common/pico_time/time.c.obj
 .rodata.sleep_until.str1.4
                0x1000768d       0x4d CMakeFiles/PicoDrone.dir/home/adrian/pico/pico-sdk/src/common/pico_time/time.c.obj
 *fill*         0x1000768d        0x3 
 .rodata.__func__.1
                0x10007690       0x18 CMakeFiles/PicoDrone.dir/home/adrian/pico/pico-sdk/src/common/pico_time/time.c.obj
 .rodata.__func__.3
                0x100076a8       0x17 CMakeFiles/PicoDrone.dir/home/adrian/pico/pico-sdk/src/common/pico_time/time.c.obj
 *fill*         0x100076bf        0x1 
 .rodata.__func__.4
                0x100076c0       0x12 CMakeFiles/PicoDrone.dir/home/adrian/pico/pico-sdk/src/common/pico_time/time.c.obj
 *fill*         0x100076d2        0x2 
 .rodata.__func__.5
                0x100076d4        0xd CMakeFiles/PicoDrone.dir/home/adrian/pico/pico-sdk/src/common/pico_time/time.c.obj
 *fill*         0x100076e1        0x3 
 .rodata.__func__.6
                0x100076e4       0x12 CMakeFiles/PicoDrone.dir/home/adrian/pico/pico-sdk/src/common/pico_time/time.c.obj
 *fill*         0x100076f6        0x2 
 .rodata.__func__.7
                0x100076f8        0xf CMakeFiles/PicoDrone.dir/home/adrian/pico/pico-sdk/src/common/pico_time/time.c.obj
 *fill*         0x10007707        0x1 
 .rodata.__func__.8
                0x10007708        0xc CMakeFiles/PicoDrone.dir/home/adrian/pico/pico-sdk/src/common/pico_time/time.c.obj
 .rodata.__func__.9
                0x10007714       0x15 CMakeFiles/PicoDrone.dir/home/adrian/pico/pico-sdk/src/common/pico_time/time.c.obj
 *fill*         0x10007729        0x3 
 .rodata.__func__.10
                0x1000772c       0x15 CMakeFiles/PicoDrone.dir/home/adrian/pico/pico-sdk/src/common/pico_time/time.c.obj
 *fill*         0x10007741        0x3 
 .rodata.__func__.11
                0x10007744       0x1a CMakeFiles/PicoDrone.dir/home/adrian/pico/pico-sdk/src/common/pico_time/time.c.obj
 *fill*         0x1000775e        0x2 
 .rodata.__func__.12
                0x10007760        0xa CMakeFiles/PicoDrone.dir/home/adrian/pico/pico-sdk/src/common/pico_time/time.c.obj
 .rodata.hardware_alarm_claim.str1.4
                0x1000776a       0x22 CMakeFiles/PicoDrone.dir/home/adrian/pico/pico-sdk/src/rp2_common/hardware_timer/timer.c.obj
 .rodata.hardware_alarm_set_target.str1.4
                0x1000776a       0x65 CMakeFiles/PicoDrone.dir/home/adrian/pico/pico-sdk/src/rp2_common/hardware_timer/timer.c.obj
 *fill*         0x1000776a        0x2 
 .rodata.__func__.0
                0x1000776c       0x1a CMakeFiles/PicoDrone.dir/home/adrian/pico/pico-sdk/src/rp2_common/hardware_timer/timer.c.obj
 .rodata.ph_get_node.str1.4
                0x10007786       0x66 CMakeFiles/PicoDrone.dir/home/adrian/pico/pico-sdk/src/common/pico_util/pheap.c.obj
 .rodata.ph_add_child_node.str1.4
                0x10007786       0x2e CMakeFiles/PicoDrone.dir/home/adrian/pico/pico-sdk/src/common/pico_util/pheap.c.obj
 .rodata.ph_remove_any_head.str1.4
                0x10007786       0xa0 CMakeFiles/PicoDrone.dir/home/adrian/pico/pico-sdk/src/common/pico_util/pheap.c.obj
 .rodata.ph_remove_and_free_node.str1.4
                0x10007786       0x26 CMakeFiles/PicoDrone.dir/home/adrian/pico/pico-sdk/src/common/pico_util/pheap.c.obj
 *fill*         0x10007786        0x2 
 .rodata.__func__.0
                0x10007788       0x18 CMakeFiles/PicoDrone.dir/home/adrian/pico/pico-sdk/src/common/pico_util/pheap.c.obj
 .rodata.__func__.1
                0x100077a0       0x13 CMakeFiles/PicoDrone.dir/home/adrian/pico/pico-sdk/src/common/pico_util/pheap.c.obj
 *fill*         0x100077b3        0x1 
 .rodata.__func__.2
                0x100077b4       0x12 CMakeFiles/PicoDrone.dir/home/adrian/pico/pico-sdk/src/common/pico_util/pheap.c.obj
 *fill*         0x100077c6        0x2 
 .rodata.__func__.3
                0x100077c8        0xc CMakeFiles/PicoDrone.dir/home/adrian/pico/pico-sdk/src/common/pico_util/pheap.c.obj
 .rodata.clock_configure.str1.4
                0x100077d4       0x57 CMakeFiles/PicoDrone.dir/home/adrian/pico/pico-sdk/src/rp2_common/hardware_clocks/clocks.c.obj
 .rodata.__func__.1
                0x100077d4       0x10 CMakeFiles/PicoDrone.dir/home/adrian/pico/pico-sdk/src/rp2_common/hardware_clocks/clocks.c.obj
 .rodata.pll_init.str1.4
                0x100077e4      0x124 CMakeFiles/PicoDrone.dir/home/adrian/pico/pico-sdk/src/rp2_common/hardware_pll/pll.c.obj
 .rodata.__func__.0
                0x100077e4        0x9 CMakeFiles/PicoDrone.dir/home/adrian/pico/pico-sdk/src/rp2_common/hardware_pll/pll.c.obj
 .rodata.__assert_func.str1.4
                0x100077ed       0x43 CMakeFiles/PicoDrone.dir/home/adrian/pico/pico-sdk/src/rp2_common/pico_runtime/runtime.c.obj
 .rodata.runtime_init.str1.4
                0x100077ed       0x61 CMakeFiles/PicoDrone.dir/home/adrian/pico/pico-sdk/src/rp2_common/pico_runtime/runtime.c.obj
 .rodata.panic.str1.4
                0x100077ed       0x12 CMakeFiles/PicoDrone.dir/home/adrian/pico/pico-sdk/src/rp2_common/pico_runtime/runtime.c.obj
 *fill*         0x100077ed        0x3 
 .rodata.__func__.2
                0x100077f0        0xd CMakeFiles/PicoDrone.dir/home/adrian/pico/pico-sdk/src/rp2_common/pico_runtime/runtime.c.obj
 .rodata._ftoa.str1.4
                0x100077fd       0x15 CMakeFiles/PicoDrone.dir/home/adrian/pico/pico-sdk/src/rp2_common/pico_printf/printf.c.obj
 *fill*         0x100077fd        0x3 
 .rodata._vsnprintf
                0x10007800      0x19c CMakeFiles/PicoDrone.dir/home/adrian/pico/pico-sdk/src/rp2_common/pico_printf/printf.c.obj
 *fill*         0x1000799c        0x4 
 .rodata.pow10.0
                0x100079a0       0x50 CMakeFiles/PicoDrone.dir/home/adrian/pico/pico-sdk/src/rp2_common/pico_printf/printf.c.obj
 .rodata.missing_double_func_shim.str1.4
                0x100079f0       0x18 CMakeFiles/PicoDrone.dir/home/adrian/pico/pico-sdk/src/rp2_common/pico_double/double_init_rom.c.obj
 .rodata.__aeabi_double_init.str1.4
                0x100079f0       0x9c CMakeFiles/PicoDrone.dir/home/adrian/pico/pico-sdk/src/rp2_common/pico_double/double_init_rom.c.obj
 .rodata.__func__.0
                0x100079f0       0x14 CMakeFiles/PicoDrone.dir/home/adrian/pico/pico-sdk/src/rp2_common/pico_double/double_init_rom.c.obj
 .rodata.missing_float_func_shim.str1.4
                0x10007a04        0x1 CMakeFiles/PicoDrone.dir/home/adrian/pico/pico-sdk/src/rp2_common/pico_float/float_init_rom.c.obj
 .rodata.__aeabi_float_init.str1.4
                0x10007a04       0x7a CMakeFiles/PicoDrone.dir/home/adrian/pico/pico-sdk/src/rp2_common/pico_float/float_init_rom.c.obj
 .rodata.__func__.0
                0x10007a04       0x13 CMakeFiles/PicoDrone.dir/home/adrian/pico/pico-sdk/src/rp2_common/pico_float/float_init_rom.c.obj
 .rodata.str1.4
                0x10007a17       0x44 CMakeFiles/PicoDrone.dir/home/adrian/pico/pico-sdk/src/rp2_common/pico_standard_link/binary_info.c.obj
 *fill*         0x10007a17        0x1 
 .rodata.__bi_81
                0x10007a18        0xc CMakeFiles/PicoDrone.dir/home/adrian/pico/pico-sdk/src/rp2_common/pico_standard_link/binary_info.c.obj
 .rodata.__bi_75
                0x10007a24        0xc CMakeFiles/PicoDrone.dir/home/adrian/pico/pico-sdk/src/rp2_common/pico_standard_link/binary_info.c.obj
 .rodata.__bi_56
                0x10007a30        0xc CMakeFiles/PicoDrone.dir/home/adrian/pico/pico-sdk/src/rp2_common/pico_standard_link/binary_info.c.obj
 .rodata.__bi_44
                0x10007a3c        0xc CMakeFiles/PicoDrone.dir/home/adrian/pico/pico-sdk/src/rp2_common/pico_standard_link/binary_info.c.obj
 .rodata.update_us_since_boot.str1.4
                0x10007a48       0x61 CMakeFiles/PicoDrone.dir/home/adrian/pico/pico-sdk/src/rp2_common/pico_stdio/stdio.c.obj
 .rodata.crlf_str.2
                0x10007a48        0x2 CMakeFiles/PicoDrone.dir/home/adrian/pico/pico-sdk/src/rp2_common/pico_stdio/stdio.c.obj
 *fill*         0x10007a4a        0x2 
 .rodata.__func__.3
                0x10007a4c       0x15 CMakeFiles/PicoDrone.dir/home/adrian/pico/pico-sdk/src/rp2_common/pico_stdio/stdio.c.obj
 *fill*         0x10007a61        0x3 
 .rodata._resetd_driver
                0x10007a64       0x18 CMakeFiles/PicoDrone.dir/home/adrian/pico/pico-sdk/src/rp2_common/pico_stdio_usb/reset_interface.c.obj
 .rodata.update_us_since_boot.str1.4
                0x10007a7c       0x61 CMakeFiles/PicoDrone.dir/home/adrian/pico/pico-sdk/src/rp2_common/pico_stdio_usb/stdio_usb.c.obj
 .rodata.stdio_usb_init.str1.4
                0x10007a7c       0x4d CMakeFiles/PicoDrone.dir/home/adrian/pico/pico-sdk/src/rp2_common/pico_stdio_usb/stdio_usb.c.obj
 .rodata.str1.4
                0x10007a7c       0x13 CMakeFiles/PicoDrone.dir/home/adrian/pico/pico-sdk/src/rp2_common/pico_stdio_usb/stdio_usb.c.obj
 .rodata.__bi_182.0
                0x10007a7c        0xc CMakeFiles/PicoDrone.dir/home/adrian/pico/pico-sdk/src/rp2_common/pico_stdio_usb/stdio_usb.c.obj
 .rodata.__func__.1
                0x10007a88        0xf CMakeFiles/PicoDrone.dir/home/adrian/pico/pico-sdk/src/rp2_common/pico_stdio_usb/stdio_usb.c.obj
 *fill*         0x10007a97        0x1 
 .rodata.__func__.3
                0x10007a98       0x15 CMakeFiles/PicoDrone.dir/home/adrian/pico/pico-sdk/src/rp2_common/pico_stdio_usb/stdio_usb.c.obj
 .rodata.str1.4
                0x10007aad       0x2a CMakeFiles/PicoDrone.dir/home/adrian/pico/pico-sdk/src/rp2_common/pico_stdio_usb/stdio_usb_descriptors.c.obj
 *fill*         0x10007aad        0x3 
 .rodata.usbd_desc_str
                0x10007ab0       0x18 CMakeFiles/PicoDrone.dir/home/adrian/pico/pico-sdk/src/rp2_common/pico_stdio_usb/stdio_usb_descriptors.c.obj
 .rodata.usbd_desc_cfg
                0x10007ac8       0x54 CMakeFiles/PicoDrone.dir/home/adrian/pico/pico-sdk/src/rp2_common/pico_stdio_usb/stdio_usb_descriptors.c.obj
 .rodata.usbd_desc_device
                0x10007b1c       0x12 CMakeFiles/PicoDrone.dir/home/adrian/pico/pico-sdk/src/rp2_common/pico_stdio_usb/stdio_usb_descriptors.c.obj
 .rodata.pico_get_unique_board_id_string.str1.4
                0x10007b2e       0x4d CMakeFiles/PicoDrone.dir/home/adrian/pico/pico-sdk/src/rp2_common/pico_unique_id/unique_id.c.obj
 *fill*         0x10007b2e        0x2 
 .rodata.__func__.0
                0x10007b30       0x20 CMakeFiles/PicoDrone.dir/home/adrian/pico/pico-sdk/src/rp2_common/pico_unique_id/unique_id.c.obj
 .rodata.str1.4
                0x10007b50      0x15a CMakeFiles/PicoDrone.dir/home/adrian/pico/pico-sdk/src/rp2_common/hardware_flash/flash.c.obj
 .rodata.__func__.0
                0x10007b50        0xd CMakeFiles/PicoDrone.dir/home/adrian/pico/pico-sdk/src/rp2_common/hardware_flash/flash.c.obj
 .rodata._hw_endpoint_alloc.str1.4
                0x10007b5d       0xb5 CMakeFiles/PicoDrone.dir/home/adrian/pico/pico-sdk/lib/tinyusb/src/portable/raspberrypi/rp2040/dcd_rp2040.c.obj
 .rodata.str1.4
                0x10007b5d       0x14 CMakeFiles/PicoDrone.dir/home/adrian/pico/pico-sdk/lib/tinyusb/src/portable/raspberrypi/rp2040/dcd_rp2040.c.obj
 .rodata.dcd_int_enable.str1.4
                0x10007b5d        0xc CMakeFiles/PicoDrone.dir/home/adrian/pico/pico-sdk/lib/tinyusb/src/portable/raspberrypi/rp2040/dcd_rp2040.c.obj
 *fill*         0x10007b5d        0x3 
 .rodata.__func__.0
                0x10007b60        0xe CMakeFiles/PicoDrone.dir/home/adrian/pico/pico-sdk/lib/tinyusb/src/portable/raspberrypi/rp2040/dcd_rp2040.c.obj
 *fill*         0x10007b6e        0x2 
 .rodata.__func__.1
                0x10007b70        0xe CMakeFiles/PicoDrone.dir/home/adrian/pico/pico-sdk/lib/tinyusb/src/portable/raspberrypi/rp2040/dcd_rp2040.c.obj
 *fill*         0x10007b7e        0x2 
 .rodata.__func__.3
                0x10007b80       0x10 CMakeFiles/PicoDrone.dir/home/adrian/pico/pico-sdk/lib/tinyusb/src/portable/raspberrypi/rp2040/dcd_rp2040.c.obj
 .rodata.__func__.5
                0x10007b90        0xf CMakeFiles/PicoDrone.dir/home/adrian/pico/pico-sdk/lib/tinyusb/src/portable/raspberrypi/rp2040/dcd_rp2040.c.obj
 *fill*         0x10007b9f        0x1 
 .rodata.__func__.6
                0x10007ba0       0x13 CMakeFiles/PicoDrone.dir/home/adrian/pico/pico-sdk/lib/tinyusb/src/portable/raspberrypi/rp2040/dcd_rp2040.c.obj
 *fill*         0x10007bb3        0x1 
 .rodata.__func__.7
                0x10007bb4        0x9 CMakeFiles/PicoDrone.dir/home/adrian/pico/pico-sdk/lib/tinyusb/src/portable/raspberrypi/rp2040/dcd_rp2040.c.obj
 .rodata.str1.4
                0x10007bbd       0xe7 CMakeFiles/PicoDrone.dir/home/adrian/pico/pico-sdk/lib/tinyusb/src/portable/raspberrypi/rp2040/rp2040_usb.c.obj
 *fill*         0x10007bbd        0x3 
 .rodata.__func__.0
                0x10007bc0        0xf CMakeFiles/PicoDrone.dir/home/adrian/pico/pico-sdk/lib/tinyusb/src/portable/raspberrypi/rp2040/rp2040_usb.c.obj
 *fill*         0x10007bcf        0x1 
 .rodata.process_get_descriptor
                0x10007bd0       0x40 CMakeFiles/PicoDrone.dir/home/adrian/pico/pico-sdk/lib/tinyusb/src/device/usbd.c.obj
 .rodata.process_control_request
                0x10007c10       0x28 CMakeFiles/PicoDrone.dir/home/adrian/pico/pico-sdk/lib/tinyusb/src/device/usbd.c.obj
 .rodata.tud_task_ext
                0x10007c38       0x24 CMakeFiles/PicoDrone.dir/home/adrian/pico/pico-sdk/lib/tinyusb/src/device/usbd.c.obj
 .rodata._usbd_driver
                0x10007c5c       0x18 CMakeFiles/PicoDrone.dir/home/adrian/pico/pico-sdk/lib/tinyusb/src/device/usbd.c.obj
                0x10007c74                        . = ALIGN (0x4)
 *(SORT_BY_ALIGNMENT(SORT_BY_NAME(.flashdata*)))
                0x10007c74                        . = ALIGN (0x4)

.ARM.extab      0x10007c74       0x30
 *(.ARM.extab* .gnu.linkonce.armextab.*)
 .ARM.extab     0x10007c74       0x24 /usr/lib/gcc/arm-none-eabi/12.2.1/thumb/v6-m/nofp/libgcc.a(unwind-arm.o)
 .ARM.extab     0x10007c98        0xc /usr/lib/gcc/arm-none-eabi/12.2.1/thumb/v6-m/nofp/libgcc.a(pr-support.o)
                0x10007ca4                        __exidx_start = .

.ARM.exidx      0x10007ca4       0xd8
 *(.ARM.exidx* .gnu.linkonce.armexidx.*)
 .ARM.exidx.text.pwm_set_chan_level
                0x10007ca4        0x8 CMakeFiles/PicoDrone.dir/PicoDrone.cpp.obj
 .ARM.exidx.text.main
                0x10007cac       0x10 CMakeFiles/PicoDrone.dir/PicoDrone.cpp.obj
                                  0x8 (size before relaxing)
 .ARM.exidx     0x10007cbc       0x90 /usr/lib/gcc/arm-none-eabi/12.2.1/thumb/v6-m/nofp/libgcc.a(unwind-arm.o)
                                 0xd8 (size before relaxing)
 .ARM.exidx     0x10007d4c       0x30 /usr/lib/gcc/arm-none-eabi/12.2.1/thumb/v6-m/nofp/libgcc.a(pr-support.o)
                                 0x38 (size before relaxing)
                0x10007d7c                        __exidx_end = .
                0x10007d7c                        . = ALIGN (0x4)
                0x10007d7c                        __binary_info_start = .

.binary_info    0x10007d7c       0x24
 *(.binary_info.keep.*)
 .binary_info.keep.__bi_ptr81
                0x10007d7c        0x4 CMakeFiles/PicoDrone.dir/home/adrian/pico/pico-sdk/src/rp2_common/pico_standard_link/binary_info.c.obj
 .binary_info.keep.__bi_ptr75
                0x10007d80        0x4 CMakeFiles/PicoDrone.dir/home/adrian/pico/pico-sdk/src/rp2_common/pico_standard_link/binary_info.c.obj
 .binary_info.keep.__bi_ptr56
                0x10007d84        0x4 CMakeFiles/PicoDrone.dir/home/adrian/pico/pico-sdk/src/rp2_common/pico_standard_link/binary_info.c.obj
 .binary_info.keep.__bi_ptr50
                0x10007d88        0x4 CMakeFiles/PicoDrone.dir/home/adrian/pico/pico-sdk/src/rp2_common/pico_standard_link/binary_info.c.obj
 .binary_info.keep.__bi_ptr44
                0x10007d8c        0x4 CMakeFiles/PicoDrone.dir/home/adrian/pico/pico-sdk/src/rp2_common/pico_standard_link/binary_info.c.obj
 .binary_info.keep.__bi_ptr38
                0x10007d90        0x4 CMakeFiles/PicoDrone.dir/home/adrian/pico/pico-sdk/src/rp2_common/pico_standard_link/binary_info.c.obj
 .binary_info.keep.__bi_ptr30
                0x10007d94        0x4 CMakeFiles/PicoDrone.dir/home/adrian/pico/pico-sdk/src/rp2_common/pico_standard_link/binary_info.c.obj
 .binary_info.keep.__bi_ptr22
                0x10007d98        0x4 CMakeFiles/PicoDrone.dir/home/adrian/pico/pico-sdk/src/rp2_common/pico_standard_link/binary_info.c.obj
 *(.binary_info.*)
 .binary_info.__bi_ptr182
                0x10007d9c        0x4 CMakeFiles/PicoDrone.dir/home/adrian/pico/pico-sdk/src/rp2_common/pico_stdio_usb/stdio_usb.c.obj
                0x10007da0                        __binary_info_end = .

.rel.dyn        0x10007da0        0x0
 .rel.iplt      0x10007da0        0x0 /usr/lib/gcc/arm-none-eabi/12.2.1/thumb/v6-m/nofp/crtbegin.o
                0x10007da0                        . = ALIGN (0x4)

.ram_vector_table
                0x20000000       0xc0
 *(.ram_vector_table)
 .ram_vector_table
                0x20000000       0xc0 CMakeFiles/PicoDrone.dir/home/adrian/pico/pico-sdk/src/rp2_common/pico_runtime/runtime.c.obj
                0x20000000                ram_vector_table

.data           0x200000c0     0x1a20 load address 0x10007da0
                0x200000c0                        __data_start__ = .
 *(vtable)
 *(.time_critical*)
 .time_critical.mutex_try_enter
                0x200000c0       0x46 CMakeFiles/PicoDrone.dir/home/adrian/pico/pico-sdk/src/common/pico_sync/mutex.c.obj
                0x200000c0                mutex_try_enter
 *fill*         0x20000106        0x2 
 .time_critical.mutex_enter_block_until
                0x20000108       0x8c CMakeFiles/PicoDrone.dir/home/adrian/pico/pico-sdk/src/common/pico_sync/mutex.c.obj
                0x20000108                mutex_enter_block_until
 .time_critical.mutex_try_enter_block_until
                0x20000194       0x34 CMakeFiles/PicoDrone.dir/home/adrian/pico/pico-sdk/src/common/pico_sync/mutex.c.obj
                0x20000194                mutex_try_enter_block_until
 .time_critical.mutex_enter_timeout_ms
                0x200001c8       0x1a CMakeFiles/PicoDrone.dir/home/adrian/pico/pico-sdk/src/common/pico_sync/mutex.c.obj
                0x200001c8                mutex_enter_timeout_ms
 *fill*         0x200001e2        0x2 
 .time_critical.mutex_exit
                0x200001e4       0x4c CMakeFiles/PicoDrone.dir/home/adrian/pico/pico-sdk/src/common/pico_sync/mutex.c.obj
                0x200001e4                mutex_exit
 .time_critical.flash_init_boot2_copyout
                0x20000230       0x30 CMakeFiles/PicoDrone.dir/home/adrian/pico/pico-sdk/src/rp2_common/hardware_flash/flash.c.obj
 .time_critical.flash_enable_xip_via_boot2
                0x20000260        0xc CMakeFiles/PicoDrone.dir/home/adrian/pico/pico-sdk/src/rp2_common/hardware_flash/flash.c.obj
 .time_critical.flash_cs_force
                0x2000026c       0x28 CMakeFiles/PicoDrone.dir/home/adrian/pico/pico-sdk/src/rp2_common/hardware_flash/flash.c.obj
 .time_critical.flash_do_cmd
                0x20000294       0xd8 CMakeFiles/PicoDrone.dir/home/adrian/pico/pico-sdk/src/rp2_common/hardware_flash/flash.c.obj
                0x20000294                flash_do_cmd
 .time_critical.reset_non_control_endpoints
                0x2000036c       0x40 CMakeFiles/PicoDrone.dir/home/adrian/pico/pico-sdk/lib/tinyusb/src/portable/raspberrypi/rp2040/dcd_rp2040.c.obj
 .time_critical.hw_handle_buff_status
                0x200003ac       0xa4 CMakeFiles/PicoDrone.dir/home/adrian/pico/pico-sdk/lib/tinyusb/src/portable/raspberrypi/rp2040/dcd_rp2040.c.obj
 .time_critical.dcd_rp2040_irq
                0x20000450      0x1b8 CMakeFiles/PicoDrone.dir/home/adrian/pico/pico-sdk/lib/tinyusb/src/portable/raspberrypi/rp2040/dcd_rp2040.c.obj
 .time_critical.e15_is_bulkin_ep
                0x20000608       0x2c CMakeFiles/PicoDrone.dir/home/adrian/pico/pico-sdk/lib/tinyusb/src/portable/raspberrypi/rp2040/rp2040_usb.c.obj
 .time_critical.e15_is_critical_frame_period
                0x20000634       0x30 CMakeFiles/PicoDrone.dir/home/adrian/pico/pico-sdk/lib/tinyusb/src/portable/raspberrypi/rp2040/rp2040_usb.c.obj
 .time_critical.prepare_ep_buffer
                0x20000664       0x6c CMakeFiles/PicoDrone.dir/home/adrian/pico/pico-sdk/lib/tinyusb/src/portable/raspberrypi/rp2040/rp2040_usb.c.obj
 .time_critical.sync_ep_buffer
                0x200006d0       0x7c CMakeFiles/PicoDrone.dir/home/adrian/pico/pico-sdk/lib/tinyusb/src/portable/raspberrypi/rp2040/rp2040_usb.c.obj
 .time_critical._hw_endpoint_xfer_sync
                0x2000074c       0x28 CMakeFiles/PicoDrone.dir/home/adrian/pico/pico-sdk/lib/tinyusb/src/portable/raspberrypi/rp2040/rp2040_usb.c.obj
 .time_critical.hw_endpoint_reset_transfer
                0x20000774        0xc CMakeFiles/PicoDrone.dir/home/adrian/pico/pico-sdk/lib/tinyusb/src/portable/raspberrypi/rp2040/rp2040_usb.c.obj
                0x20000774                hw_endpoint_reset_transfer
 .time_critical._hw_endpoint_buffer_control_update32
                0x20000780       0x58 CMakeFiles/PicoDrone.dir/home/adrian/pico/pico-sdk/lib/tinyusb/src/portable/raspberrypi/rp2040/rp2040_usb.c.obj
                0x20000780                _hw_endpoint_buffer_control_update32
 .time_critical.hw_endpoint_start_next_buffer
                0x200007d8       0x7c CMakeFiles/PicoDrone.dir/home/adrian/pico/pico-sdk/lib/tinyusb/src/portable/raspberrypi/rp2040/rp2040_usb.c.obj
                0x200007d8                hw_endpoint_start_next_buffer
 .time_critical.hw_endpoint_xfer_continue
                0x20000854       0x50 CMakeFiles/PicoDrone.dir/home/adrian/pico/pico-sdk/lib/tinyusb/src/portable/raspberrypi/rp2040/rp2040_usb.c.obj
                0x20000854                hw_endpoint_xfer_continue
 .time_critical.tinyusb
                0x200008a4      0x1ac CMakeFiles/PicoDrone.dir/home/adrian/pico/pico-sdk/lib/tinyusb/src/device/usbd.c.obj
                0x200008a4                dcd_event_handler
 *(.text*)
 .text          0x20000a50        0x4 /usr/lib/gcc/arm-none-eabi/12.2.1/thumb/v6-m/nofp/libgcc.a(_dvmd_tls.o)
                0x20000a50                __aeabi_ldiv0
                0x20000a50                __aeabi_idiv0
 .text          0x20000a54      0xa40 /usr/lib/gcc/arm-none-eabi/12.2.1/thumb/v6-m/nofp/libgcc.a(unwind-arm.o)
                0x20000d08                _Unwind_GetCFA
                0x20000d0c                __gnu_Unwind_RaiseException
                0x20000d5c                __gnu_Unwind_ForcedUnwind
                0x20000d70                __gnu_Unwind_Resume
                0x20000db4                __gnu_Unwind_Resume_or_Rethrow
                0x20000dd0                _Unwind_Complete
                0x20000dd4                _Unwind_DeleteException
                0x20000de4                _Unwind_VRS_Get
                0x20000e30                _Unwind_VRS_Set
                0x20000e7c                __gnu_Unwind_Backtrace
                0x200011c4                __aeabi_unwind_cpp_pr0
                0x200011d0                __aeabi_unwind_cpp_pr1
                0x200011dc                __aeabi_unwind_cpp_pr2
                0x200011e8                _Unwind_VRS_Pop
 .text          0x20001494      0x144 /usr/lib/gcc/arm-none-eabi/12.2.1/thumb/v6-m/nofp/libgcc.a(libunwind.o)
                0x20001494                __restore_core_regs
                0x20001494                restore_core_regs
                0x200014c0                __gnu_Unwind_Restore_VFP
                0x200014c4                __gnu_Unwind_Save_VFP
                0x200014c8                __gnu_Unwind_Restore_VFP_D
                0x200014cc                __gnu_Unwind_Save_VFP_D
                0x200014d0                __gnu_Unwind_Restore_VFP_D_16_to_31
                0x200014d4                __gnu_Unwind_Save_VFP_D_16_to_31
                0x200014d8                __gnu_Unwind_Restore_WMMXD
                0x200014dc                __gnu_Unwind_Save_WMMXD
                0x200014e0                __gnu_Unwind_Restore_WMMXC
                0x200014e4                __gnu_Unwind_Save_WMMXC
                0x200014e8                ___Unwind_RaiseException
                0x200014e8                _Unwind_RaiseException
                0x20001518                ___Unwind_Resume
                0x20001518                _Unwind_Resume
                0x20001548                _Unwind_Resume_or_Rethrow
                0x20001548                ___Unwind_Resume_or_Rethrow
                0x20001578                ___Unwind_ForcedUnwind
                0x20001578                _Unwind_ForcedUnwind
                0x200015a8                _Unwind_Backtrace
                0x200015a8                ___Unwind_Backtrace
 .text          0x200015d8      0x368 /usr/lib/gcc/arm-none-eabi/12.2.1/thumb/v6-m/nofp/libgcc.a(pr-support.o)
                0x2000162c                __gnu_unwind_execute
                0x200018f8                __gnu_unwind_frame
                0x20001920                _Unwind_GetRegionStart
                0x2000192c                _Unwind_GetLanguageSpecificData
 .text.__stub   0x20001940       0xa0 linker stubs
                0x200019e0                        . = ALIGN (0x4)
 *(.rodata*)
                0x200019e0                        . = ALIGN (0x4)
 *(.data*)
 .data.striped_spin_lock_num
                0x200019e0        0x1 CMakeFiles/PicoDrone.dir/home/adrian/pico/pico-sdk/src/rp2_common/hardware_sync/sync.c.obj
 *fill*         0x200019e1        0x3 
 .data          0x200019e4       0x48 CMakeFiles/PicoDrone.dir/home/adrian/pico/pico-sdk/src/rp2_common/hardware_irq/irq_handler_chain.S.obj
                0x200019e4                irq_handler_chain_slots
                0x20001a14                irq_handler_chain_first_slot
                0x20001a1e                irq_handler_chain_remove_tail
 .data.default_alarm_pool
                0x20001a2c       0x18 CMakeFiles/PicoDrone.dir/home/adrian/pico/pico-sdk/src/common/pico_time/time.c.obj
 .data.default_alarm_pool_heap
                0x20001a44       0x10 CMakeFiles/PicoDrone.dir/home/adrian/pico/pico-sdk/src/common/pico_time/time.c.obj
 *fill*         0x20001a54        0xc 
 .data.aeabi_bits_funcs
                0x20001a60       0x10 CMakeFiles/PicoDrone.dir/home/adrian/pico/pico-sdk/src/rp2_common/pico_bit_ops/bit_ops_aeabi.S.obj
                0x20001a60                aeabi_bits_funcs
                0x20001a70                aeabi_bits_funcs_end
 .data.aeabi_mem_funcs
                0x20001a70       0x10 CMakeFiles/PicoDrone.dir/home/adrian/pico/pico-sdk/src/rp2_common/pico_mem_ops/mem_ops_aeabi.S.obj
                0x20001a70                aeabi_mem_funcs
                0x20001a80                aeabi_mem_funcs_end
 .data.stdio_usb
                0x20001a80       0x18 CMakeFiles/PicoDrone.dir/home/adrian/pico/pico-sdk/src/rp2_common/pico_stdio_usb/stdio_usb.c.obj
                0x20001a80                stdio_usb
 .data.ep_dir_string
                0x20001a98        0x8 CMakeFiles/PicoDrone.dir/home/adrian/pico/pico-sdk/lib/tinyusb/src/portable/raspberrypi/rp2040/rp2040_usb.c.obj
                0x20001a98                ep_dir_string
 .data._usbd_qdef
                0x20001aa0       0x1c CMakeFiles/PicoDrone.dir/home/adrian/pico/pico-sdk/lib/tinyusb/src/device/usbd.c.obj
                0x20001aa0                _usbd_qdef
 .data._usbd_rhport
                0x20001abc        0x1 CMakeFiles/PicoDrone.dir/home/adrian/pico/pico-sdk/lib/tinyusb/src/device/usbd.c.obj
                0x20001ac0                        . = ALIGN (0x4)
 *fill*         0x20001abd        0x3 
 *(.after_data.*)
                0x20001ac0                        . = ALIGN (0x4)
                0x20001ac0                        PROVIDE (__mutex_array_start = .)
 *(SORT_BY_NAME(.mutex_array.*))
 *(.mutex_array)
 .mutex_array   0x20001ac0        0x8 CMakeFiles/PicoDrone.dir/home/adrian/pico/pico-sdk/src/rp2_common/pico_stdio/stdio.c.obj
                0x20001ac8                        PROVIDE (__mutex_array_end = .)
                0x20001ac8                        . = ALIGN (0x4)
                0x20001ac8                        PROVIDE (__preinit_array_start = .)
 *(SORT_BY_NAME(.preinit_array.*))
 .preinit_array.00001
                0x20001ac8        0x4 CMakeFiles/PicoDrone.dir/home/adrian/pico/pico-sdk/src/rp2_common/pico_mem_ops/mem_ops_aeabi.S.obj
 .preinit_array.00010
                0x20001acc        0x4 CMakeFiles/PicoDrone.dir/home/adrian/pico/pico-sdk/src/rp2_common/pico_bit_ops/bit_ops_aeabi.S.obj
 .preinit_array.00020
                0x20001ad0        0x4 CMakeFiles/PicoDrone.dir/home/adrian/pico/pico-sdk/src/rp2_common/pico_double/double_aeabi.S.obj
 .preinit_array.00020
                0x20001ad4        0x4 CMakeFiles/PicoDrone.dir/home/adrian/pico/pico-sdk/src/rp2_common/pico_float/float_aeabi.S.obj
 *(.preinit_array)
                0x20001ad8                        PROVIDE (__preinit_array_end = .)
                0x20001ad8                        . = ALIGN (0x4)
                0x20001ad8                        PROVIDE (__init_array_start = .)
 *(SORT_BY_NAME(.init_array.*))
 *(.init_array)
 .init_array    0x20001ad8        0x4 /usr/lib/gcc/arm-none-eabi/12.2.1/thumb/v6-m/nofp/crtbegin.o
 .init_array    0x20001adc        0x4 CMakeFiles/PicoDrone.dir/home/adrian/pico/pico-sdk/src/rp2_common/pico_unique_id/unique_id.c.obj
                0x20001ae0                        PROVIDE (__init_array_end = .)
                0x20001ae0                        . = ALIGN (0x4)
                0x20001ae0                        PROVIDE (__fini_array_start = .)
 *(SORT_BY_NAME(.fini_array.*))
 *(.fini_array)
                0x20001ae0                        PROVIDE (__fini_array_end = .)
 *(.jcr)
                0x20001ae0                        . = ALIGN (0x4)
                0x20001ae0                        __data_end__ = .
                0x10007da0                        __etext = LOADADDR (.data)

.tm_clone_table
                0x20001ae0        0x0 load address 0x100097c0
 .tm_clone_table
                0x20001ae0        0x0 /usr/lib/gcc/arm-none-eabi/12.2.1/thumb/v6-m/nofp/crtbegin.o
 .tm_clone_table
                0x20001ae0        0x0 /usr/lib/gcc/arm-none-eabi/12.2.1/thumb/v6-m/nofp/crtend.o

.igot.plt       0x20001ae0        0x0 load address 0x100097c0