Archive member included to satisfy reference by file (symbol)

/usr/lib/gcc/arm-none-eabi/12.2.1/thumb/v6-m/nofp/libgcc.a(_dvmd_tls.o)
                              CMakeFiles/mpu_pid_pwm.dir/home/adrian/pico/pico-sdk/src/rp2_common/pico_divider/divider.S.obj (__aeabi_idiv0)
/usr/lib/gcc/arm-none-eabi/12.2.1/../../../arm-none-eabi/lib/thumb/v6-m/nofp/libg.a(lib_a-atexit.o)
                              /usr/lib/gcc/arm-none-eabi/12.2.1/../../../arm-none-eabi/lib/thumb/v6-m/nofp/crt0.o (atexit)
/usr/lib/gcc/arm-none-eabi/12.2.1/../../../arm-none-eabi/lib/thumb/v6-m/nofp/libg.a(lib_a-calloc.o)
                              CMakeFiles/mpu_pid_pwm.dir/home/adrian/pico/pico-sdk/src/rp2_common/pico_malloc/pico_malloc.c.obj (calloc)
/usr/lib/gcc/arm-none-eabi/12.2.1/../../../arm-none-eabi/lib/thumb/v6-m/nofp/libg.a(lib_a-callocr.o)
                              /usr/lib/gcc/arm-none-eabi/12.2.1/../../../arm-none-eabi/lib/thumb/v6-m/nofp/libg.a(lib_a-calloc.o) (_calloc_r)
/usr/lib/gcc/arm-none-eabi/12.2.1/../../../arm-none-eabi/lib/thumb/v6-m/nofp/libg.a(lib_a-fini.o)
                              /usr/lib/gcc/arm-none-eabi/12.2.1/../../../arm-none-eabi/lib/thumb/v6-m/nofp/crt0.o (__libc_fini_array)
/usr/lib/gcc/arm-none-eabi/12.2.1/../../../arm-none-eabi/lib/thumb/v6-m/nofp/libg.a(lib_a-impure.o)
                              /usr/lib/gcc/arm-none-eabi/12.2.1/../../../arm-none-eabi/lib/thumb/v6-m/nofp/libg.a(lib_a-calloc.o) (_impure_ptr)
/usr/lib/gcc/arm-none-eabi/12.2.1/../../../arm-none-eabi/lib/thumb/v6-m/nofp/libg.a(lib_a-init.o)
                              /usr/lib/gcc/arm-none-eabi/12.2.1/../../../arm-none-eabi/lib/thumb/v6-m/nofp/crt0.o (__libc_init_array)
/usr/lib/gcc/arm-none-eabi/12.2.1/../../../arm-none-eabi/lib/thumb/v6-m/nofp/libg.a(lib_a-malloc.o)
                              CMakeFiles/mpu_pid_pwm.dir/home/adrian/pico/pico-sdk/src/rp2_common/pico_malloc/pico_malloc.c.obj (malloc)
/usr/lib/gcc/arm-none-eabi/12.2.1/../../../arm-none-eabi/lib/thumb/v6-m/nofp/libg.a(lib_a-mallocr.o)
                              /usr/lib/gcc/arm-none-eabi/12.2.1/../../../arm-none-eabi/lib/thumb/v6-m/nofp/libg.a(lib_a-callocr.o) (_malloc_r)
/usr/lib/gcc/arm-none-eabi/12.2.1/../../../arm-none-eabi/lib/thumb/v6-m/nofp/libg.a(lib_a-memcmp.o)
                              CMakeFiles/mpu_pid_pwm.dir/home/adrian/pico/pico-sdk/lib/cyw43-driver/src/cyw43_ll.c.obj (memcmp)
/usr/lib/gcc/arm-none-eabi/12.2.1/../../../arm-none-eabi/lib/thumb/v6-m/nofp/libg.a(lib_a-memmove.o)
                              CMakeFiles/mpu_pid_pwm.dir/home/adrian/pico/pico-sdk/lib/cyw43-driver/src/cyw43_ll.c.obj (memmove)
/usr/lib/gcc/arm-none-eabi/12.2.1/../../../arm-none-eabi/lib/thumb/v6-m/nofp/libg.a(lib_a-mlock.o)
                              /usr/lib/gcc/arm-none-eabi/12.2.1/../../../arm-none-eabi/lib/thumb/v6-m/nofp/libg.a(lib_a-mallocr.o) (__malloc_lock)
/usr/lib/gcc/arm-none-eabi/12.2.1/../../../arm-none-eabi/lib/thumb/v6-m/nofp/libg.a(lib_a-realloc.o)
                              CMakeFiles/mpu_pid_pwm.dir/home/adrian/pico/pico-sdk/src/rp2_common/pico_malloc/pico_malloc.c.obj (realloc)
/usr/lib/gcc/arm-none-eabi/12.2.1/../../../arm-none-eabi/lib/thumb/v6-m/nofp/libg.a(lib_a-reallocr.o)
                              /usr/lib/gcc/arm-none-eabi/12.2.1/../../../arm-none-eabi/lib/thumb/v6-m/nofp/libg.a(lib_a-realloc.o) (_realloc_r)
/usr/lib/gcc/arm-none-eabi/12.2.1/../../../arm-none-eabi/lib/thumb/v6-m/nofp/libg.a(lib_a-sbrkr.o)
                              /usr/lib/gcc/arm-none-eabi/12.2.1/../../../arm-none-eabi/lib/thumb/v6-m/nofp/libg.a(lib_a-mallocr.o) (_sbrk_r)
/usr/lib/gcc/arm-none-eabi/12.2.1/../../../arm-none-eabi/lib/thumb/v6-m/nofp/libg.a(lib_a-strlen-stub.o)
                              CMakeFiles/mpu_pid_pwm.dir/home/adrian/pico/pico-sdk/src/rp2_common/pico_stdio/stdio.c.obj (strlen)
/usr/lib/gcc/arm-none-eabi/12.2.1/../../../arm-none-eabi/lib/thumb/v6-m/nofp/libg.a(lib_a-strncmp.o)
                              CMakeFiles/mpu_pid_pwm.dir/home/adrian/pico/pico-sdk/lib/cyw43-driver/src/cyw43_ll.c.obj (strncmp)
/usr/lib/gcc/arm-none-eabi/12.2.1/../../../arm-none-eabi/lib/thumb/v6-m/nofp/libg.a(lib_a-__atexit.o)
                              /usr/lib/gcc/arm-none-eabi/12.2.1/../../../arm-none-eabi/lib/thumb/v6-m/nofp/libg.a(lib_a-atexit.o) (__register_exitproc)
/usr/lib/gcc/arm-none-eabi/12.2.1/../../../arm-none-eabi/lib/thumb/v6-m/nofp/libg.a(lib_a-freer.o)
                              /usr/lib/gcc/arm-none-eabi/12.2.1/../../../arm-none-eabi/lib/thumb/v6-m/nofp/libg.a(lib_a-malloc.o) (_free_r)
/usr/lib/gcc/arm-none-eabi/12.2.1/../../../arm-none-eabi/lib/thumb/v6-m/nofp/libg.a(lib_a-reent.o)
                              /usr/lib/gcc/arm-none-eabi/12.2.1/../../../arm-none-eabi/lib/thumb/v6-m/nofp/libg.a(lib_a-sbrkr.o) (errno)

Discarded input sections

 .text          0x00000000        0x0 /usr/lib/gcc/arm-none-eabi/12.2.1/thumb/v6-m/nofp/crti.o
[...]
Memory Configuration

Name             Origin             Length             Attributes
FLASH            0x10000000         0x00200000         xr
RAM              0x20000000         0x00040000         xrw
SCRATCH_X        0x20040000         0x00001000         xrw
SCRATCH_Y        0x20041000         0x00001000         xrw
*default*        0x00000000         0xffffffff

Linker script and memory map

LOAD /usr/lib/gcc/arm-none-eabi/12.2.1/thumb/v6-m/nofp/crti.o
LOAD /usr/lib/gcc/arm-none-eabi/12.2.1/thumb/v6-m/nofp/crtbegin.o
LOAD /usr/lib/gcc/arm-none-eabi/12.2.1/../../../arm-none-eabi/lib/thumb/v6-m/nofp/crt0.o

.flash_begin    0x10000000        0x0
                0x10000000                        __flash_binary_start = .

.boot2          0x10000000      0x100
                0x10000000                        __boot2_start__ = .
 *(.boot2)
 .boot2         0x10000000      0x100 /tmp/ccjXubeV.o
                0x10000100                        __boot2_end__ = .
                0x00000001                        ASSERT (((__boot2_end__ - __boot2_start__) == 0x100), ERROR: Pico second stage bootloader must be 256 bytes in size)

.text           0x10000100     0x7b58
                0x10000100                        __logical_binary_start = .
 *(.vectors)
 .vectors       0x10000100       0xd4 CMakeFiles/mpu_pid_pwm.dir/home/adrian/pico/pico-sdk/src/rp2_common/pico_standard_link/crt0.S.obj
                0x10000100                __vectors
                0x10000100                __VECTOR_TABLE
                0x100001c0                isr_invalid
                0x100001c0                __default_isrs_start
                0x100001c2                isr_nmi
                0x100001c4                isr_hardfault
                0x100001c6                isr_svcall
                0x100001c8                isr_pendsv
                0x100001ca                isr_systick
                0x100001cc                isr_irq30
                0x100001cc                __unhandled_user_irq
                0x100001cc                isr_irq13
                0x100001cc                isr_irq27
                0x100001cc                isr_irq31
                0x100001cc                isr_irq5
                0x100001cc                isr_irq11
                0x100001cc                isr_irq23
                0x100001cc                isr_irq18
                0x100001cc                isr_irq28
                0x100001cc                isr_irq19
                0x100001cc                isr_irq0
                0x100001cc                isr_irq6
                0x100001cc                isr_irq22
                0x100001cc                isr_irq17
                0x100001cc                isr_irq14
                0x100001cc                isr_irq2
                0x100001cc                isr_irq10
                0x100001cc                isr_irq8
                0x100001cc                isr_irq24
                0x100001cc                isr_irq1
                0x100001cc                isr_irq7
                0x100001cc                isr_irq21
                0x100001cc                isr_irq20
                0x100001cc                isr_irq15
                0x100001cc                isr_irq25
                0x100001cc                isr_irq4
                0x100001cc                isr_irq16
                0x100001cc                isr_irq29
                0x100001cc                isr_irq26
                0x100001cc                __default_isrs_end
                0x100001cc                isr_irq3
                0x100001cc                isr_irq12
                0x100001cc                isr_irq9
                0x100001d2                unhandled_user_irq_num_in_r0
 *(.binary_info_header)
 .binary_info_header
                0x100001d4       0x14 CMakeFiles/mpu_pid_pwm.dir/home/adrian/pico/pico-sdk/src/rp2_common/pico_standard_link/crt0.S.obj
                0x100001e8                        __binary_info_header_end = .
 *(.reset)
 .reset         0x100001e8       0xa0 CMakeFiles/mpu_pid_pwm.dir/home/adrian/pico/pico-sdk/src/rp2_common/pico_standard_link/crt0.S.obj
                0x100001e8                _entry_point
 .reset         0x10000288       0x30 CMakeFiles/mpu_pid_pwm.dir/home/adrian/pico/pico-sdk/src/rp2_common/pico_standard_link/binary_info.c.obj
 *(.init)
 .init          0x100002b8        0x4 /usr/lib/gcc/arm-none-eabi/12.2.1/thumb/v6-m/nofp/crti.o
                0x100002b8                _init
 *(EXCLUDE_FILE(*libm.a: *libc.a:*lib_a-mem*.o *libgcc.a:) .text*)
 .text          0x100002bc       0x98 /usr/lib/gcc/arm-none-eabi/12.2.1/thumb/v6-m/nofp/crtbegin.o
 .text.main     0x10000354       0x18 CMakeFiles/mpu_pid_pwm.dir/main.cpp.obj
                0x10000354                main
 .text._ZL13mpu6050_resetv
                0x1000036c       0x20 CMakeFiles/mpu_pid_pwm.dir/mpu.cpp.obj
 .text._ZL16mpu6050_read_rawPsS_S_
                0x1000038c       0xe4 CMakeFiles/mpu_pid_pwm.dir/mpu.cpp.obj
 .text.adc_gpio_init
                0x10000470       0x1e CMakeFiles/mpu_pid_pwm.dir/mpu.cpp.obj
 *fill*         0x1000048e        0x2 
 .text._Z11mpu6050_runv
                0x10000490      0x5ec CMakeFiles/mpu_pid_pwm.dir/mpu.cpp.obj
                0x10000490                mpu6050_run()
 .text._ZN14controladorPIDC2Efffb
                0x10000a7c       0x1e CMakeFiles/mpu_pid_pwm.dir/pid.cpp.obj
                0x10000a7c                controladorPID::controladorPID(float, float, float, bool)
                0x10000a7c                controladorPID::controladorPID(float, float, float, bool)
 *fill*         0x10000a9a        0x2 
 .text._ZN14controladorPID8computarEff
                0x10000a9c       0xe8 CMakeFiles/mpu_pid_pwm.dir/pid.cpp.obj
                0x10000a9c                controladorPID::computar(float, float)
 .text.pwm_set_chan_level
                0x10000b84       0x40 CMakeFiles/mpu_pid_pwm.dir/pwm.cpp.obj
 .text._ZN14controladorPWMC2Ei
                0x10000bc4        0xa CMakeFiles/mpu_pid_pwm.dir/pwm.cpp.obj
                0x10000bc4                controladorPWM::controladorPWM(int)
                0x10000bc4                controladorPWM::controladorPWM(int)
 *fill*         0x10000bce        0x2 
 .text._ZN14controladorPWM11inicializarEv
                0x10000bd0       0x68 CMakeFiles/mpu_pid_pwm.dir/pwm.cpp.obj
                0x10000bd0                controladorPWM::inicializar()
 .text._ZN14controladorPWM9controlarEt
                0x10000c38        0xe CMakeFiles/mpu_pid_pwm.dir/pwm.cpp.obj
                0x10000c38                controladorPWM::controlar(unsigned short)
 *fill*         0x10000c46        0x2 
 .text.gpio_set_function
                0x10000c48       0x30 CMakeFiles/mpu_pid_pwm.dir/home/adrian/pico/pico-sdk/src/rp2_common/hardware_gpio/gpio.c.obj
                0x10000c48                gpio_set_function
 .text.gpio_set_pulls
                0x10000c78       0x34 CMakeFiles/mpu_pid_pwm.dir/home/adrian/pico/pico-sdk/src/rp2_common/hardware_gpio/gpio.c.obj
                0x10000c78                gpio_set_pulls
 .text.gpio_set_input_enabled
                0x10000cac       0x30 CMakeFiles/mpu_pid_pwm.dir/home/adrian/pico/pico-sdk/src/rp2_common/hardware_gpio/gpio.c.obj
                0x10000cac                gpio_set_input_enabled
 .text.running_on_fpga
                0x10000cdc       0x14 CMakeFiles/mpu_pid_pwm.dir/home/adrian/pico/pico-sdk/src/rp2_common/pico_platform/platform.c.obj
                0x10000cdc                running_on_fpga
 .text.hw_claim_lock
                0x10000cf0       0x18 CMakeFiles/mpu_pid_pwm.dir/home/adrian/pico/pico-sdk/src/rp2_common/hardware_claim/claim.c.obj
                0x10000cf0                hw_claim_lock
 .text.hw_claim_unlock
                0x10000d08       0x14 CMakeFiles/mpu_pid_pwm.dir/home/adrian/pico/pico-sdk/src/rp2_common/hardware_claim/claim.c.obj
                0x10000d08                hw_claim_unlock
 .text.hw_claim_or_assert
                0x10000d1c       0x32 CMakeFiles/mpu_pid_pwm.dir/home/adrian/pico/pico-sdk/src/rp2_common/hardware_claim/claim.c.obj
                0x10000d1c                hw_claim_or_assert
 .text.hw_claim_unused_from_range
                0x10000d4e       0x50 CMakeFiles/mpu_pid_pwm.dir/home/adrian/pico/pico-sdk/src/rp2_common/hardware_claim/claim.c.obj
                0x10000d4e                hw_claim_unused_from_range
 *fill*         0x10000d9e        0x2 
 .text.spin_locks_reset
                0x10000da0       0x20 CMakeFiles/mpu_pid_pwm.dir/home/adrian/pico/pico-sdk/src/rp2_common/hardware_sync/sync.c.obj
                0x10000da0                spin_locks_reset
 .text.next_striped_spin_lock_num
                0x10000dc0       0x1c CMakeFiles/mpu_pid_pwm.dir/home/adrian/pico/pico-sdk/src/rp2_common/hardware_sync/sync.c.obj
                0x10000dc0                next_striped_spin_lock_num
 .text.spin_lock_claim_unused
                0x10000ddc       0x24 CMakeFiles/mpu_pid_pwm.dir/home/adrian/pico/pico-sdk/src/rp2_common/hardware_sync/sync.c.obj
                0x10000ddc                spin_lock_claim_unused
 .text.set_raw_irq_handler_and_unlock
                0x10000e00       0x28 CMakeFiles/mpu_pid_pwm.dir/home/adrian/pico/pico-sdk/src/rp2_common/hardware_irq/irq.c.obj
 .text.resolve_branch
                0x10000e28       0x30 CMakeFiles/mpu_pid_pwm.dir/home/adrian/pico/pico-sdk/src/rp2_common/hardware_irq/irq.c.obj
 .text.make_branch
                0x10000e58       0x48 CMakeFiles/mpu_pid_pwm.dir/home/adrian/pico/pico-sdk/src/rp2_common/hardware_irq/irq.c.obj
 .text.insert_branch_and_link
                0x10000ea0       0x40 CMakeFiles/mpu_pid_pwm.dir/home/adrian/pico/pico-sdk/src/rp2_common/hardware_irq/irq.c.obj
 .text.irq_is_enabled
                0x10000ee0       0x18 CMakeFiles/mpu_pid_pwm.dir/home/adrian/pico/pico-sdk/src/rp2_common/hardware_irq/irq.c.obj
                0x10000ee0                irq_is_enabled
 .text.irq_set_mask_enabled
                0x10000ef8       0x20 CMakeFiles/mpu_pid_pwm.dir/home/adrian/pico/pico-sdk/src/rp2_common/hardware_irq/irq.c.obj
                0x10000ef8                irq_set_mask_enabled
 .text.irq_set_enabled
                0x10000f18        0xe CMakeFiles/mpu_pid_pwm.dir/home/adrian/pico/pico-sdk/src/rp2_common/hardware_irq/irq.c.obj
                0x10000f18                irq_set_enabled
 *fill*         0x10000f26        0x2 
 .text.irq_set_pending
                0x10000f28       0x10 CMakeFiles/mpu_pid_pwm.dir/home/adrian/pico/pico-sdk/src/rp2_common/hardware_irq/irq.c.obj
                0x10000f28                irq_set_pending
 .text.irq_get_vtable_handler
                0x10000f38       0x10 CMakeFiles/mpu_pid_pwm.dir/home/adrian/pico/pico-sdk/src/rp2_common/hardware_irq/irq.c.obj
                0x10000f38                irq_get_vtable_handler
 .text.irq_has_shared_handler
                0x10000f48       0x24 CMakeFiles/mpu_pid_pwm.dir/home/adrian/pico/pico-sdk/src/rp2_common/hardware_irq/irq.c.obj
                0x10000f48                irq_has_shared_handler
 .text.irq_set_exclusive_handler
                0x10000f6c       0x54 CMakeFiles/mpu_pid_pwm.dir/home/adrian/pico/pico-sdk/src/rp2_common/hardware_irq/irq.c.obj
                0x10000f6c                irq_set_exclusive_handler
 .text.irq_add_shared_handler
                0x10000fc0      0x210 CMakeFiles/mpu_pid_pwm.dir/home/adrian/pico/pico-sdk/src/rp2_common/hardware_irq/irq.c.obj
                0x10000fc0                irq_add_shared_handler
 .text.irq_remove_handler
                0x100011d0      0x188 CMakeFiles/mpu_pid_pwm.dir/home/adrian/pico/pico-sdk/src/rp2_common/hardware_irq/irq.c.obj
                0x100011d0                irq_remove_handler
 .text.irq_add_tail_to_free_list
                0x10001358       0xf0 CMakeFiles/mpu_pid_pwm.dir/home/adrian/pico/pico-sdk/src/rp2_common/hardware_irq/irq.c.obj
                0x10001358                irq_add_tail_to_free_list
 .text.irq_init_priorities
                0x10001448       0x1c CMakeFiles/mpu_pid_pwm.dir/home/adrian/pico/pico-sdk/src/rp2_common/hardware_irq/irq.c.obj
                0x10001448                irq_init_priorities
 .text.user_irq_claim_unused
                0x10001464       0x2c CMakeFiles/mpu_pid_pwm.dir/home/adrian/pico/pico-sdk/src/rp2_common/hardware_irq/irq.c.obj
                0x10001464                user_irq_claim_unused
 .text.lock_init
                0x10001490       0x10 CMakeFiles/mpu_pid_pwm.dir/home/adrian/pico/pico-sdk/src/common/pico_sync/lock_core.c.obj
                0x10001490                lock_init
 .text.update_us_since_boot
                0x100014a0       0x24 CMakeFiles/mpu_pid_pwm.dir/home/adrian/pico/pico-sdk/src/common/pico_sync/mutex.c.obj
 .text.delayed_by_ms
                0x100014c4       0x44 CMakeFiles/mpu_pid_pwm.dir/home/adrian/pico/pico-sdk/src/common/pico_sync/mutex.c.obj
 .text.get_absolute_time
                0x10001508       0x22 CMakeFiles/mpu_pid_pwm.dir/home/adrian/pico/pico-sdk/src/common/pico_sync/mutex.c.obj
 .text.make_timeout_time_ms
                0x1000152a       0x20 CMakeFiles/mpu_pid_pwm.dir/home/adrian/pico/pico-sdk/src/common/pico_sync/mutex.c.obj
 .text.mutex_init
                0x1000154a       0x1a CMakeFiles/mpu_pid_pwm.dir/home/adrian/pico/pico-sdk/src/common/pico_sync/mutex.c.obj
                0x1000154a                mutex_init
 .text.recursive_mutex_init
                0x10001564       0x1e CMakeFiles/mpu_pid_pwm.dir/home/adrian/pico/pico-sdk/src/common/pico_sync/mutex.c.obj
                0x10001564                recursive_mutex_init
 *fill*         0x10001582        0x2 
 .text.critical_section_init_with_lock_num
                0x10001584       0x14 CMakeFiles/mpu_pid_pwm.dir/home/adrian/pico/pico-sdk/src/common/pico_sync/critical_section.c.obj
                0x10001584                critical_section_init_with_lock_num
 .text.critical_section_init
                0x10001598       0x14 CMakeFiles/mpu_pid_pwm.dir/home/adrian/pico/pico-sdk/src/common/pico_sync/critical_section.c.obj
                0x10001598                critical_section_init
 .text.time_reached
                0x100015ac       0x28 CMakeFiles/mpu_pid_pwm.dir/home/adrian/pico/pico-sdk/src/common/pico_time/time.c.obj
 .text.get_entry
                0x100015d4       0x38 CMakeFiles/mpu_pid_pwm.dir/home/adrian/pico/pico-sdk/src/common/pico_time/time.c.obj
 .text.timer_pool_entry_comparator
                0x1000160c       0x2e CMakeFiles/mpu_pid_pwm.dir/home/adrian/pico/pico-sdk/src/common/pico_time/time.c.obj
                0x1000160c                timer_pool_entry_comparator
 *fill*         0x1000163a        0x2 
 .text.update_us_since_boot
                0x1000163c       0x24 CMakeFiles/mpu_pid_pwm.dir/home/adrian/pico/pico-sdk/src/common/pico_time/time.c.obj
 .text.delayed_by_us
                0x10001660       0x34 CMakeFiles/mpu_pid_pwm.dir/home/adrian/pico/pico-sdk/src/common/pico_time/time.c.obj
 .text.ph_get_node
                0x10001694       0x30 CMakeFiles/mpu_pid_pwm.dir/home/adrian/pico/pico-sdk/src/common/pico_time/time.c.obj
 .text.ph_contains_node
                0x100016c4       0x1e CMakeFiles/mpu_pid_pwm.dir/home/adrian/pico/pico-sdk/src/common/pico_time/time.c.obj
 .text.ph_new_node
                0x100016e2       0x28 CMakeFiles/mpu_pid_pwm.dir/home/adrian/pico/pico-sdk/src/common/pico_time/time.c.obj
 *fill*         0x1000170a        0x2 
 .text.ph_add_child_node
                0x1000170c       0x6c CMakeFiles/mpu_pid_pwm.dir/home/adrian/pico/pico-sdk/src/common/pico_time/time.c.obj
 .text.ph_merge_nodes
                0x10001778       0x3e CMakeFiles/mpu_pid_pwm.dir/home/adrian/pico/pico-sdk/src/common/pico_time/time.c.obj
 *fill*         0x100017b6        0x2 
 .text.ph_insert_node
                0x100017b8       0x3c CMakeFiles/mpu_pid_pwm.dir/home/adrian/pico/pico-sdk/src/common/pico_time/time.c.obj
 .text.ph_free_node
                0x100017f4       0x5c CMakeFiles/mpu_pid_pwm.dir/home/adrian/pico/pico-sdk/src/common/pico_time/time.c.obj
 .text.get_entry_id_high
                0x10001850       0x30 CMakeFiles/mpu_pid_pwm.dir/home/adrian/pico/pico-sdk/src/common/pico_time/time.c.obj
 .text.alarm_pool_post_alloc_init
                0x10001880       0x40 CMakeFiles/mpu_pid_pwm.dir/home/adrian/pico/pico-sdk/src/common/pico_time/time.c.obj
 .text.sleep_until_callback
                0x100018c0       0x30 CMakeFiles/mpu_pid_pwm.dir/home/adrian/pico/pico-sdk/src/common/pico_time/time.c.obj
 .text.get_absolute_time
                0x100018f0       0x22 CMakeFiles/mpu_pid_pwm.dir/home/adrian/pico/pico-sdk/src/common/pico_time/time.c.obj
 .text.make_timeout_time_us
                0x10001912       0x24 CMakeFiles/mpu_pid_pwm.dir/home/adrian/pico/pico-sdk/src/common/pico_time/time.c.obj
 *fill*         0x10001936        0x2 
 .text.add_alarm_under_lock
                0x10001938       0x94 CMakeFiles/mpu_pid_pwm.dir/home/adrian/pico/pico-sdk/src/common/pico_time/time.c.obj
 .text.alarm_pool_alarm_callback
                0x100019cc      0x210 CMakeFiles/mpu_pid_pwm.dir/home/adrian/pico/pico-sdk/src/common/pico_time/time.c.obj
 .text.alarm_pool_init_default
                0x10001bdc       0x40 CMakeFiles/mpu_pid_pwm.dir/home/adrian/pico/pico-sdk/src/common/pico_time/time.c.obj
                0x10001bdc                alarm_pool_init_default
 .text.alarm_pool_get_default
                0x10001c1c       0x2c CMakeFiles/mpu_pid_pwm.dir/home/adrian/pico/pico-sdk/src/common/pico_time/time.c.obj
                0x10001c1c                alarm_pool_get_default
 .text.alarm_pool_add_alarm_at
                0x10001c48      0x10e CMakeFiles/mpu_pid_pwm.dir/home/adrian/pico/pico-sdk/src/common/pico_time/time.c.obj
                0x10001c48                alarm_pool_add_alarm_at
 .text.add_alarm_at
                0x10001d56       0x2e CMakeFiles/mpu_pid_pwm.dir/home/adrian/pico/pico-sdk/src/common/pico_time/time.c.obj
 .text.alarm_pool_cancel_alarm
                0x10001d84       0xa8 CMakeFiles/mpu_pid_pwm.dir/home/adrian/pico/pico-sdk/src/common/pico_time/time.c.obj
                0x10001d84                alarm_pool_cancel_alarm
 .text.cancel_alarm
                0x10001e2c       0x10 CMakeFiles/mpu_pid_pwm.dir/home/adrian/pico/pico-sdk/src/common/pico_time/time.c.obj
 .text.alarm_pool_core_num
                0x10001e3c        0x4 CMakeFiles/mpu_pid_pwm.dir/home/adrian/pico/pico-sdk/src/common/pico_time/time.c.obj
                0x10001e3c                alarm_pool_core_num
 .text.sleep_until
                0x10001e40       0xb0 CMakeFiles/mpu_pid_pwm.dir/home/adrian/pico/pico-sdk/src/common/pico_time/time.c.obj
                0x10001e40                sleep_until
 .text.sleep_us
                0x10001ef0       0x1a CMakeFiles/mpu_pid_pwm.dir/home/adrian/pico/pico-sdk/src/common/pico_time/time.c.obj
                0x10001ef0                sleep_us
 .text.sleep_ms
                0x10001f0a       0x14 CMakeFiles/mpu_pid_pwm.dir/home/adrian/pico/pico-sdk/src/common/pico_time/time.c.obj
                0x10001f0a                sleep_ms
 *fill*         0x10001f1e        0x2 
 .text.best_effort_wfe_or_timeout
                0x10001f20       0x44 CMakeFiles/mpu_pid_pwm.dir/home/adrian/pico/pico-sdk/src/common/pico_time/time.c.obj
                0x10001f20                best_effort_wfe_or_timeout
 .text.hardware_alarm_irq_handler
                0x10001f64       0x8c CMakeFiles/mpu_pid_pwm.dir/home/adrian/pico/pico-sdk/src/rp2_common/hardware_timer/timer.c.obj
 .text.hardware_alarm_claim
                0x10001ff0       0x18 CMakeFiles/mpu_pid_pwm.dir/home/adrian/pico/pico-sdk/src/rp2_common/hardware_timer/timer.c.obj
                0x10001ff0                hardware_alarm_claim
 .text.time_us_64
                0x10002008       0x18 CMakeFiles/mpu_pid_pwm.dir/home/adrian/pico/pico-sdk/src/rp2_common/hardware_timer/timer.c.obj
                0x10002008                time_us_64
 .text.busy_wait_until
                0x10002020       0x28 CMakeFiles/mpu_pid_pwm.dir/home/adrian/pico/pico-sdk/src/rp2_common/hardware_timer/timer.c.obj
                0x10002020                busy_wait_until
 .text.hardware_alarm_set_callback
                0x10002048       0x90 CMakeFiles/mpu_pid_pwm.dir/home/adrian/pico/pico-sdk/src/rp2_common/hardware_timer/timer.c.obj
                0x10002048                hardware_alarm_set_callback
 .text.hardware_alarm_set_target
                0x100020d8       0xe8 CMakeFiles/mpu_pid_pwm.dir/home/adrian/pico/pico-sdk/src/rp2_common/hardware_timer/timer.c.obj
                0x100020d8                hardware_alarm_set_target
 .text.hardware_alarm_cancel
                0x100021c0       0x40 CMakeFiles/mpu_pid_pwm.dir/home/adrian/pico/pico-sdk/src/rp2_common/hardware_timer/timer.c.obj
                0x100021c0                hardware_alarm_cancel
 .text.ph_get_node
                0x10002200       0x30 CMakeFiles/mpu_pid_pwm.dir/home/adrian/pico/pico-sdk/src/common/pico_util/pheap.c.obj
 .text.ph_add_child_node
                0x10002230       0x6c CMakeFiles/mpu_pid_pwm.dir/home/adrian/pico/pico-sdk/src/common/pico_util/pheap.c.obj
 .text.ph_merge_nodes
                0x1000229c       0x3e CMakeFiles/mpu_pid_pwm.dir/home/adrian/pico/pico-sdk/src/common/pico_util/pheap.c.obj
 .text.ph_clear
                0x100022da       0x34 CMakeFiles/mpu_pid_pwm.dir/home/adrian/pico/pico-sdk/src/common/pico_util/pheap.c.obj
                0x100022da                ph_clear
 .text.ph_post_alloc_init
                0x1000230e        0xe CMakeFiles/mpu_pid_pwm.dir/home/adrian/pico/pico-sdk/src/common/pico_util/pheap.c.obj
                0x1000230e                ph_post_alloc_init
 .text.ph_merge_two_pass
                0x1000231c       0x5c CMakeFiles/mpu_pid_pwm.dir/home/adrian/pico/pico-sdk/src/common/pico_util/pheap.c.obj
                0x1000231c                ph_merge_two_pass
 .text.ph_remove_any_head
                0x10002378       0xc0 CMakeFiles/mpu_pid_pwm.dir/home/adrian/pico/pico-sdk/src/common/pico_util/pheap.c.obj
 .text.ph_remove_head
                0x10002438       0x14 CMakeFiles/mpu_pid_pwm.dir/home/adrian/pico/pico-sdk/src/common/pico_util/pheap.c.obj
                0x10002438                ph_remove_head
 .text.ph_remove_and_free_node
                0x1000244c       0xa0 CMakeFiles/mpu_pid_pwm.dir/home/adrian/pico/pico-sdk/src/common/pico_util/pheap.c.obj
                0x1000244c                ph_remove_and_free_node
 .text.clock_configure
                0x100024ec      0x108 CMakeFiles/mpu_pid_pwm.dir/home/adrian/pico/pico-sdk/src/rp2_common/hardware_clocks/clocks.c.obj
                0x100024ec                clock_configure
 .text.clocks_init
                0x100025f4      0x100 CMakeFiles/mpu_pid_pwm.dir/home/adrian/pico/pico-sdk/src/rp2_common/hardware_clocks/clocks.c.obj
                0x100025f4                clocks_init
 .text.clock_get_hz
                0x100026f4        0xc CMakeFiles/mpu_pid_pwm.dir/home/adrian/pico/pico-sdk/src/rp2_common/hardware_clocks/clocks.c.obj
                0x100026f4                clock_get_hz
 .text.pll_init
                0x10002700      0x120 CMakeFiles/mpu_pid_pwm.dir/home/adrian/pico/pico-sdk/src/rp2_common/hardware_pll/pll.c.obj
                0x10002700                pll_init
 .text.watchdog_start_tick
                0x10002820       0x10 CMakeFiles/mpu_pid_pwm.dir/home/adrian/pico/pico-sdk/src/rp2_common/hardware_watchdog/watchdog.c.obj
                0x10002820                watchdog_start_tick
 .text.watchdog_update
                0x10002830       0x14 CMakeFiles/mpu_pid_pwm.dir/home/adrian/pico/pico-sdk/src/rp2_common/hardware_watchdog/watchdog.c.obj
                0x10002830                watchdog_update
 .text._watchdog_enable
                0x10002844       0x78 CMakeFiles/mpu_pid_pwm.dir/home/adrian/pico/pico-sdk/src/rp2_common/hardware_watchdog/watchdog.c.obj
                0x10002844                _watchdog_enable
 .text.watchdog_reboot
                0x100028bc       0x48 CMakeFiles/mpu_pid_pwm.dir/home/adrian/pico/pico-sdk/src/rp2_common/hardware_watchdog/watchdog.c.obj
                0x100028bc                watchdog_reboot
 .text.xosc_init
                0x10002904       0x28 CMakeFiles/mpu_pid_pwm.dir/home/adrian/pico/pico-sdk/src/rp2_common/hardware_xosc/xosc.c.obj
                0x10002904                xosc_init
 .text._exit    0x1000292c        0x4 CMakeFiles/mpu_pid_pwm.dir/home/adrian/pico/pico-sdk/src/rp2_common/pico_runtime/runtime.c.obj
                0x1000292c                _exit
 .text.exit     0x10002930        0x6 CMakeFiles/mpu_pid_pwm.dir/home/adrian/pico/pico-sdk/src/rp2_common/pico_runtime/runtime.c.obj
                0x10002930                exit
 *fill*         0x10002936        0x2 
 .text.__assert_func
                0x10002938       0x38 CMakeFiles/mpu_pid_pwm.dir/home/adrian/pico/pico-sdk/src/rp2_common/pico_runtime/runtime.c.obj
                0x10002938                __assert_func
 .text.runtime_init
                0x10002970       0xf8 CMakeFiles/mpu_pid_pwm.dir/home/adrian/pico/pico-sdk/src/rp2_common/pico_runtime/runtime.c.obj
                0x10002970                runtime_init
 .text.panic    0x10002a68       0x30 CMakeFiles/mpu_pid_pwm.dir/home/adrian/pico/pico-sdk/src/rp2_common/pico_runtime/runtime.c.obj
                0x10002a68                panic
 .text._out_null
                0x10002a98        0x2 CMakeFiles/mpu_pid_pwm.dir/home/adrian/pico/pico-sdk/src/rp2_common/pico_printf/printf.c.obj
 .text._out_fct
                0x10002a9a        0xe CMakeFiles/mpu_pid_pwm.dir/home/adrian/pico/pico-sdk/src/rp2_common/pico_printf/printf.c.obj
 .text._atoi    0x10002aa8       0x24 CMakeFiles/mpu_pid_pwm.dir/home/adrian/pico/pico-sdk/src/rp2_common/pico_printf/printf.c.obj
 .text._out_rev
                0x10002acc       0xae CMakeFiles/mpu_pid_pwm.dir/home/adrian/pico/pico-sdk/src/rp2_common/pico_printf/printf.c.obj
 .text._ntoa_format
                0x10002b7a      0x110 CMakeFiles/mpu_pid_pwm.dir/home/adrian/pico/pico-sdk/src/rp2_common/pico_printf/printf.c.obj
 .text._ntoa_long
                0x10002c8a       0xbc CMakeFiles/mpu_pid_pwm.dir/home/adrian/pico/pico-sdk/src/rp2_common/pico_printf/printf.c.obj
 .text._ntoa_long_long
                0x10002d46      0x10e CMakeFiles/mpu_pid_pwm.dir/home/adrian/pico/pico-sdk/src/rp2_common/pico_printf/printf.c.obj
 .text._etoa    0x10002e54      0x420 CMakeFiles/mpu_pid_pwm.dir/home/adrian/pico/pico-sdk/src/rp2_common/pico_printf/printf.c.obj
 .text._ftoa    0x10003274      0x354 CMakeFiles/mpu_pid_pwm.dir/home/adrian/pico/pico-sdk/src/rp2_common/pico_printf/printf.c.obj
 .text._vsnprintf
                0x100035c8      0x65c CMakeFiles/mpu_pid_pwm.dir/home/adrian/pico/pico-sdk/src/rp2_common/pico_printf/printf.c.obj
 .text.vfctprintf
                0x10003c24       0x20 CMakeFiles/mpu_pid_pwm.dir/home/adrian/pico/pico-sdk/src/rp2_common/pico_printf/printf.c.obj
                0x10003c24                vfctprintf
 .text          0x10003c44       0x10 CMakeFiles/mpu_pid_pwm.dir/home/adrian/pico/pico-sdk/src/rp2_common/pico_bit_ops/bit_ops_aeabi.S.obj
 .text.rom_func_lookup
                0x10003c54       0x10 CMakeFiles/mpu_pid_pwm.dir/home/adrian/pico/pico-sdk/src/rp2_common/pico_bootrom/bootrom.c.obj
                0x10003c54                rom_func_lookup
 .text.rom_data_lookup
                0x10003c64       0x10 CMakeFiles/mpu_pid_pwm.dir/home/adrian/pico/pico-sdk/src/rp2_common/pico_bootrom/bootrom.c.obj
                0x10003c64                rom_data_lookup
 .text.rom_funcs_lookup
                0x10003c74       0x36 CMakeFiles/mpu_pid_pwm.dir/home/adrian/pico/pico-sdk/src/rp2_common/pico_bootrom/bootrom.c.obj
                0x10003c74                rom_funcs_lookup
 *fill*         0x10003caa        0x2 
 .text.__wrap___aeabi_idiv
                0x10003cac       0x50 CMakeFiles/mpu_pid_pwm.dir/home/adrian/pico/pico-sdk/src/rp2_common/pico_divider/divider.S.obj
                0x10003cac                __wrap___aeabi_idivmod
                0x10003cac                divmod_s32s32
                0x10003cac                div_s32s32
                0x10003cac                __wrap___aeabi_idiv
                0x10003cb4                divmod_s32s32_unsafe
                0x10003ce0                divmod_s32s32_savestate
 .text.__wrap___aeabi_uidiv
                0x10003cfc       0x4c CMakeFiles/mpu_pid_pwm.dir/home/adrian/pico/pico-sdk/src/rp2_common/pico_divider/divider.S.obj
                0x10003cfc                __wrap___aeabi_uidiv
                0x10003cfc                __wrap___aeabi_uidivmod
                0x10003cfc                div_u32u32
                0x10003cfc                divmod_u32u32
                0x10003d04                divmod_u32u32_unsafe
                0x10003d2c                divmod_u32u32_savestate
 .text.__wrap___aeabi_ldiv
                0x10003d48      0x424 CMakeFiles/mpu_pid_pwm.dir/home/adrian/pico/pico-sdk/src/rp2_common/pico_divider/divider.S.obj
                0x10003d48                div_s64s64
                0x10003d48                divmod_s64s64
                0x10003d48                __wrap___aeabi_ldivmod
                0x10003d78                div_u64u64
                0x10003d78                divmod_u64u64
                0x10003d78                __wrap___aeabi_uldivmod
                0x10003d88                divmod_u64u64_savestate
                0x10003da8                divmod_s64s64_unsafe
                0x10003e30                divmod_u64u64_unsafe
 .text.__wrap___aeabi_darithmetic
                0x1000416c       0x60 CMakeFiles/mpu_pid_pwm.dir/home/adrian/pico/pico-sdk/src/rp2_common/pico_double/double_aeabi.S.obj
                0x1000416c                __wrap___aeabi_drsub
                0x10004172                __wrap___aeabi_dsub
                0x1000417c                __wrap___aeabi_dadd
                0x10004186                __wrap___aeabi_ddiv
                0x100041ba                __wrap___aeabi_dmul
 .text.__wrap___aeabi_cdcmple
                0x100041cc       0x6c CMakeFiles/mpu_pid_pwm.dir/home/adrian/pico/pico-sdk/src/rp2_common/pico_double/double_aeabi.S.obj
                0x100041cc                __wrap___aeabi_cdrcmple
                0x100041dc                __wrap___aeabi_cdcmple
                0x100041dc                __wrap___aeabi_cdcmpeq
 .text.__wrap___aeabi_dcmpeq
                0x10004238       0x10 CMakeFiles/mpu_pid_pwm.dir/home/adrian/pico/pico-sdk/src/rp2_common/pico_double/double_aeabi.S.obj
                0x10004238                __wrap___aeabi_dcmpeq
 .text.__wrap___aeabi_dcmplt
                0x10004248        0xc CMakeFiles/mpu_pid_pwm.dir/home/adrian/pico/pico-sdk/src/rp2_common/pico_double/double_aeabi.S.obj
                0x10004248                __wrap___aeabi_dcmplt
 .text.__wrap___aeabi_dcmple
                0x10004254       0x10 CMakeFiles/mpu_pid_pwm.dir/home/adrian/pico/pico-sdk/src/rp2_common/pico_double/double_aeabi.S.obj
                0x10004254                __wrap___aeabi_dcmple
 .text.__wrap___aeabi_dcmpge
                0x10004264       0x10 CMakeFiles/mpu_pid_pwm.dir/home/adrian/pico/pico-sdk/src/rp2_common/pico_double/double_aeabi.S.obj
                0x10004264                __wrap___aeabi_dcmpge
 .text.__wrap___aeabi_dcmpgt
                0x10004274        0xa CMakeFiles/mpu_pid_pwm.dir/home/adrian/pico/pico-sdk/src/rp2_common/pico_double/double_aeabi.S.obj
                0x10004274                __wrap___aeabi_dcmpgt
 .text.__wrap___aeabi_dcmpun
                0x1000427e       0x1c CMakeFiles/mpu_pid_pwm.dir/home/adrian/pico/pico-sdk/src/rp2_common/pico_double/double_aeabi.S.obj
                0x1000427e                __wrap___aeabi_dcmpun
 *fill*         0x1000429a        0x2 
 .text.__wrap___aeabi_i2d
                0x1000429c       0x38 CMakeFiles/mpu_pid_pwm.dir/home/adrian/pico/pico-sdk/src/rp2_common/pico_double/double_aeabi.S.obj
                0x1000429c                __wrap___aeabi_ui2d
                0x100042a4                __wrap___aeabi_i2d
 .text.__wrap___aeabi_d2iz
                0x100042d4       0x48 CMakeFiles/mpu_pid_pwm.dir/home/adrian/pico/pico-sdk/src/rp2_common/pico_double/double_aeabi.S.obj
                0x100042d4                __wrap___aeabi_d2iz
                0x100042d4                double2int_z
 .text.__wrap___aeabi_d2uiz
                0x1000431c       0x10 CMakeFiles/mpu_pid_pwm.dir/home/adrian/pico/pico-sdk/src/rp2_common/pico_double/double_aeabi.S.obj
                0x1000431c                double2uint
                0x1000431c                __wrap___aeabi_d2uiz
 .text.__wrap___aeabi_d2f
                0x1000432c       0x10 CMakeFiles/mpu_pid_pwm.dir/home/adrian/pico/pico-sdk/src/rp2_common/pico_double/double_aeabi.S.obj
                0x1000432c                __wrap___aeabi_d2f
 .text.__wrap_srqt
                0x1000433c       0x10 CMakeFiles/mpu_pid_pwm.dir/home/adrian/pico/pico-sdk/src/rp2_common/pico_double/double_aeabi.S.obj
                0x1000433c                __wrap_sqrt
 .text.__wrap_atan2
                0x1000434c       0x10 CMakeFiles/mpu_pid_pwm.dir/home/adrian/pico/pico-sdk/src/rp2_common/pico_double/double_aeabi.S.obj
                0x1000434c                __wrap_atan2
 .text.__wrap_exp
                0x1000435c       0x10 CMakeFiles/mpu_pid_pwm.dir/home/adrian/pico/pico-sdk/src/rp2_common/pico_double/double_aeabi.S.obj
                0x1000435c                __wrap_exp
 .text.__wrap_log
                0x1000436c       0x10 CMakeFiles/mpu_pid_pwm.dir/home/adrian/pico/pico-sdk/src/rp2_common/pico_double/double_aeabi.S.obj
                0x1000436c                __wrap_log
 .text.missing_double_func_shim
                0x1000437c        0xc CMakeFiles/mpu_pid_pwm.dir/home/adrian/pico/pico-sdk/src/rp2_common/pico_double/double_init_rom.c.obj
 .text.__aeabi_double_init
                0x10004388       0xd0 CMakeFiles/mpu_pid_pwm.dir/home/adrian/pico/pico-sdk/src/rp2_common/pico_double/double_init_rom.c.obj
                0x10004388                __aeabi_double_init
 .text.dldexp   0x10004458       0x50 CMakeFiles/mpu_pid_pwm.dir/home/adrian/pico/pico-sdk/src/rp2_common/pico_double/double_math.c.obj
 .text.disint   0x100044a8       0x60 CMakeFiles/mpu_pid_pwm.dir/home/adrian/pico/pico-sdk/src/rp2_common/pico_double/double_math.c.obj
 .text.disoddint
                0x10004508       0x7c CMakeFiles/mpu_pid_pwm.dir/home/adrian/pico/pico-sdk/src/rp2_common/pico_double/double_math.c.obj
 .text.dispo2   0x10004584       0x28 CMakeFiles/mpu_pid_pwm.dir/home/adrian/pico/pico-sdk/src/rp2_common/pico_double/double_math.c.obj
 .text.dpow_int2
                0x100045ac       0x2c CMakeFiles/mpu_pid_pwm.dir/home/adrian/pico/pico-sdk/src/rp2_common/pico_double/double_math.c.obj
 .text.dpowint_1
                0x100045d8       0x24 CMakeFiles/mpu_pid_pwm.dir/home/adrian/pico/pico-sdk/src/rp2_common/pico_double/double_math.c.obj
 .text.dpow_1   0x100045fc      0x1dc CMakeFiles/mpu_pid_pwm.dir/home/adrian/pico/pico-sdk/src/rp2_common/pico_double/double_math.c.obj
 .text.dpow_0   0x100047d8       0xd8 CMakeFiles/mpu_pid_pwm.dir/home/adrian/pico/pico-sdk/src/rp2_common/pico_double/double_math.c.obj
 .text.__wrap_ldexp
                0x100048b0        0x8 CMakeFiles/mpu_pid_pwm.dir/home/adrian/pico/pico-sdk/src/rp2_common/pico_double/double_math.c.obj
                0x100048b0                __wrap_ldexp
 .text.__wrap_round
                0x100048b8       0x98 CMakeFiles/mpu_pid_pwm.dir/home/adrian/pico/pico-sdk/src/rp2_common/pico_double/double_math.c.obj
                0x100048b8                __wrap_round
 .text.__wrap_atan
                0x10004950       0x40 CMakeFiles/mpu_pid_pwm.dir/home/adrian/pico/pico-sdk/src/rp2_common/pico_double/double_math.c.obj
                0x10004950                __wrap_atan
 .text.__wrap_exp2
                0x10004990       0x88 CMakeFiles/mpu_pid_pwm.dir/home/adrian/pico/pico-sdk/src/rp2_common/pico_double/double_math.c.obj
                0x10004990                __wrap_exp2
 .text.__wrap_pow
                0x10004a18      0x168 CMakeFiles/mpu_pid_pwm.dir/home/adrian/pico/pico-sdk/src/rp2_common/pico_double/double_math.c.obj
                0x10004a18                __wrap_pow
 .text.double_table_shim_on_use_helper
                0x10004b80       0x34 CMakeFiles/mpu_pid_pwm.dir/home/adrian/pico/pico-sdk/src/rp2_common/pico_double/double_v1_rom_shim.S.obj
                0x10004b80                double_table_shim_on_use_helper
 .text.__aeabi_lmul
                0x10004bb4       0x32 CMakeFiles/mpu_pid_pwm.dir/home/adrian/pico/pico-sdk/src/rp2_common/pico_int64_ops/pico_int64_ops_aeabi.S.obj
                0x10004bb4                __wrap___aeabi_lmul
 *fill*         0x10004be6        0x2 
 .text.__wrap___aeabi_farithmetic
                0x10004be8       0x48 CMakeFiles/mpu_pid_pwm.dir/home/adrian/pico/pico-sdk/src/rp2_common/pico_float/float_aeabi.S.obj
                0x10004be8                __wrap___aeabi_frsub
                0x10004bee                __wrap___aeabi_fsub
                0x10004bf4                __wrap___aeabi_fadd
                0x10004bfa                __wrap___aeabi_fdiv
                0x10004c22                __wrap___aeabi_fmul
 .text.__wrap___aeabi_cfcmple
                0x10004c30       0x50 CMakeFiles/mpu_pid_pwm.dir/home/adrian/pico/pico-sdk/src/rp2_common/pico_float/float_aeabi.S.obj
                0x10004c30                __wrap___aeabi_cfrcmple
                0x10004c3c                __wrap___aeabi_cfcmpeq
                0x10004c3c                __wrap___aeabi_cfcmple
 .text.__wrap___aeabi_fcmpeq
                0x10004c80       0x10 CMakeFiles/mpu_pid_pwm.dir/home/adrian/pico/pico-sdk/src/rp2_common/pico_float/float_aeabi.S.obj
                0x10004c80                __wrap___aeabi_fcmpeq
 .text.__wrap___aeabi_fcmplt
                0x10004c90        0xc CMakeFiles/mpu_pid_pwm.dir/home/adrian/pico/pico-sdk/src/rp2_common/pico_float/float_aeabi.S.obj
                0x10004c90                __wrap___aeabi_fcmplt
 .text.__wrap___aeabi_fcmple
                0x10004c9c       0x10 CMakeFiles/mpu_pid_pwm.dir/home/adrian/pico/pico-sdk/src/rp2_common/pico_float/float_aeabi.S.obj
                0x10004c9c                __wrap___aeabi_fcmple
 .text.__wrap___aeabi_fcmpun
                0x10004cac       0x18 CMakeFiles/mpu_pid_pwm.dir/home/adrian/pico/pico-sdk/src/rp2_common/pico_float/float_aeabi.S.obj
                0x10004cac                __wrap___aeabi_fcmpun
 .text.__wrap___aeabi_ui2f
                0x10004cc4        0xa CMakeFiles/mpu_pid_pwm.dir/home/adrian/pico/pico-sdk/src/rp2_common/pico_float/float_aeabi.S.obj
                0x10004cc4                __wrap___aeabi_ui2f
 *fill*         0x10004cce        0x2 
 .text.__wrap___aeabi_i2f
                0x10004cd0       0x44 CMakeFiles/mpu_pid_pwm.dir/home/adrian/pico/pico-sdk/src/rp2_common/pico_float/float_aeabi.S.obj
                0x10004cd0                __wrap___aeabi_i2f
 .text.__wrap___aeabi_f2uiz
                0x10004d14        0xc CMakeFiles/mpu_pid_pwm.dir/home/adrian/pico/pico-sdk/src/rp2_common/pico_float/float_aeabi.S.obj
                0x10004d14                __wrap___aeabi_f2uiz
 .text.__wrap___aeabi_f2d
                0x10004d20        0xc CMakeFiles/mpu_pid_pwm.dir/home/adrian/pico/pico-sdk/src/rp2_common/pico_float/float_aeabi.S.obj
                0x10004d20                __wrap___aeabi_f2d
 .text.missing_float_func_shim
                0x10004d2c        0xc CMakeFiles/mpu_pid_pwm.dir/home/adrian/pico/pico-sdk/src/rp2_common/pico_float/float_init_rom.c.obj
 .text.__aeabi_float_init
                0x10004d38       0x88 CMakeFiles/mpu_pid_pwm.dir/home/adrian/pico/pico-sdk/src/rp2_common/pico_float/float_init_rom.c.obj
                0x10004d38                __aeabi_float_init
 .text          0x10004dc0       0x10 CMakeFiles/mpu_pid_pwm.dir/home/adrian/pico/pico-sdk/src/rp2_common/pico_mem_ops/mem_ops_aeabi.S.obj
                0x10004dc0                __aeabi_mem_init
 .text.memset   0x10004dd0        0xc CMakeFiles/mpu_pid_pwm.dir/home/adrian/pico/pico-sdk/src/rp2_common/pico_mem_ops/mem_ops_aeabi.S.obj
                0x10004dd0                __wrap_memset
 .text.memcpy   0x10004ddc        0xc CMakeFiles/mpu_pid_pwm.dir/home/adrian/pico/pico-sdk/src/rp2_common/pico_mem_ops/mem_ops_aeabi.S.obj
                0x10004ddc                __wrap___aeabi_memcpy
                0x10004ddc                __wrap_memcpy
 .text.stdio_out_chars_no_crlf
                0x10004de8        0xe CMakeFiles/mpu_pid_pwm.dir/home/adrian/pico/pico-sdk/src/rp2_common/pico_stdio/stdio.c.obj
 *fill*         0x10004df6        0x2 
 .text.stdio_out_chars_crlf
                0x10004df8       0x80 CMakeFiles/mpu_pid_pwm.dir/home/adrian/pico/pico-sdk/src/rp2_common/pico_stdio/stdio.c.obj
 .text.stdio_stack_buffer_flush
                0x10004e78       0x44 CMakeFiles/mpu_pid_pwm.dir/home/adrian/pico/pico-sdk/src/rp2_common/pico_stdio/stdio.c.obj
 .text.stdio_buffered_printer
                0x10004ebc       0x20 CMakeFiles/mpu_pid_pwm.dir/home/adrian/pico/pico-sdk/src/rp2_common/pico_stdio/stdio.c.obj
 .text.update_us_since_boot
                0x10004edc       0x24 CMakeFiles/mpu_pid_pwm.dir/home/adrian/pico/pico-sdk/src/rp2_common/pico_stdio/stdio.c.obj
 .text.get_absolute_time
                0x10004f00       0x22 CMakeFiles/mpu_pid_pwm.dir/home/adrian/pico/pico-sdk/src/rp2_common/pico_stdio/stdio.c.obj
 *fill*         0x10004f22        0x2 
 .text.delayed_by_ms
                0x10004f24       0x44 CMakeFiles/mpu_pid_pwm.dir/home/adrian/pico/pico-sdk/src/rp2_common/pico_stdio/stdio.c.obj
 .text.make_timeout_time_ms
                0x10004f68       0x20 CMakeFiles/mpu_pid_pwm.dir/home/adrian/pico/pico-sdk/src/rp2_common/pico_stdio/stdio.c.obj
 .text.stdout_serialize_begin
                0x10004f88       0x20 CMakeFiles/mpu_pid_pwm.dir/home/adrian/pico/pico-sdk/src/rp2_common/pico_stdio/stdio.c.obj
                0x10004f88                stdout_serialize_begin
 .text.stdout_serialize_end
                0x10004fa8       0x10 CMakeFiles/mpu_pid_pwm.dir/home/adrian/pico/pico-sdk/src/rp2_common/pico_stdio/stdio.c.obj
                0x10004fa8                stdout_serialize_end
 .text.stdio_put_string
                0x10004fb8       0x98 CMakeFiles/mpu_pid_pwm.dir/home/adrian/pico/pico-sdk/src/rp2_common/pico_stdio/stdio.c.obj
 .text.stdio_set_driver_enabled
                0x10005050       0x2c CMakeFiles/mpu_pid_pwm.dir/home/adrian/pico/pico-sdk/src/rp2_common/pico_stdio/stdio.c.obj
                0x10005050                stdio_set_driver_enabled
 .text.stdio_flush
                0x1000507c       0x20 CMakeFiles/mpu_pid_pwm.dir/home/adrian/pico/pico-sdk/src/rp2_common/pico_stdio/stdio.c.obj
                0x1000507c                stdio_flush
 .text.__wrap_puts
                0x1000509c       0x1e CMakeFiles/mpu_pid_pwm.dir/home/adrian/pico/pico-sdk/src/rp2_common/pico_stdio/stdio.c.obj
                0x1000509c                __wrap_puts
 *fill*         0x100050ba        0x2 
 .text.__wrap_vprintf
                0x100050bc       0x40 CMakeFiles/mpu_pid_pwm.dir/home/adrian/pico/pico-sdk/src/rp2_common/pico_stdio/stdio.c.obj
                0x100050bc                __wrap_vprintf
 .text.__wrap_printf
                0x100050fc       0x18 CMakeFiles/mpu_pid_pwm.dir/home/adrian/pico/pico-sdk/src/rp2_common/pico_stdio/stdio.c.obj
                0x100050fc                __wrap_printf
 .text.stdio_init_all
                0x10005114        0x8 CMakeFiles/mpu_pid_pwm.dir/home/adrian/pico/pico-sdk/src/rp2_common/pico_stdio/stdio.c.obj
                0x10005114                stdio_init_all
 .text.resetd_init
                0x1000511c        0x2 CMakeFiles/mpu_pid_pwm.dir/home/adrian/pico/pico-sdk/src/rp2_common/pico_stdio_usb/reset_interface.c.obj
 *fill*         0x1000511e        0x2 
 .text.resetd_reset
                0x10005120        0xc CMakeFiles/mpu_pid_pwm.dir/home/adrian/pico/pico-sdk/src/rp2_common/pico_stdio_usb/reset_interface.c.obj
 .text.resetd_open
                0x1000512c       0x34 CMakeFiles/mpu_pid_pwm.dir/home/adrian/pico/pico-sdk/src/rp2_common/pico_stdio_usb/reset_interface.c.obj
 .text.resetd_xfer_cb
                0x10005160        0x4 CMakeFiles/mpu_pid_pwm.dir/home/adrian/pico/pico-sdk/src/rp2_common/pico_stdio_usb/reset_interface.c.obj
 .text.reset_usb_boot
                0x10005164       0x18 CMakeFiles/mpu_pid_pwm.dir/home/adrian/pico/pico-sdk/src/rp2_common/pico_stdio_usb/reset_interface.c.obj
 .text.resetd_control_xfer_cb
                0x1000517c       0x5c CMakeFiles/mpu_pid_pwm.dir/home/adrian/pico/pico-sdk/src/rp2_common/pico_stdio_usb/reset_interface.c.obj
 .text.usbd_app_driver_get_cb
                0x100051d8        0xc CMakeFiles/mpu_pid_pwm.dir/home/adrian/pico/pico-sdk/src/rp2_common/pico_stdio_usb/reset_interface.c.obj
                0x100051d8                usbd_app_driver_get_cb
 .text.tud_cdc_line_coding_cb
                0x100051e4       0x28 CMakeFiles/mpu_pid_pwm.dir/home/adrian/pico/pico-sdk/src/rp2_common/pico_stdio_usb/reset_interface.c.obj
                0x100051e4                tud_cdc_line_coding_cb
 .text.stdio_usb_set_chars_available_callback
                0x1000520c       0x14 CMakeFiles/mpu_pid_pwm.dir/home/adrian/pico/pico-sdk/src/rp2_common/pico_stdio_usb/stdio_usb.c.obj
                0x1000520c                stdio_usb_set_chars_available_callback
 .text.update_us_since_boot
                0x10005220       0x24 CMakeFiles/mpu_pid_pwm.dir/home/adrian/pico/pico-sdk/src/rp2_common/pico_stdio_usb/stdio_usb.c.obj
 .text.get_absolute_time
                0x10005244       0x22 CMakeFiles/mpu_pid_pwm.dir/home/adrian/pico/pico-sdk/src/rp2_common/pico_stdio_usb/stdio_usb.c.obj
 *fill*         0x10005266        0x2 
 .text.delayed_by_ms
                0x10005268       0x44 CMakeFiles/mpu_pid_pwm.dir/home/adrian/pico/pico-sdk/src/rp2_common/pico_stdio_usb/stdio_usb.c.obj
 .text.make_timeout_time_ms
                0x100052ac       0x20 CMakeFiles/mpu_pid_pwm.dir/home/adrian/pico/pico-sdk/src/rp2_common/pico_stdio_usb/stdio_usb.c.obj
 .text.delayed_by_us
                0x100052cc       0x34 CMakeFiles/mpu_pid_pwm.dir/home/adrian/pico/pico-sdk/src/rp2_common/pico_stdio_usb/stdio_usb.c.obj
 .text.usb_irq  0x10005300       0x10 CMakeFiles/mpu_pid_pwm.dir/home/adrian/pico/pico-sdk/src/rp2_common/pico_stdio_usb/stdio_usb.c.obj
 .text.critical_section_enter_blocking
                0x10005310       0x16 CMakeFiles/mpu_pid_pwm.dir/home/adrian/pico/pico-sdk/src/rp2_common/pico_stdio_usb/stdio_usb.c.obj
 *fill*         0x10005326        0x2 
 .text.timer_task
                0x10005328       0x4c CMakeFiles/mpu_pid_pwm.dir/home/adrian/pico/pico-sdk/src/rp2_common/pico_stdio_usb/stdio_usb.c.obj
 .text.alarm_pool_add_alarm_in_us
                0x10005374       0x3a CMakeFiles/mpu_pid_pwm.dir/home/adrian/pico/pico-sdk/src/rp2_common/pico_stdio_usb/stdio_usb.c.obj
 .text.add_alarm_in_us
                0x100053ae       0x2e CMakeFiles/mpu_pid_pwm.dir/home/adrian/pico/pico-sdk/src/rp2_common/pico_stdio_usb/stdio_usb.c.obj
 .text.low_priority_worker_irq
                0x100053dc       0x7c CMakeFiles/mpu_pid_pwm.dir/home/adrian/pico/pico-sdk/src/rp2_common/pico_stdio_usb/stdio_usb.c.obj
 .text.tud_cdc_rx_cb
                0x10005458       0x20 CMakeFiles/mpu_pid_pwm.dir/home/adrian/pico/pico-sdk/src/rp2_common/pico_stdio_usb/stdio_usb.c.obj
                0x10005458                tud_cdc_rx_cb
 .text.stdio_usb_init
                0x10005478       0xd0 CMakeFiles/mpu_pid_pwm.dir/home/adrian/pico/pico-sdk/src/rp2_common/pico_stdio_usb/stdio_usb.c.obj
                0x10005478                stdio_usb_init
 .text.stdio_usb_connected
                0x10005548        0xa CMakeFiles/mpu_pid_pwm.dir/home/adrian/pico/pico-sdk/src/rp2_common/pico_stdio_usb/stdio_usb.c.obj
                0x10005548                stdio_usb_connected
 *fill*         0x10005552        0x2 
 .text.stdio_usb_in_chars
                0x10005554       0x88 CMakeFiles/mpu_pid_pwm.dir/home/adrian/pico/pico-sdk/src/rp2_common/pico_stdio_usb/stdio_usb.c.obj
                0x10005554                stdio_usb_in_chars
 .text.stdio_usb_out_chars
                0x100055dc       0xd8 CMakeFiles/mpu_pid_pwm.dir/home/adrian/pico/pico-sdk/src/rp2_common/pico_stdio_usb/stdio_usb.c.obj
 .text.tud_descriptor_device_cb
                0x100056b4        0x8 CMakeFiles/mpu_pid_pwm.dir/home/adrian/pico/pico-sdk/src/rp2_common/pico_stdio_usb/stdio_usb_descriptors.c.obj
                0x100056b4                tud_descriptor_device_cb
 .text.tud_descriptor_configuration_cb
                0x100056bc        0x8 CMakeFiles/mpu_pid_pwm.dir/home/adrian/pico/pico-sdk/src/rp2_common/pico_stdio_usb/stdio_usb_descriptors.c.obj
                0x100056bc                tud_descriptor_configuration_cb
 .text.tud_descriptor_string_cb
                0x100056c4       0x6c CMakeFiles/mpu_pid_pwm.dir/home/adrian/pico/pico-sdk/src/rp2_common/pico_stdio_usb/stdio_usb_descriptors.c.obj
                0x100056c4                tud_descriptor_string_cb
 .text._retrieve_unique_id_on_boot
                0x10005730       0x10 CMakeFiles/mpu_pid_pwm.dir/home/adrian/pico/pico-sdk/src/rp2_common/pico_unique_id/unique_id.c.obj
 .text.pico_get_unique_board_id_string
                0x10005740       0x5c CMakeFiles/mpu_pid_pwm.dir/home/adrian/pico/pico-sdk/src/rp2_common/pico_unique_id/unique_id.c.obj
                0x10005740                pico_get_unique_board_id_string
 .text.flash_get_unique_id
                0x1000579c       0x46 CMakeFiles/mpu_pid_pwm.dir/home/adrian/pico/pico-sdk/src/rp2_common/hardware_flash/flash.c.obj
                0x1000579c                flash_get_unique_id
 *fill*         0x100057e2        0x2 
 .text.hw_endpoint_get_by_addr
                0x100057e4       0x18 CMakeFiles/mpu_pid_pwm.dir/home/adrian/pico/pico-sdk/lib/tinyusb/src/portable/raspberrypi/rp2040/dcd_rp2040.c.obj
 .text._hw_endpoint_alloc
                0x100057fc       0x70 CMakeFiles/mpu_pid_pwm.dir/home/adrian/pico/pico-sdk/lib/tinyusb/src/portable/raspberrypi/rp2040/dcd_rp2040.c.obj
 .text.hw_endpoint_init
                0x1000586c       0x88 CMakeFiles/mpu_pid_pwm.dir/home/adrian/pico/pico-sdk/lib/tinyusb/src/portable/raspberrypi/rp2040/dcd_rp2040.c.obj
 .text.dcd_event_sof
                0x100058f4       0x2c CMakeFiles/mpu_pid_pwm.dir/home/adrian/pico/pico-sdk/lib/tinyusb/src/portable/raspberrypi/rp2040/dcd_rp2040.c.obj
 .text.hw_endpoint_xfer
                0x10005920       0x14 CMakeFiles/mpu_pid_pwm.dir/home/adrian/pico/pico-sdk/lib/tinyusb/src/portable/raspberrypi/rp2040/dcd_rp2040.c.obj
 .text.dcd_int_enable
                0x10005934       0x2c CMakeFiles/mpu_pid_pwm.dir/home/adrian/pico/pico-sdk/lib/tinyusb/src/portable/raspberrypi/rp2040/dcd_rp2040.c.obj
                0x10005934                dcd_int_enable
 .text.dcd_set_address
                0x10005960       0x2c CMakeFiles/mpu_pid_pwm.dir/home/adrian/pico/pico-sdk/lib/tinyusb/src/portable/raspberrypi/rp2040/dcd_rp2040.c.obj
                0x10005960                dcd_set_address
 .text.dcd_connect
                0x1000598c       0x10 CMakeFiles/mpu_pid_pwm.dir/home/adrian/pico/pico-sdk/lib/tinyusb/src/portable/raspberrypi/rp2040/dcd_rp2040.c.obj
                0x1000598c                dcd_connect
 .text.dcd_init
                0x1000599c       0x80 CMakeFiles/mpu_pid_pwm.dir/home/adrian/pico/pico-sdk/lib/tinyusb/src/portable/raspberrypi/rp2040/dcd_rp2040.c.obj
                0x1000599c                dcd_init
 .text.dcd_edpt0_status_complete
                0x10005a1c       0x1c CMakeFiles/mpu_pid_pwm.dir/home/adrian/pico/pico-sdk/lib/tinyusb/src/portable/raspberrypi/rp2040/dcd_rp2040.c.obj
                0x10005a1c                dcd_edpt0_status_complete
 .text.dcd_edpt_open
                0x10005a38       0x40 CMakeFiles/mpu_pid_pwm.dir/home/adrian/pico/pico-sdk/lib/tinyusb/src/portable/raspberrypi/rp2040/dcd_rp2040.c.obj
                0x10005a38                dcd_edpt_open
 .text.dcd_edpt_close_all
                0x10005a78        0x8 CMakeFiles/mpu_pid_pwm.dir/home/adrian/pico/pico-sdk/lib/tinyusb/src/portable/raspberrypi/rp2040/dcd_rp2040.c.obj
                0x10005a78                dcd_edpt_close_all
 .text.dcd_edpt_xfer
                0x10005a80       0x34 CMakeFiles/mpu_pid_pwm.dir/home/adrian/pico/pico-sdk/lib/tinyusb/src/portable/raspberrypi/rp2040/dcd_rp2040.c.obj
                0x10005a80                dcd_edpt_xfer
 .text.dcd_edpt_stall
                0x10005ab4       0x2c CMakeFiles/mpu_pid_pwm.dir/home/adrian/pico/pico-sdk/lib/tinyusb/src/portable/raspberrypi/rp2040/dcd_rp2040.c.obj
                0x10005ab4                dcd_edpt_stall
 .text.dcd_edpt_clear_stall
                0x10005ae0       0x20 CMakeFiles/mpu_pid_pwm.dir/home/adrian/pico/pico-sdk/lib/tinyusb/src/portable/raspberrypi/rp2040/dcd_rp2040.c.obj
                0x10005ae0                dcd_edpt_clear_stall
 .text.rp2040_usb_init
                0x10005b00       0x4c CMakeFiles/mpu_pid_pwm.dir/home/adrian/pico/pico-sdk/lib/tinyusb/src/portable/raspberrypi/rp2040/rp2040_usb.c.obj
                0x10005b00                rp2040_usb_init
 .text.hw_endpoint_xfer_start
                0x10005b4c       0x50 CMakeFiles/mpu_pid_pwm.dir/home/adrian/pico/pico-sdk/lib/tinyusb/src/portable/raspberrypi/rp2040/rp2040_usb.c.obj
                0x10005b4c                hw_endpoint_xfer_start
 .text.configuration_reset
                0x10005b9c       0x84 CMakeFiles/mpu_pid_pwm.dir/home/adrian/pico/pico-sdk/lib/tinyusb/src/device/usbd.c.obj
 .text.critical_section_enter_blocking
                0x10005c20       0x16 CMakeFiles/mpu_pid_pwm.dir/home/adrian/pico/pico-sdk/lib/tinyusb/src/device/usbd.c.obj
 .text.usbd_reset
                0x10005c36        0xc CMakeFiles/mpu_pid_pwm.dir/home/adrian/pico/pico-sdk/lib/tinyusb/src/device/usbd.c.obj
 .text.invoke_class_control
                0x10005c42       0x1a CMakeFiles/mpu_pid_pwm.dir/home/adrian/pico/pico-sdk/lib/tinyusb/src/device/usbd.c.obj
 .text.process_set_config
                0x10005c5c      0x178 CMakeFiles/mpu_pid_pwm.dir/home/adrian/pico/pico-sdk/lib/tinyusb/src/device/usbd.c.obj
 .text.process_get_descriptor
                0x10005dd4       0xdc CMakeFiles/mpu_pid_pwm.dir/home/adrian/pico/pico-sdk/lib/tinyusb/src/device/usbd.c.obj
 .text.tud_mounted
                0x10005eb0       0x10 CMakeFiles/mpu_pid_pwm.dir/home/adrian/pico/pico-sdk/lib/tinyusb/src/device/usbd.c.obj
                0x10005eb0                tud_mounted
 .text.tud_suspended
                0x10005ec0       0x10 CMakeFiles/mpu_pid_pwm.dir/home/adrian/pico/pico-sdk/lib/tinyusb/src/device/usbd.c.obj
                0x10005ec0                tud_suspended
 .text.tud_inited
                0x10005ed0       0x14 CMakeFiles/mpu_pid_pwm.dir/home/adrian/pico/pico-sdk/lib/tinyusb/src/device/usbd.c.obj
                0x10005ed0                tud_inited
 .text.tud_init
                0x10005ee4       0xcc CMakeFiles/mpu_pid_pwm.dir/home/adrian/pico/pico-sdk/lib/tinyusb/src/device/usbd.c.obj
                0x10005ee4                tud_init
 .text.usbd_defer_func
                0x10005fb0       0x2a CMakeFiles/mpu_pid_pwm.dir/home/adrian/pico/pico-sdk/lib/tinyusb/src/device/usbd.c.obj
                0x10005fb0                usbd_defer_func
 *fill*         0x10005fda        0x2 
 .text.usbd_edpt_open
                0x10005fdc       0x34 CMakeFiles/mpu_pid_pwm.dir/home/adrian/pico/pico-sdk/lib/tinyusb/src/device/usbd.c.obj
                0x10005fdc                usbd_edpt_open
 .text.usbd_open_edpt_pair
                0x10006010       0x62 CMakeFiles/mpu_pid_pwm.dir/home/adrian/pico/pico-sdk/lib/tinyusb/src/device/usbd.c.obj
                0x10006010                usbd_open_edpt_pair
 *fill*         0x10006072        0x2 
 .text.usbd_edpt_claim
                0x10006074       0x28 CMakeFiles/mpu_pid_pwm.dir/home/adrian/pico/pico-sdk/lib/tinyusb/src/device/usbd.c.obj
                0x10006074                usbd_edpt_claim
 .text.usbd_edpt_release
                0x1000609c       0x28 CMakeFiles/mpu_pid_pwm.dir/home/adrian/pico/pico-sdk/lib/tinyusb/src/device/usbd.c.obj
                0x1000609c                usbd_edpt_release
 .text.usbd_edpt_xfer
                0x100060c4       0x78 CMakeFiles/mpu_pid_pwm.dir/home/adrian/pico/pico-sdk/lib/tinyusb/src/device/usbd.c.obj
                0x100060c4                usbd_edpt_xfer
 .text.usbd_edpt_stall
                0x1000613c       0x48 CMakeFiles/mpu_pid_pwm.dir/home/adrian/pico/pico-sdk/lib/tinyusb/src/device/usbd.c.obj
                0x1000613c                usbd_edpt_stall
 .text.usbd_edpt_clear_stall
                0x10006184       0x48 CMakeFiles/mpu_pid_pwm.dir/home/adrian/pico/pico-sdk/lib/tinyusb/src/device/usbd.c.obj
                0x10006184                usbd_edpt_clear_stall
 .text.usbd_edpt_stalled
                0x100061cc       0x1c CMakeFiles/mpu_pid_pwm.dir/home/adrian/pico/pico-sdk/lib/tinyusb/src/device/usbd.c.obj
                0x100061cc                usbd_edpt_stalled
 .text.process_control_request
                0x100061e8      0x374 CMakeFiles/mpu_pid_pwm.dir/home/adrian/pico/pico-sdk/lib/tinyusb/src/device/usbd.c.obj
 .text.tud_task_ext
                0x1000655c      0x1a8 CMakeFiles/mpu_pid_pwm.dir/home/adrian/pico/pico-sdk/lib/tinyusb/src/device/usbd.c.obj
                0x1000655c                tud_task_ext
 .text._status_stage_xact
                0x10006704       0x1a CMakeFiles/mpu_pid_pwm.dir/home/adrian/pico/pico-sdk/lib/tinyusb/src/device/usbd_control.c.obj
 *fill*         0x1000671e        0x2 
 .text._data_stage_xact
                0x10006720       0x58 CMakeFiles/mpu_pid_pwm.dir/home/adrian/pico/pico-sdk/lib/tinyusb/src/device/usbd_control.c.obj
 .text.tud_control_status
                0x10006778       0x28 CMakeFiles/mpu_pid_pwm.dir/home/adrian/pico/pico-sdk/lib/tinyusb/src/device/usbd_control.c.obj
                0x10006778                tud_control_status
 .text.tud_control_xfer
                0x100067a0       0x68 CMakeFiles/mpu_pid_pwm.dir/home/adrian/pico/pico-sdk/lib/tinyusb/src/device/usbd_control.c.obj
                0x100067a0                tud_control_xfer
 .text.usbd_control_reset
                0x10006808       0x14 CMakeFiles/mpu_pid_pwm.dir/home/adrian/pico/pico-sdk/lib/tinyusb/src/device/usbd_control.c.obj
                0x10006808                usbd_control_reset
 .text.usbd_control_set_complete_callback
                0x1000681c        0xc CMakeFiles/mpu_pid_pwm.dir/home/adrian/pico/pico-sdk/lib/tinyusb/src/device/usbd_control.c.obj
                0x1000681c                usbd_control_set_complete_callback
 .text.usbd_control_set_request
                0x10006828       0x1c CMakeFiles/mpu_pid_pwm.dir/home/adrian/pico/pico-sdk/lib/tinyusb/src/device/usbd_control.c.obj
                0x10006828                usbd_control_set_request
 .text.usbd_control_xfer_cb
                0x10006844       0xbc CMakeFiles/mpu_pid_pwm.dir/home/adrian/pico/pico-sdk/lib/tinyusb/src/device/usbd_control.c.obj
                0x10006844                usbd_control_xfer_cb
 .text._prep_out_transaction
                0x10006900       0x4a CMakeFiles/mpu_pid_pwm.dir/home/adrian/pico/pico-sdk/lib/tinyusb/src/class/cdc/cdc_device.c.obj
 *fill*         0x1000694a        0x2 
 .text.tud_cdc_n_connected
                0x1000694c       0x38 CMakeFiles/mpu_pid_pwm.dir/home/adrian/pico/pico-sdk/lib/tinyusb/src/class/cdc/cdc_device.c.obj
                0x1000694c                tud_cdc_n_connected
 .text.tud_cdc_n_available
                0x10006984       0x18 CMakeFiles/mpu_pid_pwm.dir/home/adrian/pico/pico-sdk/lib/tinyusb/src/class/cdc/cdc_device.c.obj
                0x10006984                tud_cdc_n_available
 .text.tud_cdc_n_read
                0x1000699c       0x28 CMakeFiles/mpu_pid_pwm.dir/home/adrian/pico/pico-sdk/lib/tinyusb/src/class/cdc/cdc_device.c.obj
                0x1000699c                tud_cdc_n_read
 .text.tud_cdc_n_write_flush
                0x100069c4       0xb8 CMakeFiles/mpu_pid_pwm.dir/home/adrian/pico/pico-sdk/lib/tinyusb/src/class/cdc/cdc_device.c.obj
                0x100069c4                tud_cdc_n_write_flush
 .text.tud_cdc_n_write
                0x10006a7c       0x38 CMakeFiles/mpu_pid_pwm.dir/home/adrian/pico/pico-sdk/lib/tinyusb/src/class/cdc/cdc_device.c.obj
                0x10006a7c                tud_cdc_n_write
 .text.tud_cdc_n_write_available
                0x10006ab4       0x1c CMakeFiles/mpu_pid_pwm.dir/home/adrian/pico/pico-sdk/lib/tinyusb/src/class/cdc/cdc_device.c.obj
                0x10006ab4                tud_cdc_n_write_available
 .text.cdcd_init
                0x10006ad0       0xbc CMakeFiles/mpu_pid_pwm.dir/home/adrian/pico/pico-sdk/lib/tinyusb/src/class/cdc/cdc_device.c.obj
                0x10006ad0                cdcd_init
 .text.cdcd_reset
                0x10006b8c       0x44 CMakeFiles/mpu_pid_pwm.dir/home/adrian/pico/pico-sdk/lib/tinyusb/src/class/cdc/cdc_device.c.obj
                0x10006b8c                cdcd_reset
 .text.cdcd_open
                0x10006bd0       0xc4 CMakeFiles/mpu_pid_pwm.dir/home/adrian/pico/pico-sdk/lib/tinyusb/src/class/cdc/cdc_device.c.obj
                0x10006bd0                cdcd_open
 .text.cdcd_control_xfer_cb
                0x10006c94      0x134 CMakeFiles/mpu_pid_pwm.dir/home/adrian/pico/pico-sdk/lib/tinyusb/src/class/cdc/cdc_device.c.obj
                0x10006c94                cdcd_control_xfer_cb
 .text.cdcd_xfer_cb
                0x10006dc8      0x130 CMakeFiles/mpu_pid_pwm.dir/home/adrian/pico/pico-sdk/lib/tinyusb/src/class/cdc/cdc_device.c.obj
                0x10006dc8                cdcd_xfer_cb
 .text.tusb_init
                0x10006ef8        0xa CMakeFiles/mpu_pid_pwm.dir/home/adrian/pico/pico-sdk/lib/tinyusb/src/tusb.c.obj
                0x10006ef8                tusb_init
 .text.tusb_inited
                0x10006f02        0xe CMakeFiles/mpu_pid_pwm.dir/home/adrian/pico/pico-sdk/lib/tinyusb/src/tusb.c.obj
                0x10006f02                tusb_inited
 .text.tu_edpt_claim
                0x10006f10       0x50 CMakeFiles/mpu_pid_pwm.dir/home/adrian/pico/pico-sdk/lib/tinyusb/src/tusb.c.obj
                0x10006f10                tu_edpt_claim
 .text.tu_edpt_release
                0x10006f60       0x38 CMakeFiles/mpu_pid_pwm.dir/home/adrian/pico/pico-sdk/lib/tinyusb/src/tusb.c.obj
                0x10006f60                tu_edpt_release
 .text.tu_edpt_validate
                0x10006f98       0x78 CMakeFiles/mpu_pid_pwm.dir/home/adrian/pico/pico-sdk/lib/tinyusb/src/tusb.c.obj
                0x10006f98                tu_edpt_validate
 .text.tu_edpt_bind_driver
                0x10007010       0x26 CMakeFiles/mpu_pid_pwm.dir/home/adrian/pico/pico-sdk/lib/tinyusb/src/tusb.c.obj
                0x10007010                tu_edpt_bind_driver
 .text.advance_index
                0x10007036       0x1a CMakeFiles/mpu_pid_pwm.dir/home/adrian/pico/pico-sdk/lib/tinyusb/src/common/tusb_fifo.c.obj
 .text._tu_fifo_peek
                0x10007050       0x56 CMakeFiles/mpu_pid_pwm.dir/home/adrian/pico/pico-sdk/lib/tinyusb/src/common/tusb_fifo.c.obj
 .text._ff_pull_const_addr
                0x100070a6       0x4c CMakeFiles/mpu_pid_pwm.dir/home/adrian/pico/pico-sdk/lib/tinyusb/src/common/tusb_fifo.c.obj
 .text._ff_pull_n
                0x100070f2      0x110 CMakeFiles/mpu_pid_pwm.dir/home/adrian/pico/pico-sdk/lib/tinyusb/src/common/tusb_fifo.c.obj
 .text._tu_fifo_peek_n
                0x10007202       0x6a CMakeFiles/mpu_pid_pwm.dir/home/adrian/pico/pico-sdk/lib/tinyusb/src/common/tusb_fifo.c.obj
 .text._tu_fifo_read_n
                0x1000726c       0x4e CMakeFiles/mpu_pid_pwm.dir/home/adrian/pico/pico-sdk/lib/tinyusb/src/common/tusb_fifo.c.obj
 .text._ff_push_const_addr
                0x100072ba       0x40 CMakeFiles/mpu_pid_pwm.dir/home/adrian/pico/pico-sdk/lib/tinyusb/src/common/tusb_fifo.c.obj
 .text._ff_push_n
                0x100072fa      0x10c CMakeFiles/mpu_pid_pwm.dir/home/adrian/pico/pico-sdk/lib/tinyusb/src/common/tusb_fifo.c.obj
 .text._tu_fifo_write_n
                0x10007406       0xf0 CMakeFiles/mpu_pid_pwm.dir/home/adrian/pico/pico-sdk/lib/tinyusb/src/common/tusb_fifo.c.obj
 .text.tu_fifo_config
                0x100074f6       0x7c CMakeFiles/mpu_pid_pwm.dir/home/adrian/pico/pico-sdk/lib/tinyusb/src/common/tusb_fifo.c.obj
                0x100074f6                tu_fifo_config
 .text.tu_fifo_count
                0x10007572       0x2a CMakeFiles/mpu_pid_pwm.dir/home/adrian/pico/pico-sdk/lib/tinyusb/src/common/tusb_fifo.c.obj
                0x10007572                tu_fifo_count
 .text.tu_fifo_empty
                0x1000759c        0xe CMakeFiles/mpu_pid_pwm.dir/home/adrian/pico/pico-sdk/lib/tinyusb/src/common/tusb_fifo.c.obj
                0x1000759c                tu_fifo_empty
 .text.tu_fifo_full
                0x100075aa       0x28 CMakeFiles/mpu_pid_pwm.dir/home/adrian/pico/pico-sdk/lib/tinyusb/src/common/tusb_fifo.c.obj
                0x100075aa                tu_fifo_full
 .text.tu_fifo_remaining
                0x100075d2       0x2c CMakeFiles/mpu_pid_pwm.dir/home/adrian/pico/pico-sdk/lib/tinyusb/src/common/tusb_fifo.c.obj
                0x100075d2                tu_fifo_remaining
 .text.tu_fifo_read
                0x100075fe       0x42 CMakeFiles/mpu_pid_pwm.dir/home/adrian/pico/pico-sdk/lib/tinyusb/src/common/tusb_fifo.c.obj
                0x100075fe                tu_fifo_read
 .text.tu_fifo_read_n
                0x10007640        0xa CMakeFiles/mpu_pid_pwm.dir/home/adrian/pico/pico-sdk/lib/tinyusb/src/common/tusb_fifo.c.obj
                0x10007640                tu_fifo_read_n
 .text.tu_fifo_write
                0x1000764a       0x64 CMakeFiles/mpu_pid_pwm.dir/home/adrian/pico/pico-sdk/lib/tinyusb/src/common/tusb_fifo.c.obj
                0x1000764a                tu_fifo_write
 .text.tu_fifo_write_n
                0x100076ae        0xa CMakeFiles/mpu_pid_pwm.dir/home/adrian/pico/pico-sdk/lib/tinyusb/src/common/tusb_fifo.c.obj
                0x100076ae                tu_fifo_write_n
 .text.tu_fifo_clear
                0x100076b8       0x3e CMakeFiles/mpu_pid_pwm.dir/home/adrian/pico/pico-sdk/lib/tinyusb/src/common/tusb_fifo.c.obj
                0x100076b8                tu_fifo_clear
 .text.tu_fifo_set_overwritable
                0x100076f6       0x46 CMakeFiles/mpu_pid_pwm.dir/home/adrian/pico/pico-sdk/lib/tinyusb/src/common/tusb_fifo.c.obj
                0x100076f6                tu_fifo_set_overwritable
 .text.i2c_write_blocking_internal
                0x1000773c      0x146 CMakeFiles/mpu_pid_pwm.dir/home/adrian/pico/pico-sdk/src/rp2_common/hardware_i2c/i2c.c.obj
 .text.i2c_read_blocking_internal
                0x10007882       0xe6 CMakeFiles/mpu_pid_pwm.dir/home/adrian/pico/pico-sdk/src/rp2_common/hardware_i2c/i2c.c.obj
 .text.i2c_set_baudrate
                0x10007968       0xf0 CMakeFiles/mpu_pid_pwm.dir/home/adrian/pico/pico-sdk/src/rp2_common/hardware_i2c/i2c.c.obj
                0x10007968                i2c_set_baudrate
 .text.i2c_init
                0x10007a58       0x58 CMakeFiles/mpu_pid_pwm.dir/home/adrian/pico/pico-sdk/src/rp2_common/hardware_i2c/i2c.c.obj
                0x10007a58                i2c_init
 .text.i2c_write_blocking
                0x10007ab0       0x18 CMakeFiles/mpu_pid_pwm.dir/home/adrian/pico/pico-sdk/src/rp2_common/hardware_i2c/i2c.c.obj
                0x10007ab0                i2c_write_blocking
 .text.i2c_read_blocking
                0x10007ac8       0x18 CMakeFiles/mpu_pid_pwm.dir/home/adrian/pico/pico-sdk/src/rp2_common/hardware_i2c/i2c.c.obj
                0x10007ac8                i2c_read_blocking
 .text.adc_init
                0x10007ae0       0x34 CMakeFiles/mpu_pid_pwm.dir/home/adrian/pico/pico-sdk/src/rp2_common/hardware_adc/adc.c.obj
                0x10007ae0                adc_init
 .text          0x10007b14       0x5c /usr/lib/gcc/arm-none-eabi/12.2.1/../../../arm-none-eabi/lib/thumb/v6-m/nofp/libg.a(lib_a-strlen-stub.o)
                0x10007b14                strlen
 *(.fini)
 .fini          0x10007b70        0x4 /usr/lib/gcc/arm-none-eabi/12.2.1/thumb/v6-m/nofp/crti.o
                0x10007b70                _fini
 *fill*         0x10007b74        0x4 
 .fini.__stub   0x10007b78       0xe0 linker stubs
 *crtbegin.o(.ctors)
 *crtbegin?.o(.ctors)
 *(EXCLUDE_FILE(*crtend.o *crtend?.o) .ctors)
 *(SORT_BY_NAME(.ctors.*))
 *(.ctors)
 *crtbegin.o(.dtors)
 *crtbegin?.o(.dtors)
 *(EXCLUDE_FILE(*crtend.o *crtend?.o) .dtors)
 *(SORT_BY_NAME(.dtors.*))
 *(.dtors)
 *(.eh_frame*)
 .eh_frame      0x10007c58        0x0 /usr/lib/gcc/arm-none-eabi/12.2.1/thumb/v6-m/nofp/crtbegin.o
                0x10007c58                        . = ALIGN (0x4)

.glue_7         0x10007c58        0x0
 .glue_7        0x10007c58        0x0 linker stubs

.glue_7t        0x10007c58        0x0
 .glue_7t       0x10007c58        0x0 linker stubs

.vfp11_veneer   0x10007c58        0x0
 .vfp11_veneer  0x10007c58        0x0 linker stubs

.v4_bx          0x10007c58        0x0
 .v4_bx         0x10007c58        0x0 linker stubs

.iplt           0x10007c58        0x0
 .iplt          0x10007c58        0x0 /usr/lib/gcc/arm-none-eabi/12.2.1/thumb/v6-m/nofp/crtbegin.o

.rodata         0x10007c58     0x1654
 *(EXCLUDE_FILE(*libm.a: *libc.a:*lib_a-mem*.o *libgcc.a:) .rodata*)
 .rodata._Z11mpu6050_runv.str1.4
                0x10007c58      0xf8d CMakeFiles/mpu_pid_pwm.dir/mpu.cpp.obj
                                 0xc2 (size before relaxing)
 *fill*         0x10008be5        0x3 
 .rodata._ZZ11mpu6050_runvE8__bi_227
                0x10008be8        0x8 CMakeFiles/mpu_pid_pwm.dir/mpu.cpp.obj
 .rodata.spin_lock_claim_unused.str1.4
                0x10008bf0       0x1b CMakeFiles/mpu_pid_pwm.dir/home/adrian/pico/pico-sdk/src/rp2_common/hardware_sync/sync.c.obj
 .rodata.resolve_branch.str1.4
                0x10008bf0       0x55 CMakeFiles/mpu_pid_pwm.dir/home/adrian/pico/pico-sdk/src/rp2_common/hardware_irq/irq.c.obj
 .rodata.make_branch.str1.4
                0x10008bf0       0x30 CMakeFiles/mpu_pid_pwm.dir/home/adrian/pico/pico-sdk/src/rp2_common/hardware_irq/irq.c.obj
 .rodata.insert_branch_and_link.str1.4
                0x10008bf0       0x10 CMakeFiles/mpu_pid_pwm.dir/home/adrian/pico/pico-sdk/src/rp2_common/hardware_irq/irq.c.obj
 .rodata.irq_set_exclusive_handler.str1.4
                0x10008bf0       0x36 CMakeFiles/mpu_pid_pwm.dir/home/adrian/pico/pico-sdk/src/rp2_common/hardware_irq/irq.c.obj
 .rodata.irq_add_shared_handler.str1.4
                0x10008bf0       0xc2 CMakeFiles/mpu_pid_pwm.dir/home/adrian/pico/pico-sdk/src/rp2_common/hardware_irq/irq.c.obj
 .rodata.irq_remove_handler.str1.4
                0x10008bf0       0x3a CMakeFiles/mpu_pid_pwm.dir/home/adrian/pico/pico-sdk/src/rp2_common/hardware_irq/irq.c.obj
 .rodata.irq_add_tail_to_free_list.str1.4
                0x10008bf0       0x3a CMakeFiles/mpu_pid_pwm.dir/home/adrian/pico/pico-sdk/src/rp2_common/hardware_irq/irq.c.obj
 .rodata.user_irq_claim_unused.str1.4
                0x10008bf0       0x1b CMakeFiles/mpu_pid_pwm.dir/home/adrian/pico/pico-sdk/src/rp2_common/hardware_irq/irq.c.obj
 .rodata.__func__.0
                0x10008bf0       0x1a CMakeFiles/mpu_pid_pwm.dir/home/adrian/pico/pico-sdk/src/rp2_common/hardware_irq/irq.c.obj
 *fill*         0x10008c0a        0x2 
 .rodata.__func__.1
                0x10008c0c       0x17 CMakeFiles/mpu_pid_pwm.dir/home/adrian/pico/pico-sdk/src/rp2_common/hardware_irq/irq.c.obj
 *fill*         0x10008c23        0x1 
 .rodata.__func__.2
                0x10008c24       0x13 CMakeFiles/mpu_pid_pwm.dir/home/adrian/pico/pico-sdk/src/rp2_common/hardware_irq/irq.c.obj
 *fill*         0x10008c37        0x1 
 .rodata.__func__.3
                0x10008c38        0xc CMakeFiles/mpu_pid_pwm.dir/home/adrian/pico/pico-sdk/src/rp2_common/hardware_irq/irq.c.obj
 .rodata.__func__.4
                0x10008c44        0xf CMakeFiles/mpu_pid_pwm.dir/home/adrian/pico/pico-sdk/src/rp2_common/hardware_irq/irq.c.obj
 *fill*         0x10008c53        0x1 
 .rodata.__func__.5
                0x10008c54       0x17 CMakeFiles/mpu_pid_pwm.dir/home/adrian/pico/pico-sdk/src/rp2_common/hardware_irq/irq.c.obj
 *fill*         0x10008c6b        0x1 
 .rodata.__func__.6
                0x10008c6c       0x1a CMakeFiles/mpu_pid_pwm.dir/home/adrian/pico/pico-sdk/src/rp2_common/hardware_irq/irq.c.obj
 .rodata.update_us_since_boot.str1.4
                0x10008c86       0x61 CMakeFiles/mpu_pid_pwm.dir/home/adrian/pico/pico-sdk/src/common/pico_sync/mutex.c.obj
 .rodata.str1.4
                0x10008c86       0x89 CMakeFiles/mpu_pid_pwm.dir/home/adrian/pico/pico-sdk/src/common/pico_sync/mutex.c.obj
 *fill*         0x10008c86        0x2 
 .rodata.__func__.1
                0x10008c88        0xb CMakeFiles/mpu_pid_pwm.dir/home/adrian/pico/pico-sdk/src/common/pico_sync/mutex.c.obj
 *fill*         0x10008c93        0x1 
 .rodata.__func__.3
                0x10008c94       0x18 CMakeFiles/mpu_pid_pwm.dir/home/adrian/pico/pico-sdk/src/common/pico_sync/mutex.c.obj
 .rodata.__func__.4
                0x10008cac       0x15 CMakeFiles/mpu_pid_pwm.dir/home/adrian/pico/pico-sdk/src/common/pico_sync/mutex.c.obj
 .rodata.get_entry.str1.4
                0x10008cc1       0x5b CMakeFiles/mpu_pid_pwm.dir/home/adrian/pico/pico-sdk/src/common/pico_time/time.c.obj
 .rodata.update_us_since_boot.str1.4
                0x10008cc1       0x61 CMakeFiles/mpu_pid_pwm.dir/home/adrian/pico/pico-sdk/src/common/pico_time/time.c.obj
 .rodata.ph_get_node.str1.4
                0x10008cc1       0x66 CMakeFiles/mpu_pid_pwm.dir/home/adrian/pico/pico-sdk/src/common/pico_time/time.c.obj
 .rodata.ph_add_child_node.str1.4
                0x10008cc1       0x2e CMakeFiles/mpu_pid_pwm.dir/home/adrian/pico/pico-sdk/src/common/pico_time/time.c.obj
 .rodata.ph_insert_node.str1.4
                0x10008cc1        0x3 CMakeFiles/mpu_pid_pwm.dir/home/adrian/pico/pico-sdk/src/common/pico_time/time.c.obj
 .rodata.ph_free_node.str1.4
                0x10008cc1       0x38 CMakeFiles/mpu_pid_pwm.dir/home/adrian/pico/pico-sdk/src/common/pico_time/time.c.obj
 .rodata.add_alarm_under_lock.str1.4
                0x10008cc1       0x28 CMakeFiles/mpu_pid_pwm.dir/home/adrian/pico/pico-sdk/src/common/pico_time/time.c.obj
 .rodata.alarm_pool_alarm_callback.str1.4
                0x10008cc1       0x60 CMakeFiles/mpu_pid_pwm.dir/home/adrian/pico/pico-sdk/src/common/pico_time/time.c.obj
 .rodata.alarm_pool_get_default.str1.4
                0x10008cc1       0x21 CMakeFiles/mpu_pid_pwm.dir/home/adrian/pico/pico-sdk/src/common/pico_time/time.c.obj
 .rodata.alarm_pool_cancel_alarm.str1.4
                0x10008cc1       0x27 CMakeFiles/mpu_pid_pwm.dir/home/adrian/pico/pico-sdk/src/common/pico_time/time.c.obj
 .rodata.sleep_until.str1.4
                0x10008cc1       0x4d CMakeFiles/mpu_pid_pwm.dir/home/adrian/pico/pico-sdk/src/common/pico_time/time.c.obj
 *fill*         0x10008cc1        0x3 
 .rodata.__func__.1
                0x10008cc4       0x18 CMakeFiles/mpu_pid_pwm.dir/home/adrian/pico/pico-sdk/src/common/pico_time/time.c.obj
 .rodata.__func__.3
                0x10008cdc       0x17 CMakeFiles/mpu_pid_pwm.dir/home/adrian/pico/pico-sdk/src/common/pico_time/time.c.obj
 *fill*         0x10008cf3        0x1 
 .rodata.__func__.4
                0x10008cf4       0x12 CMakeFiles/mpu_pid_pwm.dir/home/adrian/pico/pico-sdk/src/common/pico_time/time.c.obj
 *fill*         0x10008d06        0x2 
 .rodata.__func__.5
                0x10008d08        0xd CMakeFiles/mpu_pid_pwm.dir/home/adrian/pico/pico-sdk/src/common/pico_time/time.c.obj
 *fill*         0x10008d15        0x3 
 .rodata.__func__.6
                0x10008d18       0x12 CMakeFiles/mpu_pid_pwm.dir/home/adrian/pico/pico-sdk/src/common/pico_time/time.c.obj
 *fill*         0x10008d2a        0x2 
 .rodata.__func__.7
                0x10008d2c        0xf CMakeFiles/mpu_pid_pwm.dir/home/adrian/pico/pico-sdk/src/common/pico_time/time.c.obj
 *fill*         0x10008d3b        0x1 
 .rodata.__func__.8
                0x10008d3c        0xc CMakeFiles/mpu_pid_pwm.dir/home/adrian/pico/pico-sdk/src/common/pico_time/time.c.obj
 .rodata.__func__.9
                0x10008d48       0x15 CMakeFiles/mpu_pid_pwm.dir/home/adrian/pico/pico-sdk/src/common/pico_time/time.c.obj
 *fill*         0x10008d5d        0x3 
 .rodata.__func__.10
                0x10008d60       0x15 CMakeFiles/mpu_pid_pwm.dir/home/adrian/pico/pico-sdk/src/common/pico_time/time.c.obj
 *fill*         0x10008d75        0x3 
 .rodata.__func__.11
                0x10008d78       0x1a CMakeFiles/mpu_pid_pwm.dir/home/adrian/pico/pico-sdk/src/common/pico_time/time.c.obj
 *fill*         0x10008d92        0x2 
 .rodata.__func__.12
                0x10008d94        0xa CMakeFiles/mpu_pid_pwm.dir/home/adrian/pico/pico-sdk/src/common/pico_time/time.c.obj
 .rodata.hardware_alarm_claim.str1.4
                0x10008d9e       0x22 CMakeFiles/mpu_pid_pwm.dir/home/adrian/pico/pico-sdk/src/rp2_common/hardware_timer/timer.c.obj
 .rodata.hardware_alarm_set_target.str1.4
                0x10008d9e       0x65 CMakeFiles/mpu_pid_pwm.dir/home/adrian/pico/pico-sdk/src/rp2_common/hardware_timer/timer.c.obj
 *fill*         0x10008d9e        0x2 
 .rodata.__func__.0
                0x10008da0       0x1a CMakeFiles/mpu_pid_pwm.dir/home/adrian/pico/pico-sdk/src/rp2_common/hardware_timer/timer.c.obj
 .rodata.ph_get_node.str1.4
                0x10008dba       0x66 CMakeFiles/mpu_pid_pwm.dir/home/adrian/pico/pico-sdk/src/common/pico_util/pheap.c.obj
 .rodata.ph_add_child_node.str1.4
                0x10008dba       0x2e CMakeFiles/mpu_pid_pwm.dir/home/adrian/pico/pico-sdk/src/common/pico_util/pheap.c.obj
 .rodata.ph_remove_any_head.str1.4
                0x10008dba       0xa0 CMakeFiles/mpu_pid_pwm.dir/home/adrian/pico/pico-sdk/src/common/pico_util/pheap.c.obj
 .rodata.ph_remove_and_free_node.str1.4
                0x10008dba       0x26 CMakeFiles/mpu_pid_pwm.dir/home/adrian/pico/pico-sdk/src/common/pico_util/pheap.c.obj
 *fill*         0x10008dba        0x2 
 .rodata.__func__.0
                0x10008dbc       0x18 CMakeFiles/mpu_pid_pwm.dir/home/adrian/pico/pico-sdk/src/common/pico_util/pheap.c.obj
 .rodata.__func__.1
                0x10008dd4       0x13 CMakeFiles/mpu_pid_pwm.dir/home/adrian/pico/pico-sdk/src/common/pico_util/pheap.c.obj
 *fill*         0x10008de7        0x1 
 .rodata.__func__.2
                0x10008de8       0x12 CMakeFiles/mpu_pid_pwm.dir/home/adrian/pico/pico-sdk/src/common/pico_util/pheap.c.obj
 *fill*         0x10008dfa        0x2 
 .rodata.__func__.3
                0x10008dfc        0xc CMakeFiles/mpu_pid_pwm.dir/home/adrian/pico/pico-sdk/src/common/pico_util/pheap.c.obj
 .rodata.clock_configure.str1.4
                0x10008e08       0x57 CMakeFiles/mpu_pid_pwm.dir/home/adrian/pico/pico-sdk/src/rp2_common/hardware_clocks/clocks.c.obj
 .rodata.__func__.1
                0x10008e08       0x10 CMakeFiles/mpu_pid_pwm.dir/home/adrian/pico/pico-sdk/src/rp2_common/hardware_clocks/clocks.c.obj
 .rodata.pll_init.str1.4
                0x10008e18      0x124 CMakeFiles/mpu_pid_pwm.dir/home/adrian/pico/pico-sdk/src/rp2_common/hardware_pll/pll.c.obj
 .rodata.__func__.0
                0x10008e18        0x9 CMakeFiles/mpu_pid_pwm.dir/home/adrian/pico/pico-sdk/src/rp2_common/hardware_pll/pll.c.obj
 .rodata.__assert_func.str1.4
                0x10008e21       0x43 CMakeFiles/mpu_pid_pwm.dir/home/adrian/pico/pico-sdk/src/rp2_common/pico_runtime/runtime.c.obj
 .rodata.runtime_init.str1.4
                0x10008e21       0x61 CMakeFiles/mpu_pid_pwm.dir/home/adrian/pico/pico-sdk/src/rp2_common/pico_runtime/runtime.c.obj
 .rodata.panic.str1.4
                0x10008e21       0x12 CMakeFiles/mpu_pid_pwm.dir/home/adrian/pico/pico-sdk/src/rp2_common/pico_runtime/runtime.c.obj
 *fill*         0x10008e21        0x3 
 .rodata.__func__.2
                0x10008e24        0xd CMakeFiles/mpu_pid_pwm.dir/home/adrian/pico/pico-sdk/src/rp2_common/pico_runtime/runtime.c.obj
 .rodata._ftoa.str1.4
                0x10008e31       0x15 CMakeFiles/mpu_pid_pwm.dir/home/adrian/pico/pico-sdk/src/rp2_common/pico_printf/printf.c.obj
 *fill*         0x10008e31        0x3 
 .rodata._vsnprintf
                0x10008e34      0x19c CMakeFiles/mpu_pid_pwm.dir/home/adrian/pico/pico-sdk/src/rp2_common/pico_printf/printf.c.obj
 .rodata.pow10.0
                0x10008fd0       0x50 CMakeFiles/mpu_pid_pwm.dir/home/adrian/pico/pico-sdk/src/rp2_common/pico_printf/printf.c.obj
 .rodata.missing_double_func_shim.str1.4
                0x10009020       0x18 CMakeFiles/mpu_pid_pwm.dir/home/adrian/pico/pico-sdk/src/rp2_common/pico_double/double_init_rom.c.obj
 .rodata.__aeabi_double_init.str1.4
                0x10009020       0x9c CMakeFiles/mpu_pid_pwm.dir/home/adrian/pico/pico-sdk/src/rp2_common/pico_double/double_init_rom.c.obj
 .rodata.__func__.0
                0x10009020       0x14 CMakeFiles/mpu_pid_pwm.dir/home/adrian/pico/pico-sdk/src/rp2_common/pico_double/double_init_rom.c.obj
 .rodata.missing_float_func_shim.str1.4
                0x10009034        0x1 CMakeFiles/mpu_pid_pwm.dir/home/adrian/pico/pico-sdk/src/rp2_common/pico_float/float_init_rom.c.obj
 .rodata.__aeabi_float_init.str1.4
                0x10009034       0x7a CMakeFiles/mpu_pid_pwm.dir/home/adrian/pico/pico-sdk/src/rp2_common/pico_float/float_init_rom.c.obj
 .rodata.__func__.0
                0x10009034       0x13 CMakeFiles/mpu_pid_pwm.dir/home/adrian/pico/pico-sdk/src/rp2_common/pico_float/float_init_rom.c.obj
 .rodata.str1.4
                0x10009047       0x40 CMakeFiles/mpu_pid_pwm.dir/home/adrian/pico/pico-sdk/src/rp2_common/pico_standard_link/binary_info.c.obj
 *fill*         0x10009047        0x1 
 .rodata.__bi_81
                0x10009048        0xc CMakeFiles/mpu_pid_pwm.dir/home/adrian/pico/pico-sdk/src/rp2_common/pico_standard_link/binary_info.c.obj
 .rodata.__bi_75
                0x10009054        0xc CMakeFiles/mpu_pid_pwm.dir/home/adrian/pico/pico-sdk/src/rp2_common/pico_standard_link/binary_info.c.obj
 .rodata.__bi_44
                0x10009060        0xc CMakeFiles/mpu_pid_pwm.dir/home/adrian/pico/pico-sdk/src/rp2_common/pico_standard_link/binary_info.c.obj
 .rodata.update_us_since_boot.str1.4
                0x1000906c       0x61 CMakeFiles/mpu_pid_pwm.dir/home/adrian/pico/pico-sdk/src/rp2_common/pico_stdio/stdio.c.obj
 .rodata.crlf_str.2
                0x1000906c        0x2 CMakeFiles/mpu_pid_pwm.dir/home/adrian/pico/pico-sdk/src/rp2_common/pico_stdio/stdio.c.obj
 *fill*         0x1000906e        0x2 
 .rodata.__func__.3
                0x10009070       0x15 CMakeFiles/mpu_pid_pwm.dir/home/adrian/pico/pico-sdk/src/rp2_common/pico_stdio/stdio.c.obj
 *fill*         0x10009085        0x3 
 .rodata._resetd_driver
                0x10009088       0x18 CMakeFiles/mpu_pid_pwm.dir/home/adrian/pico/pico-sdk/src/rp2_common/pico_stdio_usb/reset_interface.c.obj
 .rodata.update_us_since_boot.str1.4
                0x100090a0       0x61 CMakeFiles/mpu_pid_pwm.dir/home/adrian/pico/pico-sdk/src/rp2_common/pico_stdio_usb/stdio_usb.c.obj
 .rodata.stdio_usb_init.str1.4
                0x100090a0       0x4d CMakeFiles/mpu_pid_pwm.dir/home/adrian/pico/pico-sdk/src/rp2_common/pico_stdio_usb/stdio_usb.c.obj
 .rodata.str1.4
                0x100090a0       0x13 CMakeFiles/mpu_pid_pwm.dir/home/adrian/pico/pico-sdk/src/rp2_common/pico_stdio_usb/stdio_usb.c.obj
 .rodata.__bi_182.0
                0x100090a0        0xc CMakeFiles/mpu_pid_pwm.dir/home/adrian/pico/pico-sdk/src/rp2_common/pico_stdio_usb/stdio_usb.c.obj
 .rodata.__func__.1
                0x100090ac        0xf CMakeFiles/mpu_pid_pwm.dir/home/adrian/pico/pico-sdk/src/rp2_common/pico_stdio_usb/stdio_usb.c.obj
 *fill*         0x100090bb        0x1 
 .rodata.__func__.3
                0x100090bc       0x15 CMakeFiles/mpu_pid_pwm.dir/home/adrian/pico/pico-sdk/src/rp2_common/pico_stdio_usb/stdio_usb.c.obj
 .rodata.str1.4
                0x100090d1       0x2a CMakeFiles/mpu_pid_pwm.dir/home/adrian/pico/pico-sdk/src/rp2_common/pico_stdio_usb/stdio_usb_descriptors.c.obj
 *fill*         0x100090d1        0x3 
 .rodata.usbd_desc_str
                0x100090d4       0x18 CMakeFiles/mpu_pid_pwm.dir/home/adrian/pico/pico-sdk/src/rp2_common/pico_stdio_usb/stdio_usb_descriptors.c.obj
 .rodata.usbd_desc_cfg
                0x100090ec       0x54 CMakeFiles/mpu_pid_pwm.dir/home/adrian/pico/pico-sdk/src/rp2_common/pico_stdio_usb/stdio_usb_descriptors.c.obj
 .rodata.usbd_desc_device
                0x10009140       0x12 CMakeFiles/mpu_pid_pwm.dir/home/adrian/pico/pico-sdk/src/rp2_common/pico_stdio_usb/stdio_usb_descriptors.c.obj
 .rodata.pico_get_unique_board_id_string.str1.4
                0x10009152       0x4d CMakeFiles/mpu_pid_pwm.dir/home/adrian/pico/pico-sdk/src/rp2_common/pico_unique_id/unique_id.c.obj
 *fill*         0x10009152        0x2 
 .rodata.__func__.0
                0x10009154       0x20 CMakeFiles/mpu_pid_pwm.dir/home/adrian/pico/pico-sdk/src/rp2_common/pico_unique_id/unique_id.c.obj
 .rodata.str1.4
                0x10009174      0x15a CMakeFiles/mpu_pid_pwm.dir/home/adrian/pico/pico-sdk/src/rp2_common/hardware_flash/flash.c.obj
 .rodata.__func__.0
                0x10009174        0xd CMakeFiles/mpu_pid_pwm.dir/home/adrian/pico/pico-sdk/src/rp2_common/hardware_flash/flash.c.obj
 .rodata._hw_endpoint_alloc.str1.4
                0x10009181       0xb5 CMakeFiles/mpu_pid_pwm.dir/home/adrian/pico/pico-sdk/lib/tinyusb/src/portable/raspberrypi/rp2040/dcd_rp2040.c.obj
 .rodata.str1.4
                0x10009181       0x14 CMakeFiles/mpu_pid_pwm.dir/home/adrian/pico/pico-sdk/lib/tinyusb/src/portable/raspberrypi/rp2040/dcd_rp2040.c.obj
 .rodata.dcd_int_enable.str1.4
                0x10009181        0xc CMakeFiles/mpu_pid_pwm.dir/home/adrian/pico/pico-sdk/lib/tinyusb/src/portable/raspberrypi/rp2040/dcd_rp2040.c.obj
 *fill*         0x10009181        0x3 
 .rodata.__func__.0
                0x10009184        0xe CMakeFiles/mpu_pid_pwm.dir/home/adrian/pico/pico-sdk/lib/tinyusb/src/portable/raspberrypi/rp2040/dcd_rp2040.c.obj
 *fill*         0x10009192        0x2 
 .rodata.__func__.1
                0x10009194        0xe CMakeFiles/mpu_pid_pwm.dir/home/adrian/pico/pico-sdk/lib/tinyusb/src/portable/raspberrypi/rp2040/dcd_rp2040.c.obj
 *fill*         0x100091a2        0x2 
 .rodata.__func__.3
                0x100091a4       0x10 CMakeFiles/mpu_pid_pwm.dir/home/adrian/pico/pico-sdk/lib/tinyusb/src/portable/raspberrypi/rp2040/dcd_rp2040.c.obj
 .rodata.__func__.5
                0x100091b4        0xf CMakeFiles/mpu_pid_pwm.dir/home/adrian/pico/pico-sdk/lib/tinyusb/src/portable/raspberrypi/rp2040/dcd_rp2040.c.obj
 *fill*         0x100091c3        0x1 
 .rodata.__func__.6
                0x100091c4       0x13 CMakeFiles/mpu_pid_pwm.dir/home/adrian/pico/pico-sdk/lib/tinyusb/src/portable/raspberrypi/rp2040/dcd_rp2040.c.obj
 *fill*         0x100091d7        0x1 
 .rodata.__func__.7
                0x100091d8        0x9 CMakeFiles/mpu_pid_pwm.dir/home/adrian/pico/pico-sdk/lib/tinyusb/src/portable/raspberrypi/rp2040/dcd_rp2040.c.obj
 .rodata.str1.4
                0x100091e1       0xe7 CMakeFiles/mpu_pid_pwm.dir/home/adrian/pico/pico-sdk/lib/tinyusb/src/portable/raspberrypi/rp2040/rp2040_usb.c.obj
 *fill*         0x100091e1        0x3 
 .rodata.__func__.0
                0x100091e4        0xf CMakeFiles/mpu_pid_pwm.dir/home/adrian/pico/pico-sdk/lib/tinyusb/src/portable/raspberrypi/rp2040/rp2040_usb.c.obj
 *fill*         0x100091f3        0x1 
 .rodata.process_get_descriptor
                0x100091f4       0x40 CMakeFiles/mpu_pid_pwm.dir/home/adrian/pico/pico-sdk/lib/tinyusb/src/device/usbd.c.obj
 .rodata.process_control_request
                0x10009234       0x28 CMakeFiles/mpu_pid_pwm.dir/home/adrian/pico/pico-sdk/lib/tinyusb/src/device/usbd.c.obj
 .rodata.tud_task_ext
                0x1000925c       0x24 CMakeFiles/mpu_pid_pwm.dir/home/adrian/pico/pico-sdk/lib/tinyusb/src/device/usbd.c.obj
 .rodata._usbd_driver
                0x10009280       0x18 CMakeFiles/mpu_pid_pwm.dir/home/adrian/pico/pico-sdk/lib/tinyusb/src/device/usbd.c.obj
 .rodata.i2c_set_baudrate.str1.4
                0x10009298       0x5d CMakeFiles/mpu_pid_pwm.dir/home/adrian/pico/pico-sdk/src/rp2_common/hardware_i2c/i2c.c.obj
 .rodata.__func__.0
                0x10009298       0x11 CMakeFiles/mpu_pid_pwm.dir/home/adrian/pico/pico-sdk/src/rp2_common/hardware_i2c/i2c.c.obj
                0x100092f8                        . = ALIGN (0x4)
 *fill*         0x100092a9        0x3 
 *(SORT_BY_ALIGNMENT(SORT_BY_NAME(.flashdata*)))
                0x100092ac                        . = ALIGN (0x4)

.ARM.extab
 *(.ARM.extab* .gnu.linkonce.armextab.*)
                0x100092ac                        __exidx_start = .

.ARM.exidx
 *(.ARM.exidx* .gnu.linkonce.armexidx.*)
                0x100092ac                        __exidx_end = .
                0x100092ac                        . = ALIGN (0x4)
                0x100092ac                        __binary_info_start = .

.binary_info    0x100092ac       0x24
 *(.binary_info.keep.*)
 .binary_info.keep.__bi_ptr227
                0x100092ac        0x4 CMakeFiles/mpu_pid_pwm.dir/mpu.cpp.obj
 .binary_info.keep.__bi_ptr81
                0x100092b0        0x4 CMakeFiles/mpu_pid_pwm.dir/home/adrian/pico/pico-sdk/src/rp2_common/pico_standard_link/binary_info.c.obj
 .binary_info.keep.__bi_ptr75
                0x100092b4        0x4 CMakeFiles/mpu_pid_pwm.dir/home/adrian/pico/pico-sdk/src/rp2_common/pico_standard_link/binary_info.c.obj
 .binary_info.keep.__bi_ptr50
                0x100092b8        0x4 CMakeFiles/mpu_pid_pwm.dir/home/adrian/pico/pico-sdk/src/rp2_common/pico_standard_link/binary_info.c.obj
 .binary_info.keep.__bi_ptr44
                0x100092bc        0x4 CMakeFiles/mpu_pid_pwm.dir/home/adrian/pico/pico-sdk/src/rp2_common/pico_standard_link/binary_info.c.obj
 .binary_info.keep.__bi_ptr38
                0x100092c0        0x4 CMakeFiles/mpu_pid_pwm.dir/home/adrian/pico/pico-sdk/src/rp2_common/pico_standard_link/binary_info.c.obj
 .binary_info.keep.__bi_ptr30
                0x100092c4        0x4 CMakeFiles/mpu_pid_pwm.dir/home/adrian/pico/pico-sdk/src/rp2_common/pico_standard_link/binary_info.c.obj
 .binary_info.keep.__bi_ptr22
                0x100092c8        0x4 CMakeFiles/mpu_pid_pwm.dir/home/adrian/pico/pico-sdk/src/rp2_common/pico_standard_link/binary_info.c.obj
 *(.binary_info.*)
 .binary_info.__bi_ptr182
                0x100092cc        0x4 CMakeFiles/mpu_pid_pwm.dir/home/adrian/pico/pico-sdk/src/rp2_common/pico_stdio_usb/stdio_usb.c.obj
                0x100092d0                        __binary_info_end = .

.rel.dyn        0x100092d0        0x0
 .rel.iplt      0x100092d0        0x0 /usr/lib/gcc/arm-none-eabi/12.2.1/thumb/v6-m/nofp/crtbegin.o
                0x100092d0                        . = ALIGN (0x4)

.ram_vector_table
                0x20000000       0xc0
 *(.ram_vector_table)
 .ram_vector_table
                0x20000000       0xc0 CMakeFiles/mpu_pid_pwm.dir/home/adrian/pico/pico-sdk/src/rp2_common/pico_runtime/runtime.c.obj
                0x20000000                ram_vector_table

.data           0x200000c0      0xb38 load address 0x100092d0
                0x200000c0                        __data_start__ = .
 *(vtable)
 *(.time_critical*)
 .time_critical.mutex_try_enter
                0x200000c0       0x46 CMakeFiles/mpu_pid_pwm.dir/home/adrian/pico/pico-sdk/src/common/pico_sync/mutex.c.obj
                0x200000c0                mutex_try_enter
 *fill*         0x20000106        0x2 
 .time_critical.mutex_enter_block_until
                0x20000108       0x8c CMakeFiles/mpu_pid_pwm.dir/home/adrian/pico/pico-sdk/src/common/pico_sync/mutex.c.obj
                0x20000108                mutex_enter_block_until
 .time_critical.mutex_try_enter_block_until
                0x20000194       0x34 CMakeFiles/mpu_pid_pwm.dir/home/adrian/pico/pico-sdk/src/common/pico_sync/mutex.c.obj
                0x20000194                mutex_try_enter_block_until
 .time_critical.mutex_enter_timeout_ms
                0x200001c8       0x1a CMakeFiles/mpu_pid_pwm.dir/home/adrian/pico/pico-sdk/src/common/pico_sync/mutex.c.obj
                0x200001c8                mutex_enter_timeout_ms
 *fill*         0x200001e2        0x2 
 .time_critical.mutex_exit
                0x200001e4       0x4c CMakeFiles/mpu_pid_pwm.dir/home/adrian/pico/pico-sdk/src/common/pico_sync/mutex.c.obj
                0x200001e4                mutex_exit
 .time_critical.flash_init_boot2_copyout
                0x20000230       0x30 CMakeFiles/mpu_pid_pwm.dir/home/adrian/pico/pico-sdk/src/rp2_common/hardware_flash/flash.c.obj
 .time_critical.flash_enable_xip_via_boot2
                0x20000260        0xc CMakeFiles/mpu_pid_pwm.dir/home/adrian/pico/pico-sdk/src/rp2_common/hardware_flash/flash.c.obj
 .time_critical.flash_cs_force
                0x2000026c       0x28 CMakeFiles/mpu_pid_pwm.dir/home/adrian/pico/pico-sdk/src/rp2_common/hardware_flash/flash.c.obj
 .time_critical.flash_do_cmd
                0x20000294       0xd8 CMakeFiles/mpu_pid_pwm.dir/home/adrian/pico/pico-sdk/src/rp2_common/hardware_flash/flash.c.obj
                0x20000294                flash_do_cmd
 .time_critical.reset_non_control_endpoints
                0x2000036c       0x40 CMakeFiles/mpu_pid_pwm.dir/home/adrian/pico/pico-sdk/lib/tinyusb/src/portable/raspberrypi/rp2040/dcd_rp2040.c.obj
 .time_critical.hw_handle_buff_status
                0x200003ac       0xa4 CMakeFiles/mpu_pid_pwm.dir/home/adrian/pico/pico-sdk/lib/tinyusb/src/portable/raspberrypi/rp2040/dcd_rp2040.c.obj
 .time_critical.dcd_rp2040_irq
                0x20000450      0x1b8 CMakeFiles/mpu_pid_pwm.dir/home/adrian/pico/pico-sdk/lib/tinyusb/src/portable/raspberrypi/rp2040/dcd_rp2040.c.obj
 .time_critical.e15_is_bulkin_ep
                0x20000608       0x2c CMakeFiles/mpu_pid_pwm.dir/home/adrian/pico/pico-sdk/lib/tinyusb/src/portable/raspberrypi/rp2040/rp2040_usb.c.obj
 .time_critical.e15_is_critical_frame_period
                0x20000634       0x30 CMakeFiles/mpu_pid_pwm.dir/home/adrian/pico/pico-sdk/lib/tinyusb/src/portable/raspberrypi/rp2040/rp2040_usb.c.obj
 .time_critical.prepare_ep_buffer
                0x20000664       0x6c CMakeFiles/mpu_pid_pwm.dir/home/adrian/pico/pico-sdk/lib/tinyusb/src/portable/raspberrypi/rp2040/rp2040_usb.c.obj
 .time_critical.sync_ep_buffer