Archive member included to satisfy reference by file (symbol)

/usr/lib/gcc/arm-none-eabi/12.2.1/thumb/v6-m/nofp/libgcc.a(_dvmd_tls.o)
                              CMakeFiles/mpu6050_i2c.dir/home/adrian/pico/pico-sdk/src/rp2_common/pico_divider/divider.S.obj (__aeabi_idiv0)
/usr/lib/gcc/arm-none-eabi/12.2.1/../../../arm-none-eabi/lib/thumb/v6-m/nofp/libg.a(lib_a-atexit.o)
                              /usr/lib/gcc/arm-none-eabi/12.2.1/../../../arm-none-eabi/lib/thumb/v6-m/nofp/crt0.o (atexit)
/usr/lib/gcc/arm-none-eabi/12.2.1/../../../arm-none-eabi/lib/thumb/v6-m/nofp/libg.a(lib_a-calloc.o)
                              CMakeFiles/mpu6050_i2c.dir/home/adrian/pico/pico-sdk/src/rp2_common/pico_malloc/pico_malloc.c.obj (calloc)
/usr/lib/gcc/arm-none-eabi/12.2.1/../../../arm-none-eabi/lib/thumb/v6-m/nofp/libg.a(lib_a-callocr.o)
                              /usr/lib/gcc/arm-none-eabi/12.2.1/../../../arm-none-eabi/lib/thumb/v6-m/nofp/libg.a(lib_a-calloc.o) (_calloc_r)
/usr/lib/gcc/arm-none-eabi/12.2.1/../../../arm-none-eabi/lib/thumb/v6-m/nofp/libg.a(lib_a-fini.o)
                              /usr/lib/gcc/arm-none-eabi/12.2.1/../../../arm-none-eabi/lib/thumb/v6-m/nofp/crt0.o (__libc_fini_array)
/usr/lib/gcc/arm-none-eabi/12.2.1/../../../arm-none-eabi/lib/thumb/v6-m/nofp/libg.a(lib_a-impure.o)
                              /usr/lib/gcc/arm-none-eabi/12.2.1/../../../arm-none-eabi/lib/thumb/v6-m/nofp/libg.a(lib_a-calloc.o) (_impure_ptr)
/usr/lib/gcc/arm-none-eabi/12.2.1/../../../arm-none-eabi/lib/thumb/v6-m/nofp/libg.a(lib_a-init.o)
                              /usr/lib/gcc/arm-none-eabi/12.2.1/../../../arm-none-eabi/lib/thumb/v6-m/nofp/crt0.o (__libc_init_array)
/usr/lib/gcc/arm-none-eabi/12.2.1/../../../arm-none-eabi/lib/thumb/v6-m/nofp/libg.a(lib_a-malloc.o)
                              CMakeFiles/mpu6050_i2c.dir/home/adrian/pico/pico-sdk/src/rp2_common/pico_malloc/pico_malloc.c.obj (malloc)
/usr/lib/gcc/arm-none-eabi/12.2.1/../../../arm-none-eabi/lib/thumb/v6-m/nofp/libg.a(lib_a-mallocr.o)
                              /usr/lib/gcc/arm-none-eabi/12.2.1/../../../arm-none-eabi/lib/thumb/v6-m/nofp/libg.a(lib_a-callocr.o) (_malloc_r)
/usr/lib/gcc/arm-none-eabi/12.2.1/../../../arm-none-eabi/lib/thumb/v6-m/nofp/libg.a(lib_a-mlock.o)
                              /usr/lib/gcc/arm-none-eabi/12.2.1/../../../arm-none-eabi/lib/thumb/v6-m/nofp/libg.a(lib_a-mallocr.o) (__malloc_lock)
/usr/lib/gcc/arm-none-eabi/12.2.1/../../../arm-none-eabi/lib/thumb/v6-m/nofp/libg.a(lib_a-realloc.o)
                              CMakeFiles/mpu6050_i2c.dir/home/adrian/pico/pico-sdk/src/rp2_common/pico_malloc/pico_malloc.c.obj (realloc)
/usr/lib/gcc/arm-none-eabi/12.2.1/../../../arm-none-eabi/lib/thumb/v6-m/nofp/libg.a(lib_a-reallocr.o)
                              /usr/lib/gcc/arm-none-eabi/12.2.1/../../../arm-none-eabi/lib/thumb/v6-m/nofp/libg.a(lib_a-realloc.o) (_realloc_r)
/usr/lib/gcc/arm-none-eabi/12.2.1/../../../arm-none-eabi/lib/thumb/v6-m/nofp/libg.a(lib_a-sbrkr.o)
                              /usr/lib/gcc/arm-none-eabi/12.2.1/../../../arm-none-eabi/lib/thumb/v6-m/nofp/libg.a(lib_a-mallocr.o) (_sbrk_r)
/usr/lib/gcc/arm-none-eabi/12.2.1/../../../arm-none-eabi/lib/thumb/v6-m/nofp/libg.a(lib_a-strlen-stub.o)
                              CMakeFiles/mpu6050_i2c.dir/home/adrian/pico/pico-sdk/src/rp2_common/pico_stdio/stdio.c.obj (strlen)
/usr/lib/gcc/arm-none-eabi/12.2.1/../../../arm-none-eabi/lib/thumb/v6-m/nofp/libg.a(lib_a-__atexit.o)
                              /usr/lib/gcc/arm-none-eabi/12.2.1/../../../arm-none-eabi/lib/thumb/v6-m/nofp/libg.a(lib_a-atexit.o) (__register_exitproc)
/usr/lib/gcc/arm-none-eabi/12.2.1/../../../arm-none-eabi/lib/thumb/v6-m/nofp/libg.a(lib_a-freer.o)
                              /usr/lib/gcc/arm-none-eabi/12.2.1/../../../arm-none-eabi/lib/thumb/v6-m/nofp/libg.a(lib_a-malloc.o) (_free_r)
/usr/lib/gcc/arm-none-eabi/12.2.1/../../../arm-none-eabi/lib/thumb/v6-m/nofp/libg.a(lib_a-memmove.o)
                              /usr/lib/gcc/arm-none-eabi/12.2.1/../../../arm-none-eabi/lib/thumb/v6-m/nofp/libg.a(lib_a-reallocr.o) (memmove)
/usr/lib/gcc/arm-none-eabi/12.2.1/../../../arm-none-eabi/lib/thumb/v6-m/nofp/libg.a(lib_a-reent.o)
                              /usr/lib/gcc/arm-none-eabi/12.2.1/../../../arm-none-eabi/lib/thumb/v6-m/nofp/libg.a(lib_a-sbrkr.o) (errno)

Discarded input sections

 .text          0x00000000        0x0 /usr/lib/gcc/arm-none-eabi/12.2.1/thumb/v6-m/nofp/crti.o
 .data          0x00000000        0x0 /usr/lib/gcc/arm-none-eabi/12.2.1/thumb/v6-m/nofp/crti.o
 .bss           0x00000000        0x0 /usr/lib/gcc/arm-none-eabi/12.2.1/thumb/v6-m/nofp/crti.o
 .data          0x00000000        0x4 /usr/lib/gcc/arm-none-eabi/12.2.1/thumb/v6-m/nofp/crtbegin.o
 .rodata        0x00000000       0x24 /usr/lib/gcc/arm-none-eabi/12.2.1/thumb/v6-m/nofp/crtbegin.o
 .fini_array    0x00000000        0x4 /usr/lib/gcc/arm-none-eabi/12.2.1/thumb/v6-m/nofp/crtbegin.o
[...]
Memory Configuration

Name             Origin             Length             Attributes
FLASH            0x10000000         0x00200000         xr
RAM              0x20000000         0x00040000         xrw
SCRATCH_X        0x20040000         0x00001000         xrw
SCRATCH_Y        0x20041000         0x00001000         xrw
*default*        0x00000000         0xffffffff

Linker script and memory map

LOAD /usr/lib/gcc/arm-none-eabi/12.2.1/thumb/v6-m/nofp/crti.o
LOAD /usr/lib/gcc/arm-none-eabi/12.2.1/thumb/v6-m/nofp/crtbegin.o
LOAD /usr/lib/gcc/arm-none-eabi/12.2.1/../../../arm-none-eabi/lib/thumb/v6-m/nofp/crt0.o

.flash_begin    0x10000000        0x0
                0x10000000                        __flash_binary_start = .

.boot2          0x10000000      0x100
                0x10000000                        __boot2_start__ = .
 *(.boot2)
 .boot2         0x10000000      0x100 /tmp/ccGiFxjp.o
                0x10000100                        __boot2_end__ = .
                0x00000001                        ASSERT (((__boot2_end__ - __boot2_start__) == 0x100), ERROR: Pico second stage bootloader must be 256 bytes in size)

.text           0x10000100     0x7680
                0x10000100                        __logical_binary_start = .
 *(.vectors)
 .vectors       0x10000100       0xd4 CMakeFiles/mpu6050_i2c.dir/home/adrian/pico/pico-sdk/src/rp2_common/pico_standard_link/crt0.S.obj
                0x10000100                __vectors
                0x10000100                __VECTOR_TABLE
                0x100001c0                isr_invalid
                0x100001c0                __default_isrs_start
                0x100001c2                isr_nmi
                0x100001c4                isr_hardfault
                0x100001c6                isr_svcall
                0x100001c8                isr_pendsv
                0x100001ca                isr_systick
                0x100001cc                isr_irq30
                0x100001cc                __unhandled_user_irq
                0x100001cc                isr_irq13
                0x100001cc                isr_irq27
                0x100001cc                isr_irq31
                0x100001cc                isr_irq5
                0x100001cc                isr_irq11
                0x100001cc                isr_irq23
                0x100001cc                isr_irq18
                0x100001cc                isr_irq28
                0x100001cc                isr_irq19
                0x100001cc                isr_irq0
                0x100001cc                isr_irq6
                0x100001cc                isr_irq22
                0x100001cc                isr_irq17
                0x100001cc                isr_irq14
                0x100001cc                isr_irq2
                0x100001cc                isr_irq10
                0x100001cc                isr_irq8
                0x100001cc                isr_irq24
                0x100001cc                isr_irq1
                0x100001cc                isr_irq7
                0x100001cc                isr_irq21
                0x100001cc                isr_irq20
                0x100001cc                isr_irq15
                0x100001cc                isr_irq25
                0x100001cc                isr_irq4
                0x100001cc                isr_irq16
                0x100001cc                isr_irq29
                0x100001cc                isr_irq26
                0x100001cc                __default_isrs_end
                0x100001cc                isr_irq3
                0x100001cc                isr_irq12
                0x100001cc                isr_irq9
                0x100001d2                unhandled_user_irq_num_in_r0
 *(.binary_info_header)
 .binary_info_header
                0x100001d4       0x14 CMakeFiles/mpu6050_i2c.dir/home/adrian/pico/pico-sdk/src/rp2_common/pico_standard_link/crt0.S.obj
                0x100001e8                        __binary_info_header_end = .
 *(.reset)
 .reset         0x100001e8       0xa0 CMakeFiles/mpu6050_i2c.dir/home/adrian/pico/pico-sdk/src/rp2_common/pico_standard_link/crt0.S.obj
                0x100001e8                _entry_point
 .reset         0x10000288       0x30 CMakeFiles/mpu6050_i2c.dir/home/adrian/pico/pico-sdk/src/rp2_common/pico_standard_link/binary_info.c.obj
 *(.init)
 .init          0x100002b8        0x4 /usr/lib/gcc/arm-none-eabi/12.2.1/thumb/v6-m/nofp/crti.o
                0x100002b8                _init
 *(EXCLUDE_FILE(*libm.a: *libc.a:*lib_a-mem*.o *libgcc.a:) .text*)
 .text          0x100002bc       0x98 /usr/lib/gcc/arm-none-eabi/12.2.1/thumb/v6-m/nofp/crtbegin.o
 .text.mpu6050_reset
                0x10000354       0x20 CMakeFiles/mpu6050_i2c.dir/mpu6050_i2c.c.obj
 .text.Read_INT
                0x10000374       0x44 CMakeFiles/mpu6050_i2c.dir/mpu6050_i2c.c.obj
 .text.mpu6050_read_raw
                0x100003b8       0xe4 CMakeFiles/mpu6050_i2c.dir/mpu6050_i2c.c.obj
 .text.Write_INT_Enable
                0x1000049c       0x34 CMakeFiles/mpu6050_i2c.dir/mpu6050_i2c.c.obj
 .text.Read_INT_Enable
                0x100004d0       0x50 CMakeFiles/mpu6050_i2c.dir/mpu6050_i2c.c.obj
 .text.mostrar_offsets
                0x10000520      0x1ac CMakeFiles/mpu6050_i2c.dir/mpu6050_i2c.c.obj
                0x10000520                mostrar_offsets
 .text.set_offsets
                0x100006cc       0xdc CMakeFiles/mpu6050_i2c.dir/mpu6050_i2c.c.obj
                0x100006cc                set_offsets
 .text.main     0x100007a8      0x1d0 CMakeFiles/mpu6050_i2c.dir/mpu6050_i2c.c.obj
                0x100007a8                main
 .text.gpio_set_function
                0x10000978       0x30 CMakeFiles/mpu6050_i2c.dir/home/adrian/pico/pico-sdk/src/rp2_common/hardware_gpio/gpio.c.obj
                0x10000978                gpio_set_function
 .text.gpio_set_pulls
                0x100009a8       0x34 CMakeFiles/mpu6050_i2c.dir/home/adrian/pico/pico-sdk/src/rp2_common/hardware_gpio/gpio.c.obj
                0x100009a8                gpio_set_pulls
 .text.running_on_fpga
                0x100009dc       0x14 CMakeFiles/mpu6050_i2c.dir/home/adrian/pico/pico-sdk/src/rp2_common/pico_platform/platform.c.obj
                0x100009dc                running_on_fpga
 .text.hw_claim_lock
                0x100009f0       0x18 CMakeFiles/mpu6050_i2c.dir/home/adrian/pico/pico-sdk/src/rp2_common/hardware_claim/claim.c.obj
                0x100009f0                hw_claim_lock
 .text.hw_claim_unlock
                0x10000a08       0x14 CMakeFiles/mpu6050_i2c.dir/home/adrian/pico/pico-sdk/src/rp2_common/hardware_claim/claim.c.obj
                0x10000a08                hw_claim_unlock
 .text.hw_claim_or_assert
                0x10000a1c       0x32 CMakeFiles/mpu6050_i2c.dir/home/adrian/pico/pico-sdk/src/rp2_common/hardware_claim/claim.c.obj
                0x10000a1c                hw_claim_or_assert
 .text.hw_claim_unused_from_range
                0x10000a4e       0x50 CMakeFiles/mpu6050_i2c.dir/home/adrian/pico/pico-sdk/src/rp2_common/hardware_claim/claim.c.obj
                0x10000a4e                hw_claim_unused_from_range
 *fill*         0x10000a9e        0x2 
 .text.spin_locks_reset
                0x10000aa0       0x20 CMakeFiles/mpu6050_i2c.dir/home/adrian/pico/pico-sdk/src/rp2_common/hardware_sync/sync.c.obj
                0x10000aa0                spin_locks_reset
 .text.next_striped_spin_lock_num
                0x10000ac0       0x1c CMakeFiles/mpu6050_i2c.dir/home/adrian/pico/pico-sdk/src/rp2_common/hardware_sync/sync.c.obj
                0x10000ac0                next_striped_spin_lock_num
 .text.spin_lock_claim_unused
                0x10000adc       0x24 CMakeFiles/mpu6050_i2c.dir/home/adrian/pico/pico-sdk/src/rp2_common/hardware_sync/sync.c.obj
                0x10000adc                spin_lock_claim_unused
 .text.set_raw_irq_handler_and_unlock
                0x10000b00       0x28 CMakeFiles/mpu6050_i2c.dir/home/adrian/pico/pico-sdk/src/rp2_common/hardware_irq/irq.c.obj
 .text.resolve_branch
                0x10000b28       0x30 CMakeFiles/mpu6050_i2c.dir/home/adrian/pico/pico-sdk/src/rp2_common/hardware_irq/irq.c.obj
 .text.make_branch
                0x10000b58       0x48 CMakeFiles/mpu6050_i2c.dir/home/adrian/pico/pico-sdk/src/rp2_common/hardware_irq/irq.c.obj
 .text.insert_branch_and_link
                0x10000ba0       0x40 CMakeFiles/mpu6050_i2c.dir/home/adrian/pico/pico-sdk/src/rp2_common/hardware_irq/irq.c.obj
 .text.irq_is_enabled
                0x10000be0       0x18 CMakeFiles/mpu6050_i2c.dir/home/adrian/pico/pico-sdk/src/rp2_common/hardware_irq/irq.c.obj
                0x10000be0                irq_is_enabled
 .text.irq_set_mask_enabled
                0x10000bf8       0x20 CMakeFiles/mpu6050_i2c.dir/home/adrian/pico/pico-sdk/src/rp2_common/hardware_irq/irq.c.obj
                0x10000bf8                irq_set_mask_enabled
 .text.irq_set_enabled
                0x10000c18        0xe CMakeFiles/mpu6050_i2c.dir/home/adrian/pico/pico-sdk/src/rp2_common/hardware_irq/irq.c.obj
                0x10000c18                irq_set_enabled
 *fill*         0x10000c26        0x2 
 .text.irq_set_pending
                0x10000c28       0x10 CMakeFiles/mpu6050_i2c.dir/home/adrian/pico/pico-sdk/src/rp2_common/hardware_irq/irq.c.obj
                0x10000c28                irq_set_pending
 .text.irq_get_vtable_handler
                0x10000c38       0x10 CMakeFiles/mpu6050_i2c.dir/home/adrian/pico/pico-sdk/src/rp2_common/hardware_irq/irq.c.obj
                0x10000c38                irq_get_vtable_handler
 .text.irq_has_shared_handler
                0x10000c48       0x24 CMakeFiles/mpu6050_i2c.dir/home/adrian/pico/pico-sdk/src/rp2_common/hardware_irq/irq.c.obj
                0x10000c48                irq_has_shared_handler
 .text.irq_set_exclusive_handler
                0x10000c6c       0x54 CMakeFiles/mpu6050_i2c.dir/home/adrian/pico/pico-sdk/src/rp2_common/hardware_irq/irq.c.obj
                0x10000c6c                irq_set_exclusive_handler
 .text.irq_add_shared_handler
                0x10000cc0      0x210 CMakeFiles/mpu6050_i2c.dir/home/adrian/pico/pico-sdk/src/rp2_common/hardware_irq/irq.c.obj
                0x10000cc0                irq_add_shared_handler
 .text.irq_remove_handler
                0x10000ed0      0x188 CMakeFiles/mpu6050_i2c.dir/home/adrian/pico/pico-sdk/src/rp2_common/hardware_irq/irq.c.obj
                0x10000ed0                irq_remove_handler
 .text.irq_add_tail_to_free_list
                0x10001058       0xf0 CMakeFiles/mpu6050_i2c.dir/home/adrian/pico/pico-sdk/src/rp2_common/hardware_irq/irq.c.obj
                0x10001058                irq_add_tail_to_free_list
 .text.irq_init_priorities
                0x10001148       0x1c CMakeFiles/mpu6050_i2c.dir/home/adrian/pico/pico-sdk/src/rp2_common/hardware_irq/irq.c.obj
                0x10001148                irq_init_priorities
 .text.user_irq_claim_unused
                0x10001164       0x2c CMakeFiles/mpu6050_i2c.dir/home/adrian/pico/pico-sdk/src/rp2_common/hardware_irq/irq.c.obj
                0x10001164                user_irq_claim_unused
 .text.lock_init
                0x10001190       0x10 CMakeFiles/mpu6050_i2c.dir/home/adrian/pico/pico-sdk/src/common/pico_sync/lock_core.c.obj
                0x10001190                lock_init
 .text.update_us_since_boot
                0x100011a0       0x24 CMakeFiles/mpu6050_i2c.dir/home/adrian/pico/pico-sdk/src/common/pico_sync/mutex.c.obj
 .text.delayed_by_ms
                0x100011c4       0x44 CMakeFiles/mpu6050_i2c.dir/home/adrian/pico/pico-sdk/src/common/pico_sync/mutex.c.obj
 .text.get_absolute_time
                0x10001208       0x22 CMakeFiles/mpu6050_i2c.dir/home/adrian/pico/pico-sdk/src/common/pico_sync/mutex.c.obj
 .text.make_timeout_time_ms
                0x1000122a       0x20 CMakeFiles/mpu6050_i2c.dir/home/adrian/pico/pico-sdk/src/common/pico_sync/mutex.c.obj
 .text.mutex_init
                0x1000124a       0x1a CMakeFiles/mpu6050_i2c.dir/home/adrian/pico/pico-sdk/src/common/pico_sync/mutex.c.obj
                0x1000124a                mutex_init
 .text.recursive_mutex_init
                0x10001264       0x1e CMakeFiles/mpu6050_i2c.dir/home/adrian/pico/pico-sdk/src/common/pico_sync/mutex.c.obj
                0x10001264                recursive_mutex_init
 *fill*         0x10001282        0x2 
 .text.critical_section_init_with_lock_num
                0x10001284       0x14 CMakeFiles/mpu6050_i2c.dir/home/adrian/pico/pico-sdk/src/common/pico_sync/critical_section.c.obj
                0x10001284                critical_section_init_with_lock_num
 .text.critical_section_init
                0x10001298       0x14 CMakeFiles/mpu6050_i2c.dir/home/adrian/pico/pico-sdk/src/common/pico_sync/critical_section.c.obj
                0x10001298                critical_section_init
 .text.time_reached
                0x100012ac       0x28 CMakeFiles/mpu6050_i2c.dir/home/adrian/pico/pico-sdk/src/common/pico_time/time.c.obj
 .text.get_entry
                0x100012d4       0x38 CMakeFiles/mpu6050_i2c.dir/home/adrian/pico/pico-sdk/src/common/pico_time/time.c.obj
 .text.timer_pool_entry_comparator
                0x1000130c       0x2e CMakeFiles/mpu6050_i2c.dir/home/adrian/pico/pico-sdk/src/common/pico_time/time.c.obj
                0x1000130c                timer_pool_entry_comparator
 *fill*         0x1000133a        0x2 
 .text.update_us_since_boot
                0x1000133c       0x24 CMakeFiles/mpu6050_i2c.dir/home/adrian/pico/pico-sdk/src/common/pico_time/time.c.obj
 .text.delayed_by_us
                0x10001360       0x34 CMakeFiles/mpu6050_i2c.dir/home/adrian/pico/pico-sdk/src/common/pico_time/time.c.obj
 .text.ph_get_node
                0x10001394       0x30 CMakeFiles/mpu6050_i2c.dir/home/adrian/pico/pico-sdk/src/common/pico_time/time.c.obj
 .text.ph_contains_node
                0x100013c4       0x1e CMakeFiles/mpu6050_i2c.dir/home/adrian/pico/pico-sdk/src/common/pico_time/time.c.obj
 .text.ph_new_node
                0x100013e2       0x28 CMakeFiles/mpu6050_i2c.dir/home/adrian/pico/pico-sdk/src/common/pico_time/time.c.obj
 *fill*         0x1000140a        0x2 
 .text.ph_add_child_node
                0x1000140c       0x6c CMakeFiles/mpu6050_i2c.dir/home/adrian/pico/pico-sdk/src/common/pico_time/time.c.obj
 .text.ph_merge_nodes
                0x10001478       0x3e CMakeFiles/mpu6050_i2c.dir/home/adrian/pico/pico-sdk/src/common/pico_time/time.c.obj
 *fill*         0x100014b6        0x2 
 .text.ph_insert_node
                0x100014b8       0x3c CMakeFiles/mpu6050_i2c.dir/home/adrian/pico/pico-sdk/src/common/pico_time/time.c.obj
 .text.ph_free_node
                0x100014f4       0x5c CMakeFiles/mpu6050_i2c.dir/home/adrian/pico/pico-sdk/src/common/pico_time/time.c.obj
 .text.get_entry_id_high
                0x10001550       0x30 CMakeFiles/mpu6050_i2c.dir/home/adrian/pico/pico-sdk/src/common/pico_time/time.c.obj
 .text.alarm_pool_post_alloc_init
                0x10001580       0x40 CMakeFiles/mpu6050_i2c.dir/home/adrian/pico/pico-sdk/src/common/pico_time/time.c.obj
 .text.sleep_until_callback
                0x100015c0       0x30 CMakeFiles/mpu6050_i2c.dir/home/adrian/pico/pico-sdk/src/common/pico_time/time.c.obj
 .text.get_absolute_time
                0x100015f0       0x22 CMakeFiles/mpu6050_i2c.dir/home/adrian/pico/pico-sdk/src/common/pico_time/time.c.obj
 .text.make_timeout_time_us
                0x10001612       0x24 CMakeFiles/mpu6050_i2c.dir/home/adrian/pico/pico-sdk/src/common/pico_time/time.c.obj
 *fill*         0x10001636        0x2 
 .text.add_alarm_under_lock
                0x10001638       0x94 CMakeFiles/mpu6050_i2c.dir/home/adrian/pico/pico-sdk/src/common/pico_time/time.c.obj
 .text.alarm_pool_alarm_callback
                0x100016cc      0x210 CMakeFiles/mpu6050_i2c.dir/home/adrian/pico/pico-sdk/src/common/pico_time/time.c.obj
 .text.alarm_pool_init_default
                0x100018dc       0x40 CMakeFiles/mpu6050_i2c.dir/home/adrian/pico/pico-sdk/src/common/pico_time/time.c.obj
                0x100018dc                alarm_pool_init_default
 .text.alarm_pool_get_default
                0x1000191c       0x2c CMakeFiles/mpu6050_i2c.dir/home/adrian/pico/pico-sdk/src/common/pico_time/time.c.obj
                0x1000191c                alarm_pool_get_default
 .text.alarm_pool_add_alarm_at
                0x10001948      0x10e CMakeFiles/mpu6050_i2c.dir/home/adrian/pico/pico-sdk/src/common/pico_time/time.c.obj
                0x10001948                alarm_pool_add_alarm_at
 .text.add_alarm_at
                0x10001a56       0x2e CMakeFiles/mpu6050_i2c.dir/home/adrian/pico/pico-sdk/src/common/pico_time/time.c.obj
 .text.alarm_pool_cancel_alarm
                0x10001a84       0xa8 CMakeFiles/mpu6050_i2c.dir/home/adrian/pico/pico-sdk/src/common/pico_time/time.c.obj
                0x10001a84                alarm_pool_cancel_alarm
 .text.cancel_alarm
                0x10001b2c       0x10 CMakeFiles/mpu6050_i2c.dir/home/adrian/pico/pico-sdk/src/common/pico_time/time.c.obj
 .text.alarm_pool_core_num
                0x10001b3c        0x4 CMakeFiles/mpu6050_i2c.dir/home/adrian/pico/pico-sdk/src/common/pico_time/time.c.obj
                0x10001b3c                alarm_pool_core_num
 .text.sleep_until
                0x10001b40       0xb0 CMakeFiles/mpu6050_i2c.dir/home/adrian/pico/pico-sdk/src/common/pico_time/time.c.obj
                0x10001b40                sleep_until
 .text.sleep_us
                0x10001bf0       0x1a CMakeFiles/mpu6050_i2c.dir/home/adrian/pico/pico-sdk/src/common/pico_time/time.c.obj
                0x10001bf0                sleep_us
 .text.sleep_ms
                0x10001c0a       0x14 CMakeFiles/mpu6050_i2c.dir/home/adrian/pico/pico-sdk/src/common/pico_time/time.c.obj
                0x10001c0a                sleep_ms
 *fill*         0x10001c1e        0x2 
 .text.best_effort_wfe_or_timeout
                0x10001c20       0x44 CMakeFiles/mpu6050_i2c.dir/home/adrian/pico/pico-sdk/src/common/pico_time/time.c.obj
                0x10001c20                best_effort_wfe_or_timeout
 .text.hardware_alarm_irq_handler
                0x10001c64       0x8c CMakeFiles/mpu6050_i2c.dir/home/adrian/pico/pico-sdk/src/rp2_common/hardware_timer/timer.c.obj
 .text.hardware_alarm_claim
                0x10001cf0       0x18 CMakeFiles/mpu6050_i2c.dir/home/adrian/pico/pico-sdk/src/rp2_common/hardware_timer/timer.c.obj
                0x10001cf0                hardware_alarm_claim
 .text.time_us_64
                0x10001d08       0x18 CMakeFiles/mpu6050_i2c.dir/home/adrian/pico/pico-sdk/src/rp2_common/hardware_timer/timer.c.obj
                0x10001d08                time_us_64
 .text.busy_wait_until
                0x10001d20       0x28 CMakeFiles/mpu6050_i2c.dir/home/adrian/pico/pico-sdk/src/rp2_common/hardware_timer/timer.c.obj
                0x10001d20                busy_wait_until
 .text.hardware_alarm_set_callback
                0x10001d48       0x90 CMakeFiles/mpu6050_i2c.dir/home/adrian/pico/pico-sdk/src/rp2_common/hardware_timer/timer.c.obj
                0x10001d48                hardware_alarm_set_callback
 .text.hardware_alarm_set_target
                0x10001dd8       0xe8 CMakeFiles/mpu6050_i2c.dir/home/adrian/pico/pico-sdk/src/rp2_common/hardware_timer/timer.c.obj
                0x10001dd8                hardware_alarm_set_target
 .text.hardware_alarm_cancel
                0x10001ec0       0x40 CMakeFiles/mpu6050_i2c.dir/home/adrian/pico/pico-sdk/src/rp2_common/hardware_timer/timer.c.obj
                0x10001ec0                hardware_alarm_cancel
 .text.ph_get_node
                0x10001f00       0x30 CMakeFiles/mpu6050_i2c.dir/home/adrian/pico/pico-sdk/src/common/pico_util/pheap.c.obj
 .text.ph_add_child_node
                0x10001f30       0x6c CMakeFiles/mpu6050_i2c.dir/home/adrian/pico/pico-sdk/src/common/pico_util/pheap.c.obj
 .text.ph_merge_nodes
                0x10001f9c       0x3e CMakeFiles/mpu6050_i2c.dir/home/adrian/pico/pico-sdk/src/common/pico_util/pheap.c.obj
 .text.ph_clear
                0x10001fda       0x34 CMakeFiles/mpu6050_i2c.dir/home/adrian/pico/pico-sdk/src/common/pico_util/pheap.c.obj
                0x10001fda                ph_clear
 .text.ph_post_alloc_init
                0x1000200e        0xe CMakeFiles/mpu6050_i2c.dir/home/adrian/pico/pico-sdk/src/common/pico_util/pheap.c.obj
                0x1000200e                ph_post_alloc_init
 .text.ph_merge_two_pass
                0x1000201c       0x5c CMakeFiles/mpu6050_i2c.dir/home/adrian/pico/pico-sdk/src/common/pico_util/pheap.c.obj
                0x1000201c                ph_merge_two_pass
 .text.ph_remove_any_head
                0x10002078       0xc0 CMakeFiles/mpu6050_i2c.dir/home/adrian/pico/pico-sdk/src/common/pico_util/pheap.c.obj
 .text.ph_remove_head
                0x10002138       0x14 CMakeFiles/mpu6050_i2c.dir/home/adrian/pico/pico-sdk/src/common/pico_util/pheap.c.obj
                0x10002138                ph_remove_head
 .text.ph_remove_and_free_node
                0x1000214c       0xa0 CMakeFiles/mpu6050_i2c.dir/home/adrian/pico/pico-sdk/src/common/pico_util/pheap.c.obj
                0x1000214c                ph_remove_and_free_node
 .text.clock_configure
                0x100021ec      0x108 CMakeFiles/mpu6050_i2c.dir/home/adrian/pico/pico-sdk/src/rp2_common/hardware_clocks/clocks.c.obj
                0x100021ec                clock_configure
 .text.clocks_init
                0x100022f4      0x100 CMakeFiles/mpu6050_i2c.dir/home/adrian/pico/pico-sdk/src/rp2_common/hardware_clocks/clocks.c.obj
                0x100022f4                clocks_init
 .text.clock_get_hz
                0x100023f4        0xc CMakeFiles/mpu6050_i2c.dir/home/adrian/pico/pico-sdk/src/rp2_common/hardware_clocks/clocks.c.obj
                0x100023f4                clock_get_hz
 .text.pll_init
                0x10002400      0x120 CMakeFiles/mpu6050_i2c.dir/home/adrian/pico/pico-sdk/src/rp2_common/hardware_pll/pll.c.obj
                0x10002400                pll_init
 .text.watchdog_start_tick
                0x10002520       0x10 CMakeFiles/mpu6050_i2c.dir/home/adrian/pico/pico-sdk/src/rp2_common/hardware_watchdog/watchdog.c.obj
                0x10002520                watchdog_start_tick
 .text.watchdog_update
                0x10002530       0x14 CMakeFiles/mpu6050_i2c.dir/home/adrian/pico/pico-sdk/src/rp2_common/hardware_watchdog/watchdog.c.obj
                0x10002530                watchdog_update
 .text._watchdog_enable
                0x10002544       0x78 CMakeFiles/mpu6050_i2c.dir/home/adrian/pico/pico-sdk/src/rp2_common/hardware_watchdog/watchdog.c.obj
                0x10002544                _watchdog_enable
 .text.watchdog_reboot
                0x100025bc       0x48 CMakeFiles/mpu6050_i2c.dir/home/adrian/pico/pico-sdk/src/rp2_common/hardware_watchdog/watchdog.c.obj
                0x100025bc                watchdog_reboot
 .text.xosc_init
                0x10002604       0x28 CMakeFiles/mpu6050_i2c.dir/home/adrian/pico/pico-sdk/src/rp2_common/hardware_xosc/xosc.c.obj
                0x10002604                xosc_init
 .text._exit    0x1000262c        0x4 CMakeFiles/mpu6050_i2c.dir/home/adrian/pico/pico-sdk/src/rp2_common/pico_runtime/runtime.c.obj
                0x1000262c                _exit
 .text.exit     0x10002630        0x6 CMakeFiles/mpu6050_i2c.dir/home/adrian/pico/pico-sdk/src/rp2_common/pico_runtime/runtime.c.obj
                0x10002630                exit
 *fill*         0x10002636        0x2 
 .text.__assert_func
                0x10002638       0x38 CMakeFiles/mpu6050_i2c.dir/home/adrian/pico/pico-sdk/src/rp2_common/pico_runtime/runtime.c.obj
                0x10002638                __assert_func
 .text.runtime_init
                0x10002670       0xf8 CMakeFiles/mpu6050_i2c.dir/home/adrian/pico/pico-sdk/src/rp2_common/pico_runtime/runtime.c.obj
                0x10002670                runtime_init
 .text.panic    0x10002768       0x30 CMakeFiles/mpu6050_i2c.dir/home/adrian/pico/pico-sdk/src/rp2_common/pico_runtime/runtime.c.obj
                0x10002768                panic
 .text._out_null
                0x10002798        0x2 CMakeFiles/mpu6050_i2c.dir/home/adrian/pico/pico-sdk/src/rp2_common/pico_printf/printf.c.obj
 .text._out_fct
                0x1000279a        0xe CMakeFiles/mpu6050_i2c.dir/home/adrian/pico/pico-sdk/src/rp2_common/pico_printf/printf.c.obj
 .text._atoi    0x100027a8       0x24 CMakeFiles/mpu6050_i2c.dir/home/adrian/pico/pico-sdk/src/rp2_common/pico_printf/printf.c.obj
 .text._out_rev
                0x100027cc       0xae CMakeFiles/mpu6050_i2c.dir/home/adrian/pico/pico-sdk/src/rp2_common/pico_printf/printf.c.obj
 .text._ntoa_format
                0x1000287a      0x110 CMakeFiles/mpu6050_i2c.dir/home/adrian/pico/pico-sdk/src/rp2_common/pico_printf/printf.c.obj
 .text._ntoa_long
                0x1000298a       0xbc CMakeFiles/mpu6050_i2c.dir/home/adrian/pico/pico-sdk/src/rp2_common/pico_printf/printf.c.obj
 .text._ntoa_long_long
                0x10002a46      0x10e CMakeFiles/mpu6050_i2c.dir/home/adrian/pico/pico-sdk/src/rp2_common/pico_printf/printf.c.obj
 .text._etoa    0x10002b54      0x420 CMakeFiles/mpu6050_i2c.dir/home/adrian/pico/pico-sdk/src/rp2_common/pico_printf/printf.c.obj
 .text._ftoa    0x10002f74      0x354 CMakeFiles/mpu6050_i2c.dir/home/adrian/pico/pico-sdk/src/rp2_common/pico_printf/printf.c.obj
 .text._vsnprintf
                0x100032c8      0x65c CMakeFiles/mpu6050_i2c.dir/home/adrian/pico/pico-sdk/src/rp2_common/pico_printf/printf.c.obj
 .text.vfctprintf
                0x10003924       0x20 CMakeFiles/mpu6050_i2c.dir/home/adrian/pico/pico-sdk/src/rp2_common/pico_printf/printf.c.obj
                0x10003924                vfctprintf
 .text          0x10003944       0x10 CMakeFiles/mpu6050_i2c.dir/home/adrian/pico/pico-sdk/src/rp2_common/pico_bit_ops/bit_ops_aeabi.S.obj
 .text.rom_func_lookup
                0x10003954       0x10 CMakeFiles/mpu6050_i2c.dir/home/adrian/pico/pico-sdk/src/rp2_common/pico_bootrom/bootrom.c.obj
                0x10003954                rom_func_lookup
 .text.rom_data_lookup
                0x10003964       0x10 CMakeFiles/mpu6050_i2c.dir/home/adrian/pico/pico-sdk/src/rp2_common/pico_bootrom/bootrom.c.obj
                0x10003964                rom_data_lookup
 .text.rom_funcs_lookup
                0x10003974       0x36 CMakeFiles/mpu6050_i2c.dir/home/adrian/pico/pico-sdk/src/rp2_common/pico_bootrom/bootrom.c.obj
                0x10003974                rom_funcs_lookup
 *fill*         0x100039aa        0x2 
 .text.__wrap___aeabi_idiv
                0x100039ac       0x50 CMakeFiles/mpu6050_i2c.dir/home/adrian/pico/pico-sdk/src/rp2_common/pico_divider/divider.S.obj
                0x100039ac                __wrap___aeabi_idivmod
                0x100039ac                divmod_s32s32
                0x100039ac                div_s32s32
                0x100039ac                __wrap___aeabi_idiv
                0x100039b4                divmod_s32s32_unsafe
                0x100039e0                divmod_s32s32_savestate
 .text.__wrap___aeabi_uidiv
                0x100039fc       0x4c CMakeFiles/mpu6050_i2c.dir/home/adrian/pico/pico-sdk/src/rp2_common/pico_divider/divider.S.obj
                0x100039fc                __wrap___aeabi_uidiv
                0x100039fc                __wrap___aeabi_uidivmod
                0x100039fc                div_u32u32
                0x100039fc                divmod_u32u32
                0x10003a04                divmod_u32u32_unsafe
                0x10003a2c                divmod_u32u32_savestate
 .text.__wrap___aeabi_ldiv
                0x10003a48      0x424 CMakeFiles/mpu6050_i2c.dir/home/adrian/pico/pico-sdk/src/rp2_common/pico_divider/divider.S.obj
                0x10003a48                div_s64s64
                0x10003a48                divmod_s64s64
                0x10003a48                __wrap___aeabi_ldivmod
                0x10003a78                div_u64u64
                0x10003a78                divmod_u64u64
                0x10003a78                __wrap___aeabi_uldivmod
                0x10003a88                divmod_u64u64_savestate
                0x10003aa8                divmod_s64s64_unsafe
                0x10003b30                divmod_u64u64_unsafe
 .text.__wrap___aeabi_darithmetic
                0x10003e6c       0x60 CMakeFiles/mpu6050_i2c.dir/home/adrian/pico/pico-sdk/src/rp2_common/pico_double/double_aeabi.S.obj
                0x10003e6c                __wrap___aeabi_drsub
                0x10003e72                __wrap___aeabi_dsub
                0x10003e7c                __wrap___aeabi_dadd
                0x10003e86                __wrap___aeabi_ddiv
                0x10003eba                __wrap___aeabi_dmul
 .text.__wrap___aeabi_cdcmple
                0x10003ecc       0x6c CMakeFiles/mpu6050_i2c.dir/home/adrian/pico/pico-sdk/src/rp2_common/pico_double/double_aeabi.S.obj
                0x10003ecc                __wrap___aeabi_cdrcmple
                0x10003edc                __wrap___aeabi_cdcmple
                0x10003edc                __wrap___aeabi_cdcmpeq
 .text.__wrap___aeabi_dcmpeq
                0x10003f38       0x10 CMakeFiles/mpu6050_i2c.dir/home/adrian/pico/pico-sdk/src/rp2_common/pico_double/double_aeabi.S.obj
                0x10003f38                __wrap___aeabi_dcmpeq
 .text.__wrap___aeabi_dcmplt
                0x10003f48        0xc CMakeFiles/mpu6050_i2c.dir/home/adrian/pico/pico-sdk/src/rp2_common/pico_double/double_aeabi.S.obj
                0x10003f48                __wrap___aeabi_dcmplt
 .text.__wrap___aeabi_dcmple
                0x10003f54       0x10 CMakeFiles/mpu6050_i2c.dir/home/adrian/pico/pico-sdk/src/rp2_common/pico_double/double_aeabi.S.obj
                0x10003f54                __wrap___aeabi_dcmple
 .text.__wrap___aeabi_dcmpge
                0x10003f64       0x10 CMakeFiles/mpu6050_i2c.dir/home/adrian/pico/pico-sdk/src/rp2_common/pico_double/double_aeabi.S.obj
                0x10003f64                __wrap___aeabi_dcmpge
 .text.__wrap___aeabi_dcmpgt
                0x10003f74        0xa CMakeFiles/mpu6050_i2c.dir/home/adrian/pico/pico-sdk/src/rp2_common/pico_double/double_aeabi.S.obj
                0x10003f74                __wrap___aeabi_dcmpgt
 .text.__wrap___aeabi_dcmpun
                0x10003f7e       0x1c CMakeFiles/mpu6050_i2c.dir/home/adrian/pico/pico-sdk/src/rp2_common/pico_double/double_aeabi.S.obj
                0x10003f7e                __wrap___aeabi_dcmpun
 *fill*         0x10003f9a        0x2 
 .text.__wrap___aeabi_i2d
                0x10003f9c       0x38 CMakeFiles/mpu6050_i2c.dir/home/adrian/pico/pico-sdk/src/rp2_common/pico_double/double_aeabi.S.obj
                0x10003f9c                __wrap___aeabi_ui2d
                0x10003fa4                __wrap___aeabi_i2d
 .text.__wrap___aeabi_d2iz
                0x10003fd4       0x48 CMakeFiles/mpu6050_i2c.dir/home/adrian/pico/pico-sdk/src/rp2_common/pico_double/double_aeabi.S.obj
                0x10003fd4                __wrap___aeabi_d2iz
                0x10003fd4                double2int_z
 .text.__wrap___aeabi_d2uiz
                0x1000401c       0x10 CMakeFiles/mpu6050_i2c.dir/home/adrian/pico/pico-sdk/src/rp2_common/pico_double/double_aeabi.S.obj
                0x1000401c                double2uint
                0x1000401c                __wrap___aeabi_d2uiz
 .text.__wrap_srqt
                0x1000402c       0x10 CMakeFiles/mpu6050_i2c.dir/home/adrian/pico/pico-sdk/src/rp2_common/pico_double/double_aeabi.S.obj
                0x1000402c                __wrap_sqrt
 .text.__wrap_exp
                0x1000403c       0x10 CMakeFiles/mpu6050_i2c.dir/home/adrian/pico/pico-sdk/src/rp2_common/pico_double/double_aeabi.S.obj
                0x1000403c                __wrap_exp
 .text.__wrap_log
                0x1000404c       0x10 CMakeFiles/mpu6050_i2c.dir/home/adrian/pico/pico-sdk/src/rp2_common/pico_double/double_aeabi.S.obj
                0x1000404c                __wrap_log
 .text.missing_double_func_shim
                0x1000405c        0xc CMakeFiles/mpu6050_i2c.dir/home/adrian/pico/pico-sdk/src/rp2_common/pico_double/double_init_rom.c.obj
 .text.__aeabi_double_init
                0x10004068       0xd0 CMakeFiles/mpu6050_i2c.dir/home/adrian/pico/pico-sdk/src/rp2_common/pico_double/double_init_rom.c.obj
                0x10004068                __aeabi_double_init
 .text.dldexp   0x10004138       0x50 CMakeFiles/mpu6050_i2c.dir/home/adrian/pico/pico-sdk/src/rp2_common/pico_double/double_math.c.obj
 .text.disint   0x10004188       0x60 CMakeFiles/mpu6050_i2c.dir/home/adrian/pico/pico-sdk/src/rp2_common/pico_double/double_math.c.obj
 .text.disoddint
                0x100041e8       0x7c CMakeFiles/mpu6050_i2c.dir/home/adrian/pico/pico-sdk/src/rp2_common/pico_double/double_math.c.obj
 .text.dispo2   0x10004264       0x28 CMakeFiles/mpu6050_i2c.dir/home/adrian/pico/pico-sdk/src/rp2_common/pico_double/double_math.c.obj
 .text.dpow_int2
                0x1000428c       0x2c CMakeFiles/mpu6050_i2c.dir/home/adrian/pico/pico-sdk/src/rp2_common/pico_double/double_math.c.obj
 .text.dpowint_1
                0x100042b8       0x24 CMakeFiles/mpu6050_i2c.dir/home/adrian/pico/pico-sdk/src/rp2_common/pico_double/double_math.c.obj
 .text.dpow_1   0x100042dc      0x1dc CMakeFiles/mpu6050_i2c.dir/home/adrian/pico/pico-sdk/src/rp2_common/pico_double/double_math.c.obj
 .text.dpow_0   0x100044b8       0xd8 CMakeFiles/mpu6050_i2c.dir/home/adrian/pico/pico-sdk/src/rp2_common/pico_double/double_math.c.obj
 .text.__wrap_ldexp
                0x10004590        0x8 CMakeFiles/mpu6050_i2c.dir/home/adrian/pico/pico-sdk/src/rp2_common/pico_double/double_math.c.obj
                0x10004590                __wrap_ldexp
 .text.__wrap_round
                0x10004598       0x98 CMakeFiles/mpu6050_i2c.dir/home/adrian/pico/pico-sdk/src/rp2_common/pico_double/double_math.c.obj
                0x10004598                __wrap_round
 .text.__wrap_exp2
                0x10004630       0x88 CMakeFiles/mpu6050_i2c.dir/home/adrian/pico/pico-sdk/src/rp2_common/pico_double/double_math.c.obj
                0x10004630                __wrap_exp2
 .text.__wrap_pow
                0x100046b8      0x168 CMakeFiles/mpu6050_i2c.dir/home/adrian/pico/pico-sdk/src/rp2_common/pico_double/double_math.c.obj
                0x100046b8                __wrap_pow
 .text.double_table_shim_on_use_helper
                0x10004820       0x34 CMakeFiles/mpu6050_i2c.dir/home/adrian/pico/pico-sdk/src/rp2_common/pico_double/double_v1_rom_shim.S.obj
                0x10004820                double_table_shim_on_use_helper
 .text.__aeabi_lmul
                0x10004854       0x32 CMakeFiles/mpu6050_i2c.dir/home/adrian/pico/pico-sdk/src/rp2_common/pico_int64_ops/pico_int64_ops_aeabi.S.obj
                0x10004854                __wrap___aeabi_lmul
 *fill*         0x10004886        0x2 
 .text.missing_float_func_shim
                0x10004888        0xc CMakeFiles/mpu6050_i2c.dir/home/adrian/pico/pico-sdk/src/rp2_common/pico_float/float_init_rom.c.obj
 .text.__aeabi_float_init
                0x10004894       0x88 CMakeFiles/mpu6050_i2c.dir/home/adrian/pico/pico-sdk/src/rp2_common/pico_float/float_init_rom.c.obj
                0x10004894                __aeabi_float_init
 .text          0x1000491c       0x10 CMakeFiles/mpu6050_i2c.dir/home/adrian/pico/pico-sdk/src/rp2_common/pico_mem_ops/mem_ops_aeabi.S.obj
                0x1000491c                __aeabi_mem_init
 .text.memset   0x1000492c        0xc CMakeFiles/mpu6050_i2c.dir/home/adrian/pico/pico-sdk/src/rp2_common/pico_mem_ops/mem_ops_aeabi.S.obj
                0x1000492c                __wrap_memset
 .text.memcpy   0x10004938        0xc CMakeFiles/mpu6050_i2c.dir/home/adrian/pico/pico-sdk/src/rp2_common/pico_mem_ops/mem_ops_aeabi.S.obj
                0x10004938                __wrap___aeabi_memcpy
                0x10004938                __wrap_memcpy
 .text.stdio_out_chars_no_crlf
                0x10004944        0xe CMakeFiles/mpu6050_i2c.dir/home/adrian/pico/pico-sdk/src/rp2_common/pico_stdio/stdio.c.obj
 *fill*         0x10004952        0x2 
 .text.stdio_out_chars_crlf
                0x10004954       0x80 CMakeFiles/mpu6050_i2c.dir/home/adrian/pico/pico-sdk/src/rp2_common/pico_stdio/stdio.c.obj
 .text.stdio_stack_buffer_flush
                0x100049d4       0x44 CMakeFiles/mpu6050_i2c.dir/home/adrian/pico/pico-sdk/src/rp2_common/pico_stdio/stdio.c.obj
 .text.stdio_buffered_printer
                0x10004a18       0x20 CMakeFiles/mpu6050_i2c.dir/home/adrian/pico/pico-sdk/src/rp2_common/pico_stdio/stdio.c.obj
 .text.update_us_since_boot
                0x10004a38       0x24 CMakeFiles/mpu6050_i2c.dir/home/adrian/pico/pico-sdk/src/rp2_common/pico_stdio/stdio.c.obj
 .text.get_absolute_time
                0x10004a5c       0x22 CMakeFiles/mpu6050_i2c.dir/home/adrian/pico/pico-sdk/src/rp2_common/pico_stdio/stdio.c.obj
 *fill*         0x10004a7e        0x2 
 .text.delayed_by_ms
                0x10004a80       0x44 CMakeFiles/mpu6050_i2c.dir/home/adrian/pico/pico-sdk/src/rp2_common/pico_stdio/stdio.c.obj
 .text.make_timeout_time_ms
                0x10004ac4       0x20 CMakeFiles/mpu6050_i2c.dir/home/adrian/pico/pico-sdk/src/rp2_common/pico_stdio/stdio.c.obj
 .text.stdout_serialize_begin
                0x10004ae4       0x20 CMakeFiles/mpu6050_i2c.dir/home/adrian/pico/pico-sdk/src/rp2_common/pico_stdio/stdio.c.obj
                0x10004ae4                stdout_serialize_begin
 .text.stdout_serialize_end
                0x10004b04       0x10 CMakeFiles/mpu6050_i2c.dir/home/adrian/pico/pico-sdk/src/rp2_common/pico_stdio/stdio.c.obj
                0x10004b04                stdout_serialize_end
 .text.stdio_put_string
                0x10004b14       0x98 CMakeFiles/mpu6050_i2c.dir/home/adrian/pico/pico-sdk/src/rp2_common/pico_stdio/stdio.c.obj
 .text.stdio_set_driver_enabled
                0x10004bac       0x2c CMakeFiles/mpu6050_i2c.dir/home/adrian/pico/pico-sdk/src/rp2_common/pico_stdio/stdio.c.obj
                0x10004bac                stdio_set_driver_enabled
 .text.stdio_flush
                0x10004bd8       0x20 CMakeFiles/mpu6050_i2c.dir/home/adrian/pico/pico-sdk/src/rp2_common/pico_stdio/stdio.c.obj
                0x10004bd8                stdio_flush
 .text.__wrap_puts
                0x10004bf8       0x1e CMakeFiles/mpu6050_i2c.dir/home/adrian/pico/pico-sdk/src/rp2_common/pico_stdio/stdio.c.obj
                0x10004bf8                __wrap_puts
 *fill*         0x10004c16        0x2 
 .text.__wrap_vprintf
                0x10004c18       0x40 CMakeFiles/mpu6050_i2c.dir/home/adrian/pico/pico-sdk/src/rp2_common/pico_stdio/stdio.c.obj
                0x10004c18                __wrap_vprintf
 .text.__wrap_printf
                0x10004c58       0x18 CMakeFiles/mpu6050_i2c.dir/home/adrian/pico/pico-sdk/src/rp2_common/pico_stdio/stdio.c.obj
                0x10004c58                __wrap_printf
 .text.stdio_init_all
                0x10004c70        0x8 CMakeFiles/mpu6050_i2c.dir/home/adrian/pico/pico-sdk/src/rp2_common/pico_stdio/stdio.c.obj
                0x10004c70                stdio_init_all
 .text.resetd_init
                0x10004c78        0x2 CMakeFiles/mpu6050_i2c.dir/home/adrian/pico/pico-sdk/src/rp2_common/pico_stdio_usb/reset_interface.c.obj
 *fill*         0x10004c7a        0x2 
 .text.resetd_reset
                0x10004c7c        0xc CMakeFiles/mpu6050_i2c.dir/home/adrian/pico/pico-sdk/src/rp2_common/pico_stdio_usb/reset_interface.c.obj
 .text.resetd_open
                0x10004c88       0x34 CMakeFiles/mpu6050_i2c.dir/home/adrian/pico/pico-sdk/src/rp2_common/pico_stdio_usb/reset_interface.c.obj
 .text.resetd_xfer_cb
                0x10004cbc        0x4 CMakeFiles/mpu6050_i2c.dir/home/adrian/pico/pico-sdk/src/rp2_common/pico_stdio_usb/reset_interface.c.obj
 .text.reset_usb_boot
                0x10004cc0       0x18 CMakeFiles/mpu6050_i2c.dir/home/adrian/pico/pico-sdk/src/rp2_common/pico_stdio_usb/reset_interface.c.obj
 .text.resetd_control_xfer_cb
                0x10004cd8       0x5c CMakeFiles/mpu6050_i2c.dir/home/adrian/pico/pico-sdk/src/rp2_common/pico_stdio_usb/reset_interface.c.obj
 .text.usbd_app_driver_get_cb
                0x10004d34        0xc CMakeFiles/mpu6050_i2c.dir/home/adrian/pico/pico-sdk/src/rp2_common/pico_stdio_usb/reset_interface.c.obj
                0x10004d34                usbd_app_driver_get_cb
 .text.tud_cdc_line_coding_cb
                0x10004d40       0x28 CMakeFiles/mpu6050_i2c.dir/home/adrian/pico/pico-sdk/src/rp2_common/pico_stdio_usb/reset_interface.c.obj
                0x10004d40                tud_cdc_line_coding_cb
 .text.stdio_usb_set_chars_available_callback
                0x10004d68       0x14 CMakeFiles/mpu6050_i2c.dir/home/adrian/pico/pico-sdk/src/rp2_common/pico_stdio_usb/stdio_usb.c.obj
                0x10004d68                stdio_usb_set_chars_available_callback
 .text.update_us_since_boot
                0x10004d7c       0x24 CMakeFiles/mpu6050_i2c.dir/home/adrian/pico/pico-sdk/src/rp2_common/pico_stdio_usb/stdio_usb.c.obj
 .text.get_absolute_time
                0x10004da0       0x22 CMakeFiles/mpu6050_i2c.dir/home/adrian/pico/pico-sdk/src/rp2_common/pico_stdio_usb/stdio_usb.c.obj
 *fill*         0x10004dc2        0x2 
 .text.delayed_by_ms
                0x10004dc4       0x44 CMakeFiles/mpu6050_i2c.dir/home/adrian/pico/pico-sdk/src/rp2_common/pico_stdio_usb/stdio_usb.c.obj
 .text.make_timeout_time_ms
                0x10004e08       0x20 CMakeFiles/mpu6050_i2c.dir/home/adrian/pico/pico-sdk/src/rp2_common/pico_stdio_usb/stdio_usb.c.obj
 .text.delayed_by_us
                0x10004e28       0x34 CMakeFiles/mpu6050_i2c.dir/home/adrian/pico/pico-sdk/src/rp2_common/pico_stdio_usb/stdio_usb.c.obj
 .text.usb_irq  0x10004e5c       0x10 CMakeFiles/mpu6050_i2c.dir/home/adrian/pico/pico-sdk/src/rp2_common/pico_stdio_usb/stdio_usb.c.obj
 .text.critical_section_enter_blocking
                0x10004e6c       0x16 CMakeFiles/mpu6050_i2c.dir/home/adrian/pico/pico-sdk/src/rp2_common/pico_stdio_usb/stdio_usb.c.obj
 *fill*         0x10004e82        0x2 
 .text.timer_task
                0x10004e84       0x4c CMakeFiles/mpu6050_i2c.dir/home/adrian/pico/pico-sdk/src/rp2_common/pico_stdio_usb/stdio_usb.c.obj
 .text.alarm_pool_add_alarm_in_us
                0x10004ed0       0x3a CMakeFiles/mpu6050_i2c.dir/home/adrian/pico/pico-sdk/src/rp2_common/pico_stdio_usb/stdio_usb.c.obj
 .text.add_alarm_in_us
                0x10004f0a       0x2e CMakeFiles/mpu6050_i2c.dir/home/adrian/pico/pico-sdk/src/rp2_common/pico_stdio_usb/stdio_usb.c.obj
 .text.low_priority_worker_irq
                0x10004f38       0x7c CMakeFiles/mpu6050_i2c.dir/home/adrian/pico/pico-sdk/src/rp2_common/pico_stdio_usb/stdio_usb.c.obj
 .text.tud_cdc_rx_cb
                0x10004fb4       0x20 CMakeFiles/mpu6050_i2c.dir/home/adrian/pico/pico-sdk/src/rp2_common/pico_stdio_usb/stdio_usb.c.obj
                0x10004fb4                tud_cdc_rx_cb
 .text.stdio_usb_init
                0x10004fd4       0xd0 CMakeFiles/mpu6050_i2c.dir/home/adrian/pico/pico-sdk/src/rp2_common/pico_stdio_usb/stdio_usb.c.obj
                0x10004fd4                stdio_usb_init
 .text.stdio_usb_connected
                0x100050a4        0xa CMakeFiles/mpu6050_i2c.dir/home/adrian/pico/pico-sdk/src/rp2_common/pico_stdio_usb/stdio_usb.c.obj
                0x100050a4                stdio_usb_connected
 *fill*         0x100050ae        0x2 
 .text.stdio_usb_in_chars
                0x100050b0       0x88 CMakeFiles/mpu6050_i2c.dir/home/adrian/pico/pico-sdk/src/rp2_common/pico_stdio_usb/stdio_usb.c.obj
                0x100050b0                stdio_usb_in_chars
 .text.stdio_usb_out_chars
                0x10005138       0xd8 CMakeFiles/mpu6050_i2c.dir/home/adrian/pico/pico-sdk/src/rp2_common/pico_stdio_usb/stdio_usb.c.obj
 .text.tud_descriptor_device_cb
                0x10005210        0x8 CMakeFiles/mpu6050_i2c.dir/home/adrian/pico/pico-sdk/src/rp2_common/pico_stdio_usb/stdio_usb_descriptors.c.obj
                0x10005210                tud_descriptor_device_cb
 .text.tud_descriptor_configuration_cb
                0x10005218        0x8 CMakeFiles/mpu6050_i2c.dir/home/adrian/pico/pico-sdk/src/rp2_common/pico_stdio_usb/stdio_usb_descriptors.c.obj
                0x10005218                tud_descriptor_configuration_cb
 .text.tud_descriptor_string_cb
                0x10005220       0x6c CMakeFiles/mpu6050_i2c.dir/home/adrian/pico/pico-sdk/src/rp2_common/pico_stdio_usb/stdio_usb_descriptors.c.obj
                0x10005220                tud_descriptor_string_cb
 .text._retrieve_unique_id_on_boot
                0x1000528c       0x10 CMakeFiles/mpu6050_i2c.dir/home/adrian/pico/pico-sdk/src/rp2_common/pico_unique_id/unique_id.c.obj
 .text.pico_get_unique_board_id_string
                0x1000529c       0x5c CMakeFiles/mpu6050_i2c.dir/home/adrian/pico/pico-sdk/src/rp2_common/pico_unique_id/unique_id.c.obj
                0x1000529c                pico_get_unique_board_id_string
 .text.flash_get_unique_id
                0x100052f8       0x46 CMakeFiles/mpu6050_i2c.dir/home/adrian/pico/pico-sdk/src/rp2_common/hardware_flash/flash.c.obj
                0x100052f8                flash_get_unique_id
 *fill*         0x1000533e        0x2 
 .text.hw_endpoint_get_by_addr
                0x10005340       0x18 CMakeFiles/mpu6050_i2c.dir/home/adrian/pico/pico-sdk/lib/tinyusb/src/portable/raspberrypi/rp2040/dcd_rp2040.c.obj
 .text._hw_endpoint_alloc
                0x10005358       0x70 CMakeFiles/mpu6050_i2c.dir/home/adrian/pico/pico-sdk/lib/tinyusb/src/portable/raspberrypi/rp2040/dcd_rp2040.c.obj
 .text.hw_endpoint_init
                0x100053c8       0x88 CMakeFiles/mpu6050_i2c.dir/home/adrian/pico/pico-sdk/lib/tinyusb/src/portable/raspberrypi/rp2040/dcd_rp2040.c.obj
 .text.dcd_event_sof
                0x10005450       0x2c CMakeFiles/mpu6050_i2c.dir/home/adrian/pico/pico-sdk/lib/tinyusb/src/portable/raspberrypi/rp2040/dcd_rp2040.c.obj
 .text.hw_endpoint_xfer
                0x1000547c       0x14 CMakeFiles/mpu6050_i2c.dir/home/adrian/pico/pico-sdk/lib/tinyusb/src/portable/raspberrypi/rp2040/dcd_rp2040.c.obj
 .text.dcd_int_enable
                0x10005490       0x2c CMakeFiles/mpu6050_i2c.dir/home/adrian/pico/pico-sdk/lib/tinyusb/src/portable/raspberrypi/rp2040/dcd_rp2040.c.obj
                0x10005490                dcd_int_enable
 .text.dcd_set_address
                0x100054bc       0x2c CMakeFiles/mpu6050_i2c.dir/home/adrian/pico/pico-sdk/lib/tinyusb/src/portable/raspberrypi/rp2040/dcd_rp2040.c.obj
                0x100054bc                dcd_set_address
 .text.dcd_connect
                0x100054e8       0x10 CMakeFiles/mpu6050_i2c.dir/home/adrian/pico/pico-sdk/lib/tinyusb/src/portable/raspberrypi/rp2040/dcd_rp2040.c.obj
                0x100054e8                dcd_connect
 .text.dcd_init
                0x100054f8       0x80 CMakeFiles/mpu6050_i2c.dir/home/adrian/pico/pico-sdk/lib/tinyusb/src/portable/raspberrypi/rp2040/dcd_rp2040.c.obj
                0x100054f8                dcd_init
 .text.dcd_edpt0_status_complete
                0x10005578       0x1c CMakeFiles/mpu6050_i2c.dir/home/adrian/pico/pico-sdk/lib/tinyusb/src/portable/raspberrypi/rp2040/dcd_rp2040.c.obj
                0x10005578                dcd_edpt0_status_complete
 .text.dcd_edpt_open
                0x10005594       0x40 CMakeFiles/mpu6050_i2c.dir/home/adrian/pico/pico-sdk/lib/tinyusb/src/portable/raspberrypi/rp2040/dcd_rp2040.c.obj
                0x10005594                dcd_edpt_open
 .text.dcd_edpt_close_all
                0x100055d4        0x8 CMakeFiles/mpu6050_i2c.dir/home/adrian/pico/pico-sdk/lib/tinyusb/src/portable/raspberrypi/rp2040/dcd_rp2040.c.obj
                0x100055d4                dcd_edpt_close_all
 .text.dcd_edpt_xfer
                0x100055dc       0x34 CMakeFiles/mpu6050_i2c.dir/home/adrian/pico/pico-sdk/lib/tinyusb/src/portable/raspberrypi/rp2040/dcd_rp2040.c.obj
                0x100055dc                dcd_edpt_xfer
 .text.dcd_edpt_stall
                0x10005610       0x2c CMakeFiles/mpu6050_i2c.dir/home/adrian/pico/pico-sdk/lib/tinyusb/src/portable/raspberrypi/rp2040/dcd_rp2040.c.obj
                0x10005610                dcd_edpt_stall
 .text.dcd_edpt_clear_stall
                0x1000563c       0x20 CMakeFiles/mpu6050_i2c.dir/home/adrian/pico/pico-sdk/lib/tinyusb/src/portable/raspberrypi/rp2040/dcd_rp2040.c.obj
                0x1000563c                dcd_edpt_clear_stall
 .text.rp2040_usb_init
                0x1000565c       0x4c CMakeFiles/mpu6050_i2c.dir/home/adrian/pico/pico-sdk/lib/tinyusb/src/portable/raspberrypi/rp2040/rp2040_usb.c.obj
                0x1000565c                rp2040_usb_init
 .text.hw_endpoint_xfer_start
                0x100056a8       0x50 CMakeFiles/mpu6050_i2c.dir/home/adrian/pico/pico-sdk/lib/tinyusb/src/portable/raspberrypi/rp2040/rp2040_usb.c.obj
                0x100056a8                hw_endpoint_xfer_start
 .text.configuration_reset
                0x100056f8       0x84 CMakeFiles/mpu6050_i2c.dir/home/adrian/pico/pico-sdk/lib/tinyusb/src/device/usbd.c.obj
 .text.critical_section_enter_blocking
                0x1000577c       0x16 CMakeFiles/mpu6050_i2c.dir/home/adrian/pico/pico-sdk/lib/tinyusb/src/device/usbd.c.obj
 .text.usbd_reset
                0x10005792        0xc CMakeFiles/mpu6050_i2c.dir/home/adrian/pico/pico-sdk/lib/tinyusb/src/device/usbd.c.obj
 .text.invoke_class_control
                0x1000579e       0x1a CMakeFiles/mpu6050_i2c.dir/home/adrian/pico/pico-sdk/lib/tinyusb/src/device/usbd.c.obj
 .text.process_set_config
                0x100057b8      0x178 CMakeFiles/mpu6050_i2c.dir/home/adrian/pico/pico-sdk/lib/tinyusb/src/device/usbd.c.obj
 .text.process_get_descriptor
                0x10005930       0xdc CMakeFiles/mpu6050_i2c.dir/home/adrian/pico/pico-sdk/lib/tinyusb/src/device/usbd.c.obj
 .text.tud_mounted
                0x10005a0c       0x10 CMakeFiles/mpu6050_i2c.dir/home/adrian/pico/pico-sdk/lib/tinyusb/src/device/usbd.c.obj
                0x10005a0c                tud_mounted
 .text.tud_suspended
                0x10005a1c       0x10 CMakeFiles/mpu6050_i2c.dir/home/adrian/pico/pico-sdk/lib/tinyusb/src/device/usbd.c.obj
                0x10005a1c                tud_suspended
 .text.tud_inited
                0x10005a2c       0x14 CMakeFiles/mpu6050_i2c.dir/home/adrian/pico/pico-sdk/lib/tinyusb/src/device/usbd.c.obj
                0x10005a2c                tud_inited
 .text.tud_init
                0x10005a40       0xcc CMakeFiles/mpu6050_i2c.dir/home/adrian/pico/pico-sdk/lib/tinyusb/src/device/usbd.c.obj
                0x10005a40                tud_init
 .text.usbd_defer_func
                0x10005b0c       0x2a CMakeFiles/mpu6050_i2c.dir/home/adrian/pico/pico-sdk/lib/tinyusb/src/device/usbd.c.obj
                0x10005b0c                usbd_defer_func
 *fill*         0x10005b36        0x2 
 .text.usbd_edpt_open
                0x10005b38       0x34 CMakeFiles/mpu6050_i2c.dir/home/adrian/pico/pico-sdk/lib/tinyusb/src/device/usbd.c.obj
                0x10005b38                usbd_edpt_open
 .text.usbd_open_edpt_pair
                0x10005b6c       0x62 CMakeFiles/mpu6050_i2c.dir/home/adrian/pico/pico-sdk/lib/tinyusb/src/device/usbd.c.obj
                0x10005b6c                usbd_open_edpt_pair
 *fill*         0x10005bce        0x2 
 .text.usbd_edpt_claim
                0x10005bd0       0x28 CMakeFiles/mpu6050_i2c.dir/home/adrian/pico/pico-sdk/lib/tinyusb/src/device/usbd.c.obj
                0x10005bd0                usbd_edpt_claim
 .text.usbd_edpt_release
                0x10005bf8       0x28 CMakeFiles/mpu6050_i2c.dir/home/adrian/pico/pico-sdk/lib/tinyusb/src/device/usbd.c.obj
                0x10005bf8                usbd_edpt_release
 .text.usbd_edpt_xfer
                0x10005c20       0x78 CMakeFiles/mpu6050_i2c.dir/home/adrian/pico/pico-sdk/lib/tinyusb/src/device/usbd.c.obj
                0x10005c20                usbd_edpt_xfer
 .text.usbd_edpt_stall
                0x10005c98       0x48 CMakeFiles/mpu6050_i2c.dir/home/adrian/pico/pico-sdk/lib/tinyusb/src/device/usbd.c.obj
                0x10005c98                usbd_edpt_stall
 .text.usbd_edpt_clear_stall
                0x10005ce0       0x48 CMakeFiles/mpu6050_i2c.dir/home/adrian/pico/pico-sdk/lib/tinyusb/src/device/usbd.c.obj
                0x10005ce0                usbd_edpt_clear_stall
 .text.usbd_edpt_stalled
                0x10005d28       0x1c CMakeFiles/mpu6050_i2c.dir/home/adrian/pico/pico-sdk/lib/tinyusb/src/device/usbd.c.obj
                0x10005d28                usbd_edpt_stalled
 .text.process_control_request
                0x10005d44      0x374 CMakeFiles/mpu6050_i2c.dir/home/adrian/pico/pico-sdk/lib/tinyusb/src/device/usbd.c.obj
 .text.tud_task_ext
                0x100060b8      0x1a8 CMakeFiles/mpu6050_i2c.dir/home/adrian/pico/pico-sdk/lib/tinyusb/src/device/usbd.c.obj
                0x100060b8                tud_task_ext
 .text._status_stage_xact
                0x10006260       0x1a CMakeFiles/mpu6050_i2c.dir/home/adrian/pico/pico-sdk/lib/tinyusb/src/device/usbd_control.c.obj
 *fill*         0x1000627a        0x2 
 .text._data_stage_xact
                0x1000627c       0x58 CMakeFiles/mpu6050_i2c.dir/home/adrian/pico/pico-sdk/lib/tinyusb/src/device/usbd_control.c.obj
 .text.tud_control_status
                0x100062d4       0x28 CMakeFiles/mpu6050_i2c.dir/home/adrian/pico/pico-sdk/lib/tinyusb/src/device/usbd_control.c.obj
                0x100062d4                tud_control_status
 .text.tud_control_xfer
                0x100062fc       0x68 CMakeFiles/mpu6050_i2c.dir/home/adrian/pico/pico-sdk/lib/tinyusb/src/device/usbd_control.c.obj
                0x100062fc                tud_control_xfer
 .text.usbd_control_reset
                0x10006364       0x14 CMakeFiles/mpu6050_i2c.dir/home/adrian/pico/pico-sdk/lib/tinyusb/src/device/usbd_control.c.obj
                0x10006364                usbd_control_reset
 .text.usbd_control_set_complete_callback
                0x10006378        0xc CMakeFiles/mpu6050_i2c.dir/home/adrian/pico/pico-sdk/lib/tinyusb/src/device/usbd_control.c.obj
                0x10006378                usbd_control_set_complete_callback
 .text.usbd_control_set_request
                0x10006384       0x1c CMakeFiles/mpu6050_i2c.dir/home/adrian/pico/pico-sdk/lib/tinyusb/src/device/usbd_control.c.obj
                0x10006384                usbd_control_set_request
 .text.usbd_control_xfer_cb
                0x100063a0       0xbc CMakeFiles/mpu6050_i2c.dir/home/adrian/pico/pico-sdk/lib/tinyusb/src/device/usbd_control.c.obj
                0x100063a0                usbd_control_xfer_cb
 .text._prep_out_transaction
                0x1000645c       0x4a CMakeFiles/mpu6050_i2c.dir/home/adrian/pico/pico-sdk/lib/tinyusb/src/class/cdc/cdc_device.c.obj
 *fill*         0x100064a6        0x2 
 .text.tud_cdc_n_connected
                0x100064a8       0x38 CMakeFiles/mpu6050_i2c.dir/home/adrian/pico/pico-sdk/lib/tinyusb/src/class/cdc/cdc_device.c.obj
                0x100064a8                tud_cdc_n_connected
 .text.tud_cdc_n_available
                0x100064e0       0x18 CMakeFiles/mpu6050_i2c.dir/home/adrian/pico/pico-sdk/lib/tinyusb/src/class/cdc/cdc_device.c.obj
                0x100064e0                tud_cdc_n_available
 .text.tud_cdc_n_read
                0x100064f8       0x28 CMakeFiles/mpu6050_i2c.dir/home/adrian/pico/pico-sdk/lib/tinyusb/src/class/cdc/cdc_device.c.obj
                0x100064f8                tud_cdc_n_read
 .text.tud_cdc_n_write_flush
                0x10006520       0xb8 CMakeFiles/mpu6050_i2c.dir/home/adrian/pico/pico-sdk/lib/tinyusb/src/class/cdc/cdc_device.c.obj
                0x10006520                tud_cdc_n_write_flush
 .text.tud_cdc_n_write
                0x100065d8       0x38 CMakeFiles/mpu6050_i2c.dir/home/adrian/pico/pico-sdk/lib/tinyusb/src/class/cdc/cdc_device.c.obj
                0x100065d8                tud_cdc_n_write
 .text.tud_cdc_n_write_available
                0x10006610       0x1c CMakeFiles/mpu6050_i2c.dir/home/adrian/pico/pico-sdk/lib/tinyusb/src/class/cdc/cdc_device.c.obj
                0x10006610                tud_cdc_n_write_available
 .text.cdcd_init
                0x1000662c       0xbc CMakeFiles/mpu6050_i2c.dir/home/adrian/pico/pico-sdk/lib/tinyusb/src/class/cdc/cdc_device.c.obj
                0x1000662c                cdcd_init
 .text.cdcd_reset
                0x100066e8       0x44 CMakeFiles/mpu6050_i2c.dir/home/adrian/pico/pico-sdk/lib/tinyusb/src/class/cdc/cdc_device.c.obj
                0x100066e8                cdcd_reset
 .text.cdcd_open
                0x1000672c       0xc4 CMakeFiles/mpu6050_i2c.dir/home/adrian/pico/pico-sdk/lib/tinyusb/src/class/cdc/cdc_device.c.obj
                0x1000672c                cdcd_open
 .text.cdcd_control_xfer_cb
                0x100067f0      0x134 CMakeFiles/mpu6050_i2c.dir/home/adrian/pico/pico-sdk/lib/tinyusb/src/class/cdc/cdc_device.c.obj
                0x100067f0                cdcd_control_xfer_cb
 .text.cdcd_xfer_cb
                0x10006924      0x130 CMakeFiles/mpu6050_i2c.dir/home/adrian/pico/pico-sdk/lib/tinyusb/src/class/cdc/cdc_device.c.obj
                0x10006924                cdcd_xfer_cb
 .text.tusb_init
                0x10006a54        0xa CMakeFiles/mpu6050_i2c.dir/home/adrian/pico/pico-sdk/lib/tinyusb/src/tusb.c.obj
                0x10006a54                tusb_init
 .text.tusb_inited
                0x10006a5e        0xe CMakeFiles/mpu6050_i2c.dir/home/adrian/pico/pico-sdk/lib/tinyusb/src/tusb.c.obj
                0x10006a5e                tusb_inited
 .text.tu_edpt_claim
                0x10006a6c       0x50 CMakeFiles/mpu6050_i2c.dir/home/adrian/pico/pico-sdk/lib/tinyusb/src/tusb.c.obj
                0x10006a6c                tu_edpt_claim
 .text.tu_edpt_release
                0x10006abc       0x38 CMakeFiles/mpu6050_i2c.dir/home/adrian/pico/pico-sdk/lib/tinyusb/src/tusb.c.obj
                0x10006abc                tu_edpt_release
 .text.tu_edpt_validate
                0x10006af4       0x78 CMakeFiles/mpu6050_i2c.dir/home/adrian/pico/pico-sdk/lib/tinyusb/src/tusb.c.obj
                0x10006af4                tu_edpt_validate
 .text.tu_edpt_bind_driver
                0x10006b6c       0x26 CMakeFiles/mpu6050_i2c.dir/home/adrian/pico/pico-sdk/lib/tinyusb/src/tusb.c.obj
                0x10006b6c                tu_edpt_bind_driver
 .text.advance_index
                0x10006b92       0x1a CMakeFiles/mpu6050_i2c.dir/home/adrian/pico/pico-sdk/lib/tinyusb/src/common/tusb_fifo.c.obj
 .text._tu_fifo_peek
                0x10006bac       0x56 CMakeFiles/mpu6050_i2c.dir/home/adrian/pico/pico-sdk/lib/tinyusb/src/common/tusb_fifo.c.obj
 .text._ff_pull_const_addr
                0x10006c02       0x4c CMakeFiles/mpu6050_i2c.dir/home/adrian/pico/pico-sdk/lib/tinyusb/src/common/tusb_fifo.c.obj
 .text._ff_pull_n
                0x10006c4e      0x110 CMakeFiles/mpu6050_i2c.dir/home/adrian/pico/pico-sdk/lib/tinyusb/src/common/tusb_fifo.c.obj
 .text._tu_fifo_peek_n
                0x10006d5e       0x6a CMakeFiles/mpu6050_i2c.dir/home/adrian/pico/pico-sdk/lib/tinyusb/src/common/tusb_fifo.c.obj
 .text._tu_fifo_read_n
                0x10006dc8       0x4e CMakeFiles/mpu6050_i2c.dir/home/adrian/pico/pico-sdk/lib/tinyusb/src/common/tusb_fifo.c.obj
 .text._ff_push_const_addr
                0x10006e16       0x40 CMakeFiles/mpu6050_i2c.dir/home/adrian/pico/pico-sdk/lib/tinyusb/src/common/tusb_fifo.c.obj
 .text._ff_push_n
                0x10006e56      0x10c CMakeFiles/mpu6050_i2c.dir/home/adrian/pico/pico-sdk/lib/tinyusb/src/common/tusb_fifo.c.obj
 .text._tu_fifo_write_n
                0x10006f62       0xf0 CMakeFiles/mpu6050_i2c.dir/home/adrian/pico/pico-sdk/lib/tinyusb/src/common/tusb_fifo.c.obj
 .text.tu_fifo_config
                0x10007052       0x7c CMakeFiles/mpu6050_i2c.dir/home/adrian/pico/pico-sdk/lib/tinyusb/src/common/tusb_fifo.c.obj
                0x10007052                tu_fifo_config
 .text.tu_fifo_count
                0x100070ce       0x2a CMakeFiles/mpu6050_i2c.dir/home/adrian/pico/pico-sdk/lib/tinyusb/src/common/tusb_fifo.c.obj
                0x100070ce                tu_fifo_count
 .text.tu_fifo_empty
                0x100070f8        0xe CMakeFiles/mpu6050_i2c.dir/home/adrian/pico/pico-sdk/lib/tinyusb/src/common/tusb_fifo.c.obj
                0x100070f8                tu_fifo_empty
 .text.tu_fifo_full
                0x10007106       0x28 CMakeFiles/mpu6050_i2c.dir/home/adrian/pico/pico-sdk/lib/tinyusb/src/common/tusb_fifo.c.obj
                0x10007106                tu_fifo_full
 .text.tu_fifo_remaining
                0x1000712e       0x2c CMakeFiles/mpu6050_i2c.dir/home/adrian/pico/pico-sdk/lib/tinyusb/src/common/tusb_fifo.c.obj
                0x1000712e                tu_fifo_remaining
 .text.tu_fifo_read
                0x1000715a       0x42 CMakeFiles/mpu6050_i2c.dir/home/adrian/pico/pico-sdk/lib/tinyusb/src/common/tusb_fifo.c.obj
                0x1000715a                tu_fifo_read
 .text.tu_fifo_read_n
                0x1000719c        0xa CMakeFiles/mpu6050_i2c.dir/home/adrian/pico/pico-sdk/lib/tinyusb/src/common/tusb_fifo.c.obj
                0x1000719c                tu_fifo_read_n
 .text.tu_fifo_write
                0x100071a6       0x64 CMakeFiles/mpu6050_i2c.dir/home/adrian/pico/pico-sdk/lib/tinyusb/src/common/tusb_fifo.c.obj
                0x100071a6                tu_fifo_write
 .text.tu_fifo_write_n
                0x1000720a        0xa CMakeFiles/mpu6050_i2c.dir/home/adrian/pico/pico-sdk/lib/tinyusb/src/common/tusb_fifo.c.obj
                0x1000720a                tu_fifo_write_n
 .text.tu_fifo_clear
                0x10007214       0x3e CMakeFiles/mpu6050_i2c.dir/home/adrian/pico/pico-sdk/lib/tinyusb/src/common/tusb_fifo.c.obj
                0x10007214                tu_fifo_clear
 .text.tu_fifo_set_overwritable
                0x10007252       0x46 CMakeFiles/mpu6050_i2c.dir/home/adrian/pico/pico-sdk/lib/tinyusb/src/common/tusb_fifo.c.obj
                0x10007252                tu_fifo_set_overwritable
 .text.i2c_write_blocking_internal
                0x10007298      0x146 CMakeFiles/mpu6050_i2c.dir/home/adrian/pico/pico-sdk/src/rp2_common/hardware_i2c/i2c.c.obj
 .text.i2c_read_blocking_internal
                0x100073de       0xe6 CMakeFiles/mpu6050_i2c.dir/home/adrian/pico/pico-sdk/src/rp2_common/hardware_i2c/i2c.c.obj
 .text.i2c_set_baudrate
                0x100074c4       0xf0 CMakeFiles/mpu6050_i2c.dir/home/adrian/pico/pico-sdk/src/rp2_common/hardware_i2c/i2c.c.obj
                0x100074c4                i2c_set_baudrate
 .text.i2c_init
                0x100075b4       0x58 CMakeFiles/mpu6050_i2c.dir/home/adrian/pico/pico-sdk/src/rp2_common/hardware_i2c/i2c.c.obj
                0x100075b4                i2c_init
 .text.i2c_write_blocking
                0x1000760c       0x18 CMakeFiles/mpu6050_i2c.dir/home/adrian/pico/pico-sdk/src/rp2_common/hardware_i2c/i2c.c.obj
                0x1000760c                i2c_write_blocking
 .text.i2c_read_blocking
                0x10007624       0x18 CMakeFiles/mpu6050_i2c.dir/home/adrian/pico/pico-sdk/src/rp2_common/hardware_i2c/i2c.c.obj
                0x10007624                i2c_read_blocking
 .text          0x1000763c       0x5c /usr/lib/gcc/arm-none-eabi/12.2.1/../../../arm-none-eabi/lib/thumb/v6-m/nofp/libg.a(lib_a-strlen-stub.o)
                0x1000763c                strlen
 *(.fini)
 .fini          0x10007698        0x4 /usr/lib/gcc/arm-none-eabi/12.2.1/thumb/v6-m/nofp/crti.o
                0x10007698                _fini
 *fill*         0x1000769c        0x4 
 .fini.__stub   0x100076a0       0xe0 linker stubs
 *crtbegin.o(.ctors)
 *crtbegin?.o(.ctors)
 *(EXCLUDE_FILE(*crtend.o *crtend?.o) .ctors)
 *(SORT_BY_NAME(.ctors.*))
 *(.ctors)
 *crtbegin.o(.dtors)
 *crtbegin?.o(.dtors)
 *(EXCLUDE_FILE(*crtend.o *crtend?.o) .dtors)
 *(SORT_BY_NAME(.dtors.*))
 *(.dtors)
 *(.eh_frame*)
 .eh_frame      0x10007780        0x0 /usr/lib/gcc/arm-none-eabi/12.2.1/thumb/v6-m/nofp/crtbegin.o
                0x10007780                        . = ALIGN (0x4)

.glue_7         0x10007780        0x0
 .glue_7        0x10007780        0x0 linker stubs

.glue_7t        0x10007780        0x0
 .glue_7t       0x10007780        0x0 linker stubs

.vfp11_veneer   0x10007780        0x0
 .vfp11_veneer  0x10007780        0x0 linker stubs

.v4_bx          0x10007780        0x0
 .v4_bx         0x10007780        0x0 linker stubs

.iplt           0x10007780        0x0
 .iplt          0x10007780        0x0 /usr/lib/gcc/arm-none-eabi/12.2.1/thumb/v6-m/nofp/crtbegin.o

.rodata         0x10007780     0x168c
 *(EXCLUDE_FILE(*libm.a: *libc.a:*lib_a-mem*.o *libgcc.a:) .rodata*)
 .rodata.Write_INT_Enable.str1.4
                0x10007780      0xfc5 CMakeFiles/mpu6050_i2c.dir/mpu6050_i2c.c.obj
                                 0x1c (size before relaxing)
 .rodata.Read_INT_Enable.str1.4
                0x10008745       0x25 CMakeFiles/mpu6050_i2c.dir/mpu6050_i2c.c.obj
 .rodata.mostrar_offsets.str1.4
                0x10008745       0x49 CMakeFiles/mpu6050_i2c.dir/mpu6050_i2c.c.obj
 .rodata.pulse_handler.str1.4
                0x10008745       0x31 CMakeFiles/mpu6050_i2c.dir/mpu6050_i2c.c.obj
 .rodata.main.str1.4
                0x10008745       0x33 CMakeFiles/mpu6050_i2c.dir/mpu6050_i2c.c.obj
 *fill*         0x10008745        0x3 
 .rodata.__bi_266.0
                0x10008748        0x8 CMakeFiles/mpu6050_i2c.dir/mpu6050_i2c.c.obj
 .rodata.spin_lock_claim_unused.str1.4
                0x10008750       0x1b CMakeFiles/mpu6050_i2c.dir/home/adrian/pico/pico-sdk/src/rp2_common/hardware_sync/sync.c.obj
 .rodata.resolve_branch.str1.4
                0x10008750       0x55 CMakeFiles/mpu6050_i2c.dir/home/adrian/pico/pico-sdk/src/rp2_common/hardware_irq/irq.c.obj
 .rodata.make_branch.str1.4
                0x10008750       0x30 CMakeFiles/mpu6050_i2c.dir/home/adrian/pico/pico-sdk/src/rp2_common/hardware_irq/irq.c.obj
 .rodata.insert_branch_and_link.str1.4
                0x10008750       0x10 CMakeFiles/mpu6050_i2c.dir/home/adrian/pico/pico-sdk/src/rp2_common/hardware_irq/irq.c.obj
 .rodata.irq_set_exclusive_handler.str1.4
                0x10008750       0x36 CMakeFiles/mpu6050_i2c.dir/home/adrian/pico/pico-sdk/src/rp2_common/hardware_irq/irq.c.obj
 .rodata.irq_add_shared_handler.str1.4
                0x10008750       0xc2 CMakeFiles/mpu6050_i2c.dir/home/adrian/pico/pico-sdk/src/rp2_common/hardware_irq/irq.c.obj
 .rodata.irq_remove_handler.str1.4
                0x10008750       0x3a CMakeFiles/mpu6050_i2c.dir/home/adrian/pico/pico-sdk/src/rp2_common/hardware_irq/irq.c.obj
 .rodata.irq_add_tail_to_free_list.str1.4
                0x10008750       0x3a CMakeFiles/mpu6050_i2c.dir/home/adrian/pico/pico-sdk/src/rp2_common/hardware_irq/irq.c.obj
 .rodata.user_irq_claim_unused.str1.4
                0x10008750       0x1b CMakeFiles/mpu6050_i2c.dir/home/adrian/pico/pico-sdk/src/rp2_common/hardware_irq/irq.c.obj
 .rodata.__func__.0
                0x10008750       0x1a CMakeFiles/mpu6050_i2c.dir/home/adrian/pico/pico-sdk/src/rp2_common/hardware_irq/irq.c.obj
 *fill*         0x1000876a        0x2 
 .rodata.__func__.1
                0x1000876c       0x17 CMakeFiles/mpu6050_i2c.dir/home/adrian/pico/pico-sdk/src/rp2_common/hardware_irq/irq.c.obj
 *fill*         0x10008783        0x1 
 .rodata.__func__.2
                0x10008784       0x13 CMakeFiles/mpu6050_i2c.dir/home/adrian/pico/pico-sdk/src/rp2_common/hardware_irq/irq.c.obj
 *fill*         0x10008797        0x1 
 .rodata.__func__.3
                0x10008798        0xc CMakeFiles/mpu6050_i2c.dir/home/adrian/pico/pico-sdk/src/rp2_common/hardware_irq/irq.c.obj
 .rodata.__func__.4
                0x100087a4        0xf CMakeFiles/mpu6050_i2c.dir/home/adrian/pico/pico-sdk/src/rp2_common/hardware_irq/irq.c.obj
 *fill*         0x100087b3        0x1 
 .rodata.__func__.5
                0x100087b4       0x17 CMakeFiles/mpu6050_i2c.dir/home/adrian/pico/pico-sdk/src/rp2_common/hardware_irq/irq.c.obj
 *fill*         0x100087cb        0x1 
 .rodata.__func__.6
                0x100087cc       0x1a CMakeFiles/mpu6050_i2c.dir/home/adrian/pico/pico-sdk/src/rp2_common/hardware_irq/irq.c.obj
 .rodata.update_us_since_boot.str1.4
                0x100087e6       0x61 CMakeFiles/mpu6050_i2c.dir/home/adrian/pico/pico-sdk/src/common/pico_sync/mutex.c.obj
 .rodata.str1.4
                0x100087e6       0x89 CMakeFiles/mpu6050_i2c.dir/home/adrian/pico/pico-sdk/src/common/pico_sync/mutex.c.obj
 *fill*         0x100087e6        0x2 
 .rodata.__func__.1
                0x100087e8        0xb CMakeFiles/mpu6050_i2c.dir/home/adrian/pico/pico-sdk/src/common/pico_sync/mutex.c.obj
 *fill*         0x100087f3        0x1 
 .rodata.__func__.3
                0x100087f4       0x18 CMakeFiles/mpu6050_i2c.dir/home/adrian/pico/pico-sdk/src/common/pico_sync/mutex.c.obj
 .rodata.__func__.4
                0x1000880c       0x15 CMakeFiles/mpu6050_i2c.dir/home/adrian/pico/pico-sdk/src/common/pico_sync/mutex.c.obj
 .rodata.get_entry.str1.4
                0x10008821       0x5b CMakeFiles/mpu6050_i2c.dir/home/adrian/pico/pico-sdk/src/common/pico_time/time.c.obj
 .rodata.update_us_since_boot.str1.4
                0x10008821       0x61 CMakeFiles/mpu6050_i2c.dir/home/adrian/pico/pico-sdk/src/common/pico_time/time.c.obj
 .rodata.ph_get_node.str1.4
                0x10008821       0x66 CMakeFiles/mpu6050_i2c.dir/home/adrian/pico/pico-sdk/src/common/pico_time/time.c.obj
 .rodata.ph_add_child_node.str1.4
                0x10008821       0x2e CMakeFiles/mpu6050_i2c.dir/home/adrian/pico/pico-sdk/src/common/pico_time/time.c.obj
 .rodata.ph_insert_node.str1.4
                0x10008821        0x3 CMakeFiles/mpu6050_i2c.dir/home/adrian/pico/pico-sdk/src/common/pico_time/time.c.obj
 .rodata.ph_free_node.str1.4
                0x10008821       0x38 CMakeFiles/mpu6050_i2c.dir/home/adrian/pico/pico-sdk/src/common/pico_time/time.c.obj
 .rodata.add_alarm_under_lock.str1.4
                0x10008821       0x28 CMakeFiles/mpu6050_i2c.dir/home/adrian/pico/pico-sdk/src/common/pico_time/time.c.obj
 .rodata.alarm_pool_alarm_callback.str1.4
                0x10008821       0x60 CMakeFiles/mpu6050_i2c.dir/home/adrian/pico/pico-sdk/src/common/pico_time/time.c.obj
 .rodata.alarm_pool_get_default.str1.4
                0x10008821       0x21 CMakeFiles/mpu6050_i2c.dir/home/adrian/pico/pico-sdk/src/common/pico_time/time.c.obj
 .rodata.alarm_pool_cancel_alarm.str1.4
                0x10008821       0x27 CMakeFiles/mpu6050_i2c.dir/home/adrian/pico/pico-sdk/src/common/pico_time/time.c.obj
 .rodata.sleep_until.str1.4
                0x10008821       0x4d CMakeFiles/mpu6050_i2c.dir/home/adrian/pico/pico-sdk/src/common/pico_time/time.c.obj
 *fill*         0x10008821        0x3 
 .rodata.__func__.1
                0x10008824       0x18 CMakeFiles/mpu6050_i2c.dir/home/adrian/pico/pico-sdk/src/common/pico_time/time.c.obj
 .rodata.__func__.3
                0x1000883c       0x17 CMakeFiles/mpu6050_i2c.dir/home/adrian/pico/pico-sdk/src/common/pico_time/time.c.obj
 *fill*         0x10008853        0x1 
 .rodata.__func__.4
                0x10008854       0x12 CMakeFiles/mpu6050_i2c.dir/home/adrian/pico/pico-sdk/src/common/pico_time/time.c.obj
 *fill*         0x10008866        0x2 
 .rodata.__func__.5
                0x10008868        0xd CMakeFiles/mpu6050_i2c.dir/home/adrian/pico/pico-sdk/src/common/pico_time/time.c.obj
 *fill*         0x10008875        0x3 
 .rodata.__func__.6
                0x10008878       0x12 CMakeFiles/mpu6050_i2c.dir/home/adrian/pico/pico-sdk/src/common/pico_time/time.c.obj
 *fill*         0x1000888a        0x2 
 .rodata.__func__.7
                0x1000888c        0xf CMakeFiles/mpu6050_i2c.dir/home/adrian/pico/pico-sdk/src/common/pico_time/time.c.obj
 *fill*         0x1000889b        0x1 
 .rodata.__func__.8
                0x1000889c        0xc CMakeFiles/mpu6050_i2c.dir/home/adrian/pico/pico-sdk/src/common/pico_time/time.c.obj
 .rodata.__func__.9
                0x100088a8       0x15 CMakeFiles/mpu6050_i2c.dir/home/adrian/pico/pico-sdk/src/common/pico_time/time.c.obj
 *fill*         0x100088bd        0x3 
 .rodata.__func__.10
                0x100088c0       0x15 CMakeFiles/mpu6050_i2c.dir/home/adrian/pico/pico-sdk/src/common/pico_time/time.c.obj
 *fill*         0x100088d5        0x3 
 .rodata.__func__.11
                0x100088d8       0x1a CMakeFiles/mpu6050_i2c.dir/home/adrian/pico/pico-sdk/src/common/pico_time/time.c.obj
 *fill*         0x100088f2        0x2 
 .rodata.__func__.12
                0x100088f4        0xa CMakeFiles/mpu6050_i2c.dir/home/adrian/pico/pico-sdk/src/common/pico_time/time.c.obj
 .rodata.hardware_alarm_claim.str1.4
                0x100088fe       0x22 CMakeFiles/mpu6050_i2c.dir/home/adrian/pico/pico-sdk/src/rp2_common/hardware_timer/timer.c.obj
 .rodata.hardware_alarm_set_target.str1.4
                0x100088fe       0x65 CMakeFiles/mpu6050_i2c.dir/home/adrian/pico/pico-sdk/src/rp2_common/hardware_timer/timer.c.obj
 *fill*         0x100088fe        0x2 
 .rodata.__func__.0
                0x10008900       0x1a CMakeFiles/mpu6050_i2c.dir/home/adrian/pico/pico-sdk/src/rp2_common/hardware_timer/timer.c.obj
 .rodata.ph_get_node.str1.4
                0x1000891a       0x66 CMakeFiles/mpu6050_i2c.dir/home/adrian/pico/pico-sdk/src/common/pico_util/pheap.c.obj
 .rodata.ph_add_child_node.str1.4
                0x1000891a       0x2e CMakeFiles/mpu6050_i2c.dir/home/adrian/pico/pico-sdk/src/common/pico_util/pheap.c.obj
 .rodata.ph_remove_any_head.str1.4
                0x1000891a       0xa0 CMakeFiles/mpu6050_i2c.dir/home/adrian/pico/pico-sdk/src/common/pico_util/pheap.c.obj
 .rodata.ph_remove_and_free_node.str1.4
                0x1000891a       0x26 CMakeFiles/mpu6050_i2c.dir/home/adrian/pico/pico-sdk/src/common/pico_util/pheap.c.obj
 *fill*         0x1000891a        0x2 
 .rodata.__func__.0
                0x1000891c       0x18 CMakeFiles/mpu6050_i2c.dir/home/adrian/pico/pico-sdk/src/common/pico_util/pheap.c.obj
 .rodata.__func__.1
                0x10008934       0x13 CMakeFiles/mpu6050_i2c.dir/home/adrian/pico/pico-sdk/src/common/pico_util/pheap.c.obj
 *fill*         0x10008947        0x1 
 .rodata.__func__.2
                0x10008948       0x12 CMakeFiles/mpu6050_i2c.dir/home/adrian/pico/pico-sdk/src/common/pico_util/pheap.c.obj
 *fill*         0x1000895a        0x2 
 .rodata.__func__.3
                0x1000895c        0xc CMakeFiles/mpu6050_i2c.dir/home/adrian/pico/pico-sdk/src/common/pico_util/pheap.c.obj
 .rodata.clock_configure.str1.4
                0x10008968       0x57 CMakeFiles/mpu6050_i2c.dir/home/adrian/pico/pico-sdk/src/rp2_common/hardware_clocks/clocks.c.obj
 .rodata.__func__.1
                0x10008968       0x10 CMakeFiles/mpu6050_i2c.dir/home/adrian/pico/pico-sdk/src/rp2_common/hardware_clocks/clocks.c.obj
 .rodata.pll_init.str1.4
                0x10008978      0x124 CMakeFiles/mpu6050_i2c.dir/home/adrian/pico/pico-sdk/src/rp2_common/hardware_pll/pll.c.obj
 .rodata.__func__.0
                0x10008978        0x9 CMakeFiles/mpu6050_i2c.dir/home/adrian/pico/pico-sdk/src/rp2_common/hardware_pll/pll.c.obj
 .rodata.__assert_func.str1.4
                0x10008981       0x43 CMakeFiles/mpu6050_i2c.dir/home/adrian/pico/pico-sdk/src/rp2_common/pico_runtime/runtime.c.obj
 .rodata.runtime_init.str1.4
                0x10008981       0x61 CMakeFiles/mpu6050_i2c.dir/home/adrian/pico/pico-sdk/src/rp2_common/pico_runtime/runtime.c.obj
 .rodata.panic.str1.4
                0x10008981       0x12 CMakeFiles/mpu6050_i2c.dir/home/adrian/pico/pico-sdk/src/rp2_common/pico_runtime/runtime.c.obj
 *fill*         0x10008981        0x3 
 .rodata.__func__.2
                0x10008984        0xd CMakeFiles/mpu6050_i2c.dir/home/adrian/pico/pico-sdk/src/rp2_common/pico_runtime/runtime.c.obj
 .rodata._ftoa.str1.4
                0x10008991       0x15 CMakeFiles/mpu6050_i2c.dir/home/adrian/pico/pico-sdk/src/rp2_common/pico_printf/printf.c.obj
 *fill*         0x10008991        0x3 
 .rodata._vsnprintf
                0x10008994      0x19c CMakeFiles/mpu6050_i2c.dir/home/adrian/pico/pico-sdk/src/rp2_common/pico_printf/printf.c.obj
 .rodata.pow10.0
                0x10008b30       0x50 CMakeFiles/mpu6050_i2c.dir/home/adrian/pico/pico-sdk/src/rp2_common/pico_printf/printf.c.obj
 .rodata.missing_double_func_shim.str1.4
                0x10008b80       0x18 CMakeFiles/mpu6050_i2c.dir/home/adrian/pico/pico-sdk/src/rp2_common/pico_double/double_init_rom.c.obj
 .rodata.__aeabi_double_init.str1.4
                0x10008b80       0x9c CMakeFiles/mpu6050_i2c.dir/home/adrian/pico/pico-sdk/src/rp2_common/pico_double/double_init_rom.c.obj
 .rodata.__func__.0
                0x10008b80       0x14 CMakeFiles/mpu6050_i2c.dir/home/adrian/pico/pico-sdk/src/rp2_common/pico_double/double_init_rom.c.obj
 .rodata.missing_float_func_shim.str1.4
                0x10008b94        0x1 CMakeFiles/mpu6050_i2c.dir/home/adrian/pico/pico-sdk/src/rp2_common/pico_float/float_init_rom.c.obj
 .rodata.__aeabi_float_init.str1.4
                0x10008b94       0x7a CMakeFiles/mpu6050_i2c.dir/home/adrian/pico/pico-sdk/src/rp2_common/pico_float/float_init_rom.c.obj
 .rodata.__func__.0
                0x10008b94       0x13 CMakeFiles/mpu6050_i2c.dir/home/adrian/pico/pico-sdk/src/rp2_common/pico_float/float_init_rom.c.obj
 .rodata.str1.4
                0x10008ba7       0x40 CMakeFiles/mpu6050_i2c.dir/home/adrian/pico/pico-sdk/src/rp2_common/pico_standard_link/binary_info.c.obj
 *fill*         0x10008ba7        0x1 
 .rodata.__bi_81
                0x10008ba8        0xc CMakeFiles/mpu6050_i2c.dir/home/adrian/pico/pico-sdk/src/rp2_common/pico_standard_link/binary_info.c.obj
 .rodata.__bi_75
                0x10008bb4        0xc CMakeFiles/mpu6050_i2c.dir/home/adrian/pico/pico-sdk/src/rp2_common/pico_standard_link/binary_info.c.obj
 .rodata.__bi_44
                0x10008bc0        0xc CMakeFiles/mpu6050_i2c.dir/home/adrian/pico/pico-sdk/src/rp2_common/pico_standard_link/binary_info.c.obj
 .rodata.update_us_since_boot.str1.4
                0x10008bcc       0x61 CMakeFiles/mpu6050_i2c.dir/home/adrian/pico/pico-sdk/src/rp2_common/pico_stdio/stdio.c.obj
 .rodata.crlf_str.2
                0x10008bcc        0x2 CMakeFiles/mpu6050_i2c.dir/home/adrian/pico/pico-sdk/src/rp2_common/pico_stdio/stdio.c.obj
 *fill*         0x10008bce        0x2 
 .rodata.__func__.3
                0x10008bd0       0x15 CMakeFiles/mpu6050_i2c.dir/home/adrian/pico/pico-sdk/src/rp2_common/pico_stdio/stdio.c.obj
 *fill*         0x10008be5        0x3 
 .rodata._resetd_driver
                0x10008be8       0x18 CMakeFiles/mpu6050_i2c.dir/home/adrian/pico/pico-sdk/src/rp2_common/pico_stdio_usb/reset_interface.c.obj
 .rodata.update_us_since_boot.str1.4
                0x10008c00       0x61 CMakeFiles/mpu6050_i2c.dir/home/adrian/pico/pico-sdk/src/rp2_common/pico_stdio_usb/stdio_usb.c.obj
 .rodata.stdio_usb_init.str1.4
                0x10008c00       0x4d CMakeFiles/mpu6050_i2c.dir/home/adrian/pico/pico-sdk/src/rp2_common/pico_stdio_usb/stdio_usb.c.obj
 .rodata.str1.4
                0x10008c00       0x13 CMakeFiles/mpu6050_i2c.dir/home/adrian/pico/pico-sdk/src/rp2_common/pico_stdio_usb/stdio_usb.c.obj
 .rodata.__bi_182.0
                0x10008c00        0xc CMakeFiles/mpu6050_i2c.dir/home/adrian/pico/pico-sdk/src/rp2_common/pico_stdio_usb/stdio_usb.c.obj
 .rodata.__func__.1
                0x10008c0c        0xf CMakeFiles/mpu6050_i2c.dir/home/adrian/pico/pico-sdk/src/rp2_common/pico_stdio_usb/stdio_usb.c.obj
 *fill*         0x10008c1b        0x1 
 .rodata.__func__.3
                0x10008c1c       0x15 CMakeFiles/mpu6050_i2c.dir/home/adrian/pico/pico-sdk/src/rp2_common/pico_stdio_usb/stdio_usb.c.obj
 .rodata.str1.4
                0x10008c31       0x2a CMakeFiles/mpu6050_i2c.dir/home/adrian/pico/pico-sdk/src/rp2_common/pico_stdio_usb/stdio_usb_descriptors.c.obj
 *fill*         0x10008c31        0x3 
 .rodata.usbd_desc_str
                0x10008c34       0x18 CMakeFiles/mpu6050_i2c.dir/home/adrian/pico/pico-sdk/src/rp2_common/pico_stdio_usb/stdio_usb_descriptors.c.obj
 .rodata.usbd_desc_cfg
                0x10008c4c       0x54 CMakeFiles/mpu6050_i2c.dir/home/adrian/pico/pico-sdk/src/rp2_common/pico_stdio_usb/stdio_usb_descriptors.c.obj
 .rodata.usbd_desc_device
                0x10008ca0       0x12 CMakeFiles/mpu6050_i2c.dir/home/adrian/pico/pico-sdk/src/rp2_common/pico_stdio_usb/stdio_usb_descriptors.c.obj
 .rodata.pico_get_unique_board_id_string.str1.4
                0x10008cb2       0x4d CMakeFiles/mpu6050_i2c.dir/home/adrian/pico/pico-sdk/src/rp2_common/pico_unique_id/unique_id.c.obj
 *fill*         0x10008cb2        0x2 
 .rodata.__func__.0
                0x10008cb4       0x20 CMakeFiles/mpu6050_i2c.dir/home/adrian/pico/pico-sdk/src/rp2_common/pico_unique_id/unique_id.c.obj
 .rodata.str1.4
                0x10008cd4      0x15a CMakeFiles/mpu6050_i2c.dir/home/adrian/pico/pico-sdk/src/rp2_common/hardware_flash/flash.c.obj
 .rodata.__func__.0
                0x10008cd4        0xd CMakeFiles/mpu6050_i2c.dir/home/adrian/pico/pico-sdk/src/rp2_common/hardware_flash/flash.c.obj
 .rodata._hw_endpoint_alloc.str1.4
                0x10008ce1       0xb5 CMakeFiles/mpu6050_i2c.dir/home/adrian/pico/pico-sdk/lib/tinyusb/src/portable/raspberrypi/rp2040/dcd_rp2040.c.obj
 .rodata.str1.4
                0x10008ce1       0x14 CMakeFiles/mpu6050_i2c.dir/home/adrian/pico/pico-sdk/lib/tinyusb/src/portable/raspberrypi/rp2040/dcd_rp2040.c.obj
 .rodata.dcd_int_enable.str1.4
                0x10008ce1        0xc CMakeFiles/mpu6050_i2c.dir/home/adrian/pico/pico-sdk/lib/tinyusb/src/portable/raspberrypi/rp2040/dcd_rp2040.c.obj
 *fill*         0x10008ce1        0x3 
 .rodata.__func__.0
                0x10008ce4        0xe CMakeFiles/mpu6050_i2c.dir/home/adrian/pico/pico-sdk/lib/tinyusb/src/portable/raspberrypi/rp2040/dcd_rp2040.c.obj
 *fill*         0x10008cf2        0x2 
 .rodata.__func__.1
                0x10008cf4        0xe CMakeFiles/mpu6050_i2c.dir/home/adrian/pico/pico-sdk/lib/tinyusb/src/portable/raspberrypi/rp2040/dcd_rp2040.c.obj
 *fill*         0x10008d02        0x2 
 .rodata.__func__.3
                0x10008d04       0x10 CMakeFiles/mpu6050_i2c.dir/home/adrian/pico/pico-sdk/lib/tinyusb/src/portable/raspberrypi/rp2040/dcd_rp2040.c.obj
 .rodata.__func__.5
                0x10008d14        0xf CMakeFiles/mpu6050_i2c.dir/home/adrian/pico/pico-sdk/lib/tinyusb/src/portable/raspberrypi/rp2040/dcd_rp2040.c.obj
 *fill*         0x10008d23        0x1 
 .rodata.__func__.6
                0x10008d24       0x13 CMakeFiles/mpu6050_i2c.dir/home/adrian/pico/pico-sdk/lib/tinyusb/src/portable/raspberrypi/rp2040/dcd_rp2040.c.obj
 *fill*         0x10008d37        0x1 
 .rodata.__func__.7
                0x10008d38        0x9 CMakeFiles/mpu6050_i2c.dir/home/adrian/pico/pico-sdk/lib/tinyusb/src/portable/raspberrypi/rp2040/dcd_rp2040.c.obj
 .rodata.str1.4
                0x10008d41       0xe7 CMakeFiles/mpu6050_i2c.dir/home/adrian/pico/pico-sdk/lib/tinyusb/src/portable/raspberrypi/rp2040/rp2040_usb.c.obj
 *fill*         0x10008d41        0x3 
 .rodata.__func__.0
                0x10008d44        0xf CMakeFiles/mpu6050_i2c.dir/home/adrian/pico/pico-sdk/lib/tinyusb/src/portable/raspberrypi/rp2040/rp2040_usb.c.obj
 *fill*         0x10008d53        0x1 
 .rodata.process_get_descriptor
                0x10008d54       0x40 CMakeFiles/mpu6050_i2c.dir/home/adrian/pico/pico-sdk/lib/tinyusb/src/device/usbd.c.obj
 .rodata.process_control_request
                0x10008d94       0x28 CMakeFiles/mpu6050_i2c.dir/home/adrian/pico/pico-sdk/lib/tinyusb/src/device/usbd.c.obj
 .rodata.tud_task_ext
                0x10008dbc       0x24 CMakeFiles/mpu6050_i2c.dir/home/adrian/pico/pico-sdk/lib/tinyusb/src/device/usbd.c.obj
 .rodata._usbd_driver
                0x10008de0       0x18 CMakeFiles/mpu6050_i2c.dir/home/adrian/pico/pico-sdk/lib/tinyusb/src/device/usbd.c.obj
 .rodata.i2c_set_baudrate.str1.4
                0x10008df8       0x5d CMakeFiles/mpu6050_i2c.dir/home/adrian/pico/pico-sdk/src/rp2_common/hardware_i2c/i2c.c.obj
 .rodata.__func__.0
                0x10008df8       0x11 CMakeFiles/mpu6050_i2c.dir/home/adrian/pico/pico-sdk/src/rp2_common/hardware_i2c/i2c.c.obj
                0x10008e58                        . = ALIGN (0x4)
 *fill*         0x10008e09        0x3 
 *(SORT_BY_ALIGNMENT(SORT_BY_NAME(.flashdata*)))
                0x10008e0c                        . = ALIGN (0x4)

.ARM.extab
 *(.ARM.extab* .gnu.linkonce.armextab.*)
                0x10008e0c                        __exidx_start = .

.ARM.exidx
 *(.ARM.exidx* .gnu.linkonce.armexidx.*)
                0x10008e0c                        __exidx_end = .
                0x10008e0c                        . = ALIGN (0x4)
                0x10008e0c                        __binary_info_start = .

.binary_info    0x10008e0c       0x24
 *(.binary_info.keep.*)
 .binary_info.keep.__bi_ptr266
                0x10008e0c        0x4 CMakeFiles/mpu6050_i2c.dir/mpu6050_i2c.c.obj
 .binary_info.keep.__bi_ptr81
                0x10008e10        0x4 CMakeFiles/mpu6050_i2c.dir/home/adrian/pico/pico-sdk/src/rp2_common/pico_standard_link/binary_info.c.obj
 .binary_info.keep.__bi_ptr75
                0x10008e14        0x4 CMakeFiles/mpu6050_i2c.dir/home/adrian/pico/pico-sdk/src/rp2_common/pico_standard_link/binary_info.c.obj
 .binary_info.keep.__bi_ptr50
                0x10008e18        0x4 CMakeFiles/mpu6050_i2c.dir/home/adrian/pico/pico-sdk/src/rp2_common/pico_standard_link/binary_info.c.obj
 .binary_info.keep.__bi_ptr44
                0x10008e1c        0x4 CMakeFiles/mpu6050_i2c.dir/home/adrian/pico/pico-sdk/src/rp2_common/pico_standard_link/binary_info.c.obj
 .binary_info.keep.__bi_ptr38
                0x10008e20        0x4 CMakeFiles/mpu6050_i2c.dir/home/adrian/pico/pico-sdk/src/rp2_common/pico_standard_link/binary_info.c.obj
 .binary_info.keep.__bi_ptr30
                0x10008e24        0x4 CMakeFiles/mpu6050_i2c.dir/home/adrian/pico/pico-sdk/src/rp2_common/pico_standard_link/binary_info.c.obj
 .binary_info.keep.__bi_ptr22
                0x10008e28        0x4 CMakeFiles/mpu6050_i2c.dir/home/adrian/pico/pico-sdk/src/rp2_common/pico_standard_link/binary_info.c.obj
 *(.binary_info.*)
 .binary_info.__bi_ptr182
                0x10008e2c        0x4 CMakeFiles/mpu6050_i2c.dir/home/adrian/pico/pico-sdk/src/rp2_common/pico_stdio_usb/stdio_usb.c.obj
                0x10008e30                        __binary_info_end = .

.rel.dyn        0x10008e30        0x0
 .rel.iplt      0x10008e30        0x0 /usr/lib/gcc/arm-none-eabi/12.2.1/thumb/v6-m/nofp/crtbegin.o
                0x10008e30                        . = ALIGN (0x4)

.ram_vector_table
                0x20000000       0xc0
 *(.ram_vector_table)
 .ram_vector_table
                0x20000000       0xc0 CMakeFiles/mpu6050_i2c.dir/home/adrian/pico/pico-sdk/src/rp2_common/pico_runtime/runtime.c.obj
                0x20000000                ram_vector_table

.data           0x200000c0      0xb38 load address 0x10008e30
                0x200000c0                        __data_start__ = .
 *(vtable)
 *(.time_critical*)
 .time_critical.mutex_try_enter
                0x200000c0       0x46 CMakeFiles/mpu6050_i2c.dir/home/adrian/pico/pico-sdk/src/common/pico_sync/mutex.c.obj
                0x200000c0                mutex_try_enter
 *fill*         0x20000106        0x2 
 .time_critical.mutex_enter_block_until
                0x20000108       0x8c CMakeFiles/mpu6050_i2c.dir/home/adrian/pico/pico-sdk/src/common/pico_sync/mutex.c.obj
                0x20000108                mutex_enter_block_until
 .time_critical.mutex_try_enter_block_until
                0x20000194       0x34 CMakeFiles/mpu6050_i2c.dir/home/adrian/pico/pico-sdk/src/common/pico_sync/mutex.c.obj
                0x20000194                mutex_try_enter_block_until
 .time_critical.mutex_enter_timeout_ms
                0x200001c8       0x1a CMakeFiles/mpu6050_i2c.dir/home/adrian/pico/pico-sdk/src/common/pico_sync/mutex.c.obj
                0x200001c8                mutex_enter_timeout_ms
 *fill*         0x200001e2        0x2 
 .time_critical.mutex_exit
                0x200001e4       0x4c CMakeFiles/mpu6050_i2c.dir/home/adrian/pico/pico-sdk/src/common/pico_sync/mutex.c.obj
                0x200001e4                mutex_exit
 .time_critical.flash_init_boot2_copyout
                0x20000230       0x30 CMakeFiles/mpu6050_i2c.dir/home/adrian/pico/pico-sdk/src/rp2_common/hardware_flash/flash.c.obj
 .time_critical.flash_enable_xip_via_boot2
                0x20000260        0xc CMakeFiles/mpu6050_i2c.dir/home/adrian/pico/pico-sdk/src/rp2_common/hardware_flash/flash.c.obj
 .time_critical.flash_cs_force
                0x2000026c       0x28 CMakeFiles/mpu6050_i2c.dir/home/adrian/pico/pico-sdk/src/rp2_common/hardware_flash/flash.c.obj
 .time_critical.flash_do_cmd
                0x20000294       0xd8 CMakeFiles/mpu6050_i2c.dir/home/adrian/pico/pico-sdk/src/rp2_common/hardware_flash/flash.c.obj
                0x20000294                flash_do_cmd
 .time_critical.reset_non_control_endpoints
                0x2000036c       0x40 CMakeFiles/mpu6050_i2c.dir/home/adrian/pico/pico-sdk/lib/tinyusb/src/portable/raspberrypi/rp2040/dcd_rp2040.c.obj
 .time_critical.hw_handle_buff_status
                0x200003ac       0xa4 CMakeFiles/mpu6050_i2c.dir/home/adrian/pico/pico-sdk/lib/tinyusb/src/portable/raspberrypi/rp2040/dcd_rp2040.c.obj
 .time_critical.dcd_rp2040_irq
                0x20000450      0x1b8 CMakeFiles/mpu6050_i2c.dir/home/adrian/pico/pico-sdk/lib/tinyusb/src/portable/raspberrypi/rp2040/dcd_rp2040.c.obj
 .time_critical.e15_is_bulkin_ep
                0x20000608       0x2c CMakeFiles/mpu6050_i2c.dir/home/adrian/pico/pico-sdk/lib/tinyusb/src/portable/raspberrypi/rp2040/rp2040_usb.c.obj
 .time_critical.e15_is_critical_frame_period
                0x20000634       0x30 CMakeFiles/mpu6050_i2c.dir/home/adrian/pico/pico-sdk/lib/tinyusb/src/portable/raspberrypi/rp2040/rp2040_usb.c.obj
 .time_critical.prepare_ep_buffer
                0x20000664       0x6c CMakeFiles/mpu6050_i2c.dir/home/adrian/pico/pico-sdk/lib/tinyusb/src/portable/raspberrypi/rp2040/rp2040_usb.c.obj
 .time_critical.sync_ep_buffer
                0x200006d0       0x7c CMakeFiles/mpu6050_i2c.dir/home/adrian/pico/pico-sdk/lib/tinyusb/src/portable/raspberrypi/rp2040/rp2040_usb.c.obj
 .time_critical._hw_endpoint_xfer_sync
                0x2000074c       0x28 CMakeFiles/mpu6050_i2c.dir/home/adrian/pico/pico-sdk/lib/tinyusb/src/portable/raspberrypi/rp2040/rp2040_usb.c.obj
 .time_critical.hw_endpoint_reset_transfer
                0x20000774        0xc CMakeFiles/mpu6050_i2c.dir/home/adrian/pico/pico-sdk/lib/tinyusb/src/portable/raspberrypi/rp2040/rp2040_usb.c.obj
                0x20000774                hw_endpoint_reset_transfer
 .time_critical._hw_endpoint_buffer_control_update32
                0x20000780       0x58 CMakeFiles/mpu6050_i2c.dir/home/adrian/pico/pico-sdk/lib/tinyusb/src/portable/raspberrypi/rp2040/rp2040_usb.c.obj
                0x20000780                _hw_endpoint_buffer_control_update32
 .time_critical.hw_endpoint_start_next_buffer
                0x200007d8       0x7c CMakeFiles/mpu6050_i2c.dir/home/adrian/pico/pico-sdk/lib/tinyusb/src/portable/raspberrypi/rp2040/rp2040_usb.c.obj
                0x200007d8                hw_endpoint_start_next_buffer
 .time_critical.hw_endpoint_xfer_continue
                0x20000854       0x50 CMakeFiles/mpu6050_i2c.dir/home/adrian/pico/pico-sdk/lib/tinyusb/src/portable/raspberrypi/rp2040/rp2040_usb.c.obj
                0x20000854                hw_endpoint_xfer_continue
 .time_critical.tinyusb
                0x200008a4      0x1ac CMakeFiles/mpu6050_i2c.dir/home/adrian/pico/pico-sdk/lib/tinyusb/src/device/usbd.c.obj
                0x200008a4                dcd_event_handler
 *(.text*)
 .text          0x20000a50        0x4 /usr/lib/gcc/arm-none-eabi/12.2.1/thumb/v6-m/nofp/libgcc.a(_dvmd_tls.o)
                0x20000a50                __aeabi_ldiv0
                0x20000a50                __aeabi_idiv0
 *fill*         0x20000a54        0x4 
 .text.__stub   0x20000a58       0xa0 linker stubs
                0x20000af8                        . = ALIGN (0x4)
 *(.rodata*)
                0x20000af8                        . = ALIGN (0x4)
 *(.data*)
 .data.striped_spin_lock_num
                0x20000af8        0x1 CMakeFiles/mpu6050_i2c.dir/home/adrian/pico/pico-sdk/src/rp2_common/hardware_sync/sync.c.obj
 *fill*         0x20000af9        0x3 
 .data          0x20000afc       0x48 CMakeFiles/mpu6050_i2c.dir/home/adrian/pico/pico-sdk/src/rp2_common/hardware_irq/irq_handler_chain.S.obj
                0x20000afc                irq_handler_chain_slots
                0x20000b2c                irq_handler_chain_first_slot
                0x20000b36                irq_handler_chain_remove_tail
 .data.default_alarm_pool
                0x20000b44       0x18 CMakeFiles/mpu6050_i2c.dir/home/adrian/pico/pico-sdk/src/common/pico_time/time.c.obj
 .data.default_alarm_pool_heap
                0x20000b5c       0x10 CMakeFiles/mpu6050_i2c.dir/home/adrian/pico/pico-sdk/src/common/pico_time/time.c.obj
 *fill*         0x20000b6c        0x4 
 .data.aeabi_bits_funcs
                0x20000b70       0x10 CMakeFiles/mpu6050_i2c.dir/home/adrian/pico/pico-sdk/src/rp2_common/pico_bit_ops/bit_ops_aeabi.S.obj
                0x20000b70                aeabi_bits_funcs
                0x20000b80                aeabi_bits_funcs_end
 .data.aeabi_mem_funcs
                0x20000b80       0x10 CMakeFiles/mpu6050_i2c.dir/home/adrian/pico/pico-sdk/src/rp2_common/pico_mem_ops/mem_ops_aeabi.S.obj
                0x20000b80                aeabi_mem_funcs
                0x20000b90                aeabi_mem_funcs_end
 .data.stdio_usb
                0x20000b90       0x18 CMakeFiles/mpu6050_i2c.dir/home/adrian/pico/pico-sdk/src/rp2_common/pico_stdio_usb/stdio_usb.c.obj
                0x20000b90                stdio_usb
 .data.ep_dir_string
                0x20000ba8        0x8 CMakeFiles/mpu6050_i2c.dir/home/adrian/pico/pico-sdk/lib/tinyusb/src/portable/raspberrypi/rp2040/rp2040_usb.c.obj
                0x20000ba8                ep_dir_string
 .data._usbd_qdef
                0x20000bb0       0x1c CMakeFiles/mpu6050_i2c.dir/home/adrian/pico/pico-sdk/lib/tinyusb/src/device/usbd.c.obj
                0x20000bb0                _usbd_qdef
 .data._usbd_rhport
                0x20000bcc        0x1 CMakeFiles/mpu6050_i2c.dir/home/adrian/pico/pico-sdk/lib/tinyusb/src/device/usbd.c.obj
 *fill*         0x20000bcd        0x3 
 .data.i2c0_inst